Archive member included to satisfy reference by file (symbol)

C:\Users\kinzl\STM32Cube\Repository\STM32Cube_FW_F1_V1.8.6\Drivers\CMSIS\Lib\GCC\libarm_cortexM3l_math.a(arm_rfft_fast_init_f32.o)
                              ./Core/Src/main.o (arm_rfft_fast_init_f32)
C:\Users\kinzl\STM32Cube\Repository\STM32Cube_FW_F1_V1.8.6\Drivers\CMSIS\Lib\GCC\libarm_cortexM3l_math.a(arm_rfft_fast_f32.o)
                              ./Core/Src/main.o (arm_rfft_fast_f32)
C:\Users\kinzl\STM32Cube\Repository\STM32Cube_FW_F1_V1.8.6\Drivers\CMSIS\Lib\GCC\libarm_cortexM3l_math.a(arm_cfft_f32.o)
                              C:\Users\kinzl\STM32Cube\Repository\STM32Cube_FW_F1_V1.8.6\Drivers\CMSIS\Lib\GCC\libarm_cortexM3l_math.a(arm_rfft_fast_f32.o) (arm_cfft_f32)
C:\Users\kinzl\STM32Cube\Repository\STM32Cube_FW_F1_V1.8.6\Drivers\CMSIS\Lib\GCC\libarm_cortexM3l_math.a(arm_cos_f32.o)
                              ./Core/Src/main.o (arm_cos_f32)
C:\Users\kinzl\STM32Cube\Repository\STM32Cube_FW_F1_V1.8.6\Drivers\CMSIS\Lib\GCC\libarm_cortexM3l_math.a(arm_common_tables.o)
                              C:\Users\kinzl\STM32Cube\Repository\STM32Cube_FW_F1_V1.8.6\Drivers\CMSIS\Lib\GCC\libarm_cortexM3l_math.a(arm_cos_f32.o) (sinTable_f32)
C:\Users\kinzl\STM32Cube\Repository\STM32Cube_FW_F1_V1.8.6\Drivers\CMSIS\Lib\GCC\libarm_cortexM3l_math.a(arm_bitreversal2.o)
                              C:\Users\kinzl\STM32Cube\Repository\STM32Cube_FW_F1_V1.8.6\Drivers\CMSIS\Lib\GCC\libarm_cortexM3l_math.a(arm_cfft_f32.o) (arm_bitreversal_32)
C:\Users\kinzl\STM32Cube\Repository\STM32Cube_FW_F1_V1.8.6\Drivers\CMSIS\Lib\GCC\libarm_cortexM3l_math.a(arm_cfft_radix8_f32.o)
                              C:\Users\kinzl\STM32Cube\Repository\STM32Cube_FW_F1_V1.8.6\Drivers\CMSIS\Lib\GCC\libarm_cortexM3l_math.a(arm_cfft_f32.o) (arm_radix8_butterfly_f32)
C:/ST/STM32CubeIDE_1.18.1/STM32CubeIDE/plugins/com.st.stm32cube.ide.mcu.externaltools.gnu-tools-for-stm32.13.3.rel1.win32_1.0.0.202411081344/tools/bin/../lib/gcc/arm-none-eabi/13.3.1/../../../../arm-none-eabi/lib/thumb/v7-m/nofp\libc_nano.a(libc_a-exit.o)
                              C:/ST/STM32CubeIDE_1.18.1/STM32CubeIDE/plugins/com.st.stm32cube.ide.mcu.externaltools.gnu-tools-for-stm32.13.3.rel1.win32_1.0.0.202411081344/tools/bin/../lib/gcc/arm-none-eabi/13.3.1/../../../../arm-none-eabi/lib/thumb/v7-m/nofp/crt0.o (exit)
C:/ST/STM32CubeIDE_1.18.1/STM32CubeIDE/plugins/com.st.stm32cube.ide.mcu.externaltools.gnu-tools-for-stm32.13.3.rel1.win32_1.0.0.202411081344/tools/bin/../lib/gcc/arm-none-eabi/13.3.1/../../../../arm-none-eabi/lib/thumb/v7-m/nofp\libc_nano.a(libc_a-findfp.o)
                              C:/ST/STM32CubeIDE_1.18.1/STM32CubeIDE/plugins/com.st.stm32cube.ide.mcu.externaltools.gnu-tools-for-stm32.13.3.rel1.win32_1.0.0.202411081344/tools/bin/../lib/gcc/arm-none-eabi/13.3.1/../../../../arm-none-eabi/lib/thumb/v7-m/nofp\libc_nano.a(libc_a-exit.o) (__stdio_exit_handler)
C:/ST/STM32CubeIDE_1.18.1/STM32CubeIDE/plugins/com.st.stm32cube.ide.mcu.externaltools.gnu-tools-for-stm32.13.3.rel1.win32_1.0.0.202411081344/tools/bin/../lib/gcc/arm-none-eabi/13.3.1/../../../../arm-none-eabi/lib/thumb/v7-m/nofp\libc_nano.a(libc_a-fwalk.o)
                              C:/ST/STM32CubeIDE_1.18.1/STM32CubeIDE/plugins/com.st.stm32cube.ide.mcu.externaltools.gnu-tools-for-stm32.13.3.rel1.win32_1.0.0.202411081344/tools/bin/../lib/gcc/arm-none-eabi/13.3.1/../../../../arm-none-eabi/lib/thumb/v7-m/nofp\libc_nano.a(libc_a-findfp.o) (_fwalk_sglue)
C:/ST/STM32CubeIDE_1.18.1/STM32CubeIDE/plugins/com.st.stm32cube.ide.mcu.externaltools.gnu-tools-for-stm32.13.3.rel1.win32_1.0.0.202411081344/tools/bin/../lib/gcc/arm-none-eabi/13.3.1/../../../../arm-none-eabi/lib/thumb/v7-m/nofp\libc_nano.a(libc_a-sprintf.o)
                              ./Core/Src/main.o (sprintf)
C:/ST/STM32CubeIDE_1.18.1/STM32CubeIDE/plugins/com.st.stm32cube.ide.mcu.externaltools.gnu-tools-for-stm32.13.3.rel1.win32_1.0.0.202411081344/tools/bin/../lib/gcc/arm-none-eabi/13.3.1/../../../../arm-none-eabi/lib/thumb/v7-m/nofp\libc_nano.a(libc_a-stdio.o)
                              C:/ST/STM32CubeIDE_1.18.1/STM32CubeIDE/plugins/com.st.stm32cube.ide.mcu.externaltools.gnu-tools-for-stm32.13.3.rel1.win32_1.0.0.202411081344/tools/bin/../lib/gcc/arm-none-eabi/13.3.1/../../../../arm-none-eabi/lib/thumb/v7-m/nofp\libc_nano.a(libc_a-findfp.o) (__sread)
C:/ST/STM32CubeIDE_1.18.1/STM32CubeIDE/plugins/com.st.stm32cube.ide.mcu.externaltools.gnu-tools-for-stm32.13.3.rel1.win32_1.0.0.202411081344/tools/bin/../lib/gcc/arm-none-eabi/13.3.1/../../../../arm-none-eabi/lib/thumb/v7-m/nofp\libc_nano.a(libc_a-memset.o)
                              C:/ST/STM32CubeIDE_1.18.1/STM32CubeIDE/plugins/com.st.stm32cube.ide.mcu.externaltools.gnu-tools-for-stm32.13.3.rel1.win32_1.0.0.202411081344/tools/bin/../lib/gcc/arm-none-eabi/13.3.1/../../../../arm-none-eabi/lib/thumb/v7-m/nofp/crt0.o (memset)
[...]
Memory Configuration

Name             Origin             Length             Attributes
RAM              0x20000000         0x00010000         xrw
FLASH            0x08000000         0x00080000         xr
*default*        0x00000000         0xffffffff

Linker script and memory map

LOAD C:/ST/STM32CubeIDE_1.18.1/STM32CubeIDE/plugins/com.st.stm32cube.ide.mcu.externaltools.gnu-tools-for-stm32.13.3.rel1.win32_1.0.0.202411081344/tools/bin/../lib/gcc/arm-none-eabi/13.3.1/thumb/v7-m/nofp/crti.o
LOAD C:/ST/STM32CubeIDE_1.18.1/STM32CubeIDE/plugins/com.st.stm32cube.ide.mcu.externaltools.gnu-tools-for-stm32.13.3.rel1.win32_1.0.0.202411081344/tools/bin/../lib/gcc/arm-none-eabi/13.3.1/thumb/v7-m/nofp/crtbegin.o
LOAD C:/ST/STM32CubeIDE_1.18.1/STM32CubeIDE/plugins/com.st.stm32cube.ide.mcu.externaltools.gnu-tools-for-stm32.13.3.rel1.win32_1.0.0.202411081344/tools/bin/../lib/gcc/arm-none-eabi/13.3.1/../../../../arm-none-eabi/lib/thumb/v7-m/nofp/crt0.o
LOAD ./Core/Src/lcdtp_v1.o
LOAD ./Core/Src/main.o
LOAD ./Core/Src/stm32f1xx_hal_msp.o
LOAD ./Core/Src/stm32f1xx_it.o
LOAD ./Core/Src/syscalls.o
LOAD ./Core/Src/sysmem.o
LOAD ./Core/Src/system_stm32f1xx.o
LOAD ./Core/Src/xpt2046.o
LOAD ./Core/Startup/startup_stm32f103vetx.o
LOAD ./Drivers/STM32F1xx_HAL_Driver/Src/stm32f1xx_hal.o
LOAD ./Drivers/STM32F1xx_HAL_Driver/Src/stm32f1xx_hal_adc.o
LOAD ./Drivers/STM32F1xx_HAL_Driver/Src/stm32f1xx_hal_adc_ex.o
LOAD ./Drivers/STM32F1xx_HAL_Driver/Src/stm32f1xx_hal_cortex.o
LOAD ./Drivers/STM32F1xx_HAL_Driver/Src/stm32f1xx_hal_dma.o
LOAD ./Drivers/STM32F1xx_HAL_Driver/Src/stm32f1xx_hal_exti.o
LOAD ./Drivers/STM32F1xx_HAL_Driver/Src/stm32f1xx_hal_flash.o
LOAD ./Drivers/STM32F1xx_HAL_Driver/Src/stm32f1xx_hal_flash_ex.o
LOAD ./Drivers/STM32F1xx_HAL_Driver/Src/stm32f1xx_hal_gpio.o
LOAD ./Drivers/STM32F1xx_HAL_Driver/Src/stm32f1xx_hal_gpio_ex.o
LOAD ./Drivers/STM32F1xx_HAL_Driver/Src/stm32f1xx_hal_nand.o
LOAD ./Drivers/STM32F1xx_HAL_Driver/Src/stm32f1xx_hal_nor.o
LOAD ./Drivers/STM32F1xx_HAL_Driver/Src/stm32f1xx_hal_pccard.o
LOAD ./Drivers/STM32F1xx_HAL_Driver/Src/stm32f1xx_hal_pwr.o
LOAD ./Drivers/STM32F1xx_HAL_Driver/Src/stm32f1xx_hal_rcc.o
LOAD ./Drivers/STM32F1xx_HAL_Driver/Src/stm32f1xx_hal_rcc_ex.o
LOAD ./Drivers/STM32F1xx_HAL_Driver/Src/stm32f1xx_hal_sram.o
LOAD ./Drivers/STM32F1xx_HAL_Driver/Src/stm32f1xx_hal_tim.o
LOAD ./Drivers/STM32F1xx_HAL_Driver/Src/stm32f1xx_hal_tim_ex.o
LOAD ./Drivers/STM32F1xx_HAL_Driver/Src/stm32f1xx_ll_fsmc.o
LOAD C:\Users\kinzl\STM32Cube\Repository\STM32Cube_FW_F1_V1.8.6\Drivers\CMSIS\Lib\GCC\libarm_cortexM3l_math.a
START GROUP
LOAD C:/ST/STM32CubeIDE_1.18.1/STM32CubeIDE/plugins/com.st.stm32cube.ide.mcu.externaltools.gnu-tools-for-stm32.13.3.rel1.win32_1.0.0.202411081344/tools/bin/../lib/gcc/arm-none-eabi/13.3.1/../../../../arm-none-eabi/lib/thumb/v7-m/nofp\libc_nano.a
LOAD C:/ST/STM32CubeIDE_1.18.1/STM32CubeIDE/plugins/com.st.stm32cube.ide.mcu.externaltools.gnu-tools-for-stm32.13.3.rel1.win32_1.0.0.202411081344/tools/bin/../lib/gcc/arm-none-eabi/13.3.1/../../../../arm-none-eabi/lib/thumb/v7-m/nofp\libm.a
END GROUP
START GROUP
LOAD C:/ST/STM32CubeIDE_1.18.1/STM32CubeIDE/plugins/com.st.stm32cube.ide.mcu.externaltools.gnu-tools-for-stm32.13.3.rel1.win32_1.0.0.202411081344/tools/bin/../lib/gcc/arm-none-eabi/13.3.1/thumb/v7-m/nofp\libgcc.a
LOAD C:/ST/STM32CubeIDE_1.18.1/STM32CubeIDE/plugins/com.st.stm32cube.ide.mcu.externaltools.gnu-tools-for-stm32.13.3.rel1.win32_1.0.0.202411081344/tools/bin/../lib/gcc/arm-none-eabi/13.3.1/../../../../arm-none-eabi/lib/thumb/v7-m/nofp\libc_nano.a
END GROUP
START GROUP
LOAD C:/ST/STM32CubeIDE_1.18.1/STM32CubeIDE/plugins/com.st.stm32cube.ide.mcu.externaltools.gnu-tools-for-stm32.13.3.rel1.win32_1.0.0.202411081344/tools/bin/../lib/gcc/arm-none-eabi/13.3.1/thumb/v7-m/nofp\libgcc.a
LOAD C:/ST/STM32CubeIDE_1.18.1/STM32CubeIDE/plugins/com.st.stm32cube.ide.mcu.externaltools.gnu-tools-for-stm32.13.3.rel1.win32_1.0.0.202411081344/tools/bin/../lib/gcc/arm-none-eabi/13.3.1/../../../../arm-none-eabi/lib/thumb/v7-m/nofp\libc_nano.a
LOAD C:/ST/STM32CubeIDE_1.18.1/STM32CubeIDE/plugins/com.st.stm32cube.ide.mcu.externaltools.gnu-tools-for-stm32.13.3.rel1.win32_1.0.0.202411081344/tools/bin/../lib/gcc/arm-none-eabi/13.3.1/../../../../arm-none-eabi/lib/thumb/v7-m/nofp\libnosys.a
END GROUP
START GROUP
LOAD C:/ST/STM32CubeIDE_1.18.1/STM32CubeIDE/plugins/com.st.stm32cube.ide.mcu.externaltools.gnu-tools-for-stm32.13.3.rel1.win32_1.0.0.202411081344/tools/bin/../lib/gcc/arm-none-eabi/13.3.1/thumb/v7-m/nofp\libgcc.a
LOAD C:/ST/STM32CubeIDE_1.18.1/STM32CubeIDE/plugins/com.st.stm32cube.ide.mcu.externaltools.gnu-tools-for-stm32.13.3.rel1.win32_1.0.0.202411081344/tools/bin/../lib/gcc/arm-none-eabi/13.3.1/../../../../arm-none-eabi/lib/thumb/v7-m/nofp\libc_nano.a
LOAD C:/ST/STM32CubeIDE_1.18.1/STM32CubeIDE/plugins/com.st.stm32cube.ide.mcu.externaltools.gnu-tools-for-stm32.13.3.rel1.win32_1.0.0.202411081344/tools/bin/../lib/gcc/arm-none-eabi/13.3.1/../../../../arm-none-eabi/lib/thumb/v7-m/nofp\libnosys.a
END GROUP
LOAD C:/ST/STM32CubeIDE_1.18.1/STM32CubeIDE/plugins/com.st.stm32cube.ide.mcu.externaltools.gnu-tools-for-stm32.13.3.rel1.win32_1.0.0.202411081344/tools/bin/../lib/gcc/arm-none-eabi/13.3.1/thumb/v7-m/nofp/crtend.o
LOAD C:/ST/STM32CubeIDE_1.18.1/STM32CubeIDE/plugins/com.st.stm32cube.ide.mcu.externaltools.gnu-tools-for-stm32.13.3.rel1.win32_1.0.0.202411081344/tools/bin/../lib/gcc/arm-none-eabi/13.3.1/thumb/v7-m/nofp/crtn.o
                0x20010000                        _estack = (ORIGIN (RAM) + LENGTH (RAM))
                0x00000200                        _Min_Heap_Size = 0x200
                0x00000400                        _Min_Stack_Size = 0x400

.isr_vector     0x08000000      0x1e4
                0x08000000                        . = ALIGN (0x4)
 *(.isr_vector)
 .isr_vector    0x08000000      0x1e4 ./Core/Startup/startup_stm32f103vetx.o
                0x08000000                g_pfnVectors
                0x080001e4                        . = ALIGN (0x4)

.text           0x080001e8     0xa400
                0x080001e8                        . = ALIGN (0x4)
 *(.text)
 .text          0x080001e8       0x40 C:/ST/STM32CubeIDE_1.18.1/STM32CubeIDE/plugins/com.st.stm32cube.ide.mcu.externaltools.gnu-tools-for-stm32.13.3.rel1.win32_1.0.0.202411081344/tools/bin/../lib/gcc/arm-none-eabi/13.3.1/thumb/v7-m/nofp/crtbegin.o
 .text          0x08000228       0xc0 C:\Users\kinzl\STM32Cube\Repository\STM32Cube_FW_F1_V1.8.6\Drivers\CMSIS\Lib\GCC\libarm_cortexM3l_math.a(arm_bitreversal2.o)
                0x08000228                arm_bitreversal_32
                0x08000292                arm_bitreversal_16
 .text          0x080002e8       0x14 C:/ST/STM32CubeIDE_1.18.1/STM32CubeIDE/plugins/com.st.stm32cube.ide.mcu.externaltools.gnu-tools-for-stm32.13.3.rel1.win32_1.0.0.202411081344/tools/bin/../lib/gcc/arm-none-eabi/13.3.1/../../../../arm-none-eabi/lib/thumb/v7-m/nofp\libc_nano.a(libc_a-strcmp.o)
                0x080002e8                strcmp
 .text          0x080002fc       0x10 C:/ST/STM32CubeIDE_1.18.1/STM32CubeIDE/plugins/com.st.stm32cube.ide.mcu.externaltools.gnu-tools-for-stm32.13.3.rel1.win32_1.0.0.202411081344/tools/bin/../lib/gcc/arm-none-eabi/13.3.1/../../../../arm-none-eabi/lib/thumb/v7-m/nofp\libc_nano.a(libc_a-strlen.o)
                0x080002fc                strlen
 .text          0x0800030c      0x378 C:/ST/STM32CubeIDE_1.18.1/STM32CubeIDE/plugins/com.st.stm32cube.ide.mcu.externaltools.gnu-tools-for-stm32.13.3.rel1.win32_1.0.0.202411081344/tools/bin/../lib/gcc/arm-none-eabi/13.3.1/thumb/v7-m/nofp\libgcc.a(_arm_addsubdf3.o)
                0x0800030c                __aeabi_drsub
                0x08000314                __aeabi_dsub
                0x08000314                __subdf3
                0x08000318                __aeabi_dadd
                0x08000318                __adddf3
                0x08000590                __floatunsidf
                0x08000590                __aeabi_ui2d
                0x080005b0                __floatsidf
                0x080005b0                __aeabi_i2d
                0x080005d4                __aeabi_f2d
                0x080005d4                __extendsfdf2
                0x08000618                __floatundidf
                0x08000618                __aeabi_ul2d
                0x08000628                __floatdidf
                0x08000628                __aeabi_l2d
 .text          0x08000684      0x424 C:/ST/STM32CubeIDE_1.18.1/STM32CubeIDE/plugins/com.st.stm32cube.ide.mcu.externaltools.gnu-tools-for-stm32.13.3.rel1.win32_1.0.0.202411081344/tools/bin/../lib/gcc/arm-none-eabi/13.3.1/thumb/v7-m/nofp\libgcc.a(_arm_muldivdf3.o)
                0x08000684                __aeabi_dmul
                0x08000684                __muldf3
                0x080008d8                __divdf3
                0x080008d8                __aeabi_ddiv
 .text          0x08000aa8      0x110 C:/ST/STM32CubeIDE_1.18.1/STM32CubeIDE/plugins/com.st.stm32cube.ide.mcu.externaltools.gnu-tools-for-stm32.13.3.rel1.win32_1.0.0.202411081344/tools/bin/../lib/gcc/arm-none-eabi/13.3.1/thumb/v7-m/nofp\libgcc.a(_arm_cmpdf2.o)
                0x08000aa8                __gtdf2
                0x08000aa8                __gedf2
                0x08000ab0                __ltdf2
                0x08000ab0                __ledf2
                0x08000ab8                __nedf2
                0x08000ab8                __eqdf2
                0x08000ab8                __cmpdf2
                0x08000b34                __aeabi_cdrcmple
                0x08000b44                __aeabi_cdcmpeq
                0x08000b44                __aeabi_cdcmple
                0x08000b54                __aeabi_dcmpeq
                0x08000b68                __aeabi_dcmplt
                0x08000b7c                __aeabi_dcmple
                0x08000b90                __aeabi_dcmpge
                0x08000ba4                __aeabi_dcmpgt
 .text          0x08000bb8       0x40 C:/ST/STM32CubeIDE_1.18.1/STM32CubeIDE/plugins/com.st.stm32cube.ide.mcu.externaltools.gnu-tools-for-stm32.13.3.rel1.win32_1.0.0.202411081344/tools/bin/../lib/gcc/arm-none-eabi/13.3.1/thumb/v7-m/nofp\libgcc.a(_arm_fixunsdfsi.o)
                0x08000bb8                __aeabi_d2uiz
                0x08000bb8                __fixunsdfsi
 .text          0x08000bf8      0x21c C:/ST/STM32CubeIDE_1.18.1/STM32CubeIDE/plugins/com.st.stm32cube.ide.mcu.externaltools.gnu-tools-for-stm32.13.3.rel1.win32_1.0.0.202411081344/tools/bin/../lib/gcc/arm-none-eabi/13.3.1/thumb/v7-m/nofp\libgcc.a(_arm_addsubsf3.o)
                0x08000bf8                __aeabi_frsub
                0x08000c00                __subsf3
                0x08000c00                __aeabi_fsub
                0x08000c04                __aeabi_fadd
                0x08000c04                __addsf3
                0x08000d64                __aeabi_ui2f
                0x08000d64                __floatunsisf
                0x08000d6c                __aeabi_i2f
                0x08000d6c                __floatsisf
                0x08000d88                __aeabi_ul2f
                0x08000d88                __floatundisf
                0x08000d98                __aeabi_l2f
                0x08000d98                __floatdisf
 .text          0x08000e14      0x2a0 C:/ST/STM32CubeIDE_1.18.1/STM32CubeIDE/plugins/com.st.stm32cube.ide.mcu.externaltools.gnu-tools-for-stm32.13.3.rel1.win32_1.0.0.202411081344/tools/bin/../lib/gcc/arm-none-eabi/13.3.1/thumb/v7-m/nofp\libgcc.a(_arm_muldivsf3.o)
                0x08000e14                __mulsf3
                0x08000e14                __aeabi_fmul
                0x08000f7c                __aeabi_fdiv
                0x08000f7c                __divsf3
 .text          0x080010b4       0xec C:/ST/STM32CubeIDE_1.18.1/STM32CubeIDE/plugins/com.st.stm32cube.ide.mcu.externaltools.gnu-tools-for-stm32.13.3.rel1.win32_1.0.0.202411081344/tools/bin/../lib/gcc/arm-none-eabi/13.3.1/thumb/v7-m/nofp\libgcc.a(_arm_cmpsf2.o)
                0x080010b4                __gesf2
                0x080010b4                __gtsf2
                0x080010bc                __lesf2
                0x080010bc                __ltsf2
                0x080010c4                __nesf2
                0x080010c4                __eqsf2
                0x080010c4                __cmpsf2
                0x08001124                __aeabi_cfrcmple
                0x0800112c                __aeabi_cfcmpeq
                0x0800112c                __aeabi_cfcmple
                0x0800113c                __aeabi_fcmpeq
                0x08001150                __aeabi_fcmplt
                0x08001164                __aeabi_fcmple
                0x08001178                __aeabi_fcmpge
                0x0800118c                __aeabi_fcmpgt
 .text          0x080011a0       0x2c C:/ST/STM32CubeIDE_1.18.1/STM32CubeIDE/plugins/com.st.stm32cube.ide.mcu.externaltools.gnu-tools-for-stm32.13.3.rel1.win32_1.0.0.202411081344/tools/bin/../lib/gcc/arm-none-eabi/13.3.1/thumb/v7-m/nofp\libgcc.a(_arm_unordsf2.o)
                0x080011a0                __unordsf2
                0x080011a0                __aeabi_fcmpun
 .text          0x080011cc       0x4c C:/ST/STM32CubeIDE_1.18.1/STM32CubeIDE/plugins/com.st.stm32cube.ide.mcu.externaltools.gnu-tools-for-stm32.13.3.rel1.win32_1.0.0.202411081344/tools/bin/../lib/gcc/arm-none-eabi/13.3.1/thumb/v7-m/nofp\libgcc.a(_arm_fixsfsi.o)
                0x080011cc                __aeabi_f2iz
                0x080011cc                __fixsfsi
 .text          0x08001218       0x40 C:/ST/STM32CubeIDE_1.18.1/STM32CubeIDE/plugins/com.st.stm32cube.ide.mcu.externaltools.gnu-tools-for-stm32.13.3.rel1.win32_1.0.0.202411081344/tools/bin/../lib/gcc/arm-none-eabi/13.3.1/thumb/v7-m/nofp\libgcc.a(_arm_fixunssfsi.o)
                0x08001218                __fixunssfsi
                0x08001218                __aeabi_f2uiz
 *(.text*)
 .text.Delay    0x08001258       0x22 ./Core/Src/lcdtp_v1.o
                0x08001258                Delay
 .text.LCD_INIT
                0x0800127a       0x2e ./Core/Src/lcdtp_v1.o
                0x0800127a                LCD_INIT
 .text.LCD_Rst  0x080012a8       0x30 ./Core/Src/lcdtp_v1.o
                0x080012a8                LCD_Rst
 .text.LCD_BackLed_Control
                0x080012d8       0x38 ./Core/Src/lcdtp_v1.o
                0x080012d8                LCD_BackLed_Control
 .text.LCD_Write_Cmd
                0x08001310       0x1c ./Core/Src/lcdtp_v1.o
                0x08001310                LCD_Write_Cmd
 .text.LCD_Write_Data
                0x0800132c       0x20 ./Core/Src/lcdtp_v1.o
                0x0800132c                LCD_Write_Data
 .text.LCD_REG_Config
                0x0800134c      0x234 ./Core/Src/lcdtp_v1.o
                0x0800134c                LCD_REG_Config
 .text.LCD_OpenWindow
                0x08001580       0xb2 ./Core/Src/lcdtp_v1.o
                0x08001580                LCD_OpenWindow
 .text.LCD_FillColor
                0x08001632       0x3c ./Core/Src/lcdtp_v1.o
                0x08001632                LCD_FillColor
 .text.LCD_Clear
                0x0800166e       0x46 ./Core/Src/lcdtp_v1.o
                0x0800166e                LCD_Clear
 .text.LCD_DrawLine
                0x080016b4      0x10a ./Core/Src/lcdtp_v1.o
                0x080016b4                LCD_DrawLine
 .text.LCD_DrawDot
                0x080017be       0x3e ./Core/Src/lcdtp_v1.o
                0x080017be                LCD_DrawDot
 .text.LCD_DrawChar_Color
                0x080017fc       0x9c ./Core/Src/lcdtp_v1.o
                0x080017fc                LCD_DrawChar_Color
 .text.LCD_DrawCross
                0x08001898       0x44 ./Core/Src/lcdtp_v1.o
                0x08001898                LCD_DrawCross
 .text.LCD_DrawString_Color
                0x080018dc       0x6a ./Core/Src/lcdtp_v1.o
                0x080018dc                LCD_DrawString_Color
 *fill*         0x08001946        0x2 
 .text.LCD_GramScan
                0x08001948      0x164 ./Core/Src/lcdtp_v1.o
                0x08001948                LCD_GramScan
 .text.arm_sqrt_f32
                0x08001aac       0x3e ./Core/Src/main.o
 *fill*         0x08001aea        0x2 
 .text.apply_hann_window
                0x08001aec       0x94 ./Core/Src/main.o
                0x08001aec                apply_hann_window
 .text.high_pass_filter
                0x08001b80       0x94 ./Core/Src/main.o
                0x08001b80                high_pass_filter
 .text.find_dominant_freq_e2
                0x08001c14      0x454 ./Core/Src/main.o
                0x08001c14                find_dominant_freq_e2
 .text.find_dominant_freq
                0x08002068      0x878 ./Core/Src/main.o
                0x08002068                find_dominant_freq
 .text.map_to_note
                0x080028e0       0xec ./Core/Src/main.o
                0x080028e0                map_to_note
 .text.motor_control
                0x080029cc       0xa4 ./Core/Src/main.o
                0x080029cc                motor_control
 .text.draw_buttons
                0x08002a70      0x188 ./Core/Src/main.o
                0x08002a70                draw_buttons
 .text.draw_data_screen
                0x08002bf8      0x190 ./Core/Src/main.o
                0x08002bf8                draw_data_screen
 .text.check_touch
                0x08002d88      0x2dc ./Core/Src/main.o
                0x08002d88                check_touch
 .text.main     0x08003064      0x6a0 ./Core/Src/main.o
                0x08003064                main
 .text.SystemClock_Config
                0x08003704       0xba ./Core/Src/main.o
                0x08003704                SystemClock_Config
 *fill*         0x080037be        0x2 
 .text.MX_ADC1_Init
                0x080037c0       0x7c ./Core/Src/main.o
 .text.MX_TIM2_Init
                0x0800383c       0x98 ./Core/Src/main.o
 .text.MX_TIM3_Init
                0x080038d4       0x9c ./Core/Src/main.o
 .text.MX_TIM4_Init
                0x08003970       0xe8 ./Core/Src/main.o
 .text.MX_DMA_Init
                0x08003a58       0x98 ./Core/Src/main.o
 .text.MX_GPIO_Init
                0x08003af0      0x1a8 ./Core/Src/main.o
 .text.MX_FSMC_Init
                0x08003c98       0xc8 ./Core/Src/main.o
 .text.HAL_ADC_ConvCpltCallback
                0x08003d60       0x9c ./Core/Src/main.o
                0x08003d60                HAL_ADC_ConvCpltCallback
 .text.Error_Handler
                0x08003dfc        0xc ./Core/Src/main.o
                0x08003dfc                Error_Handler
 .text.HAL_MspInit
                0x08003e08       0x64 ./Core/Src/stm32f1xx_hal_msp.o
                0x08003e08                HAL_MspInit
 .text.HAL_ADC_MspInit
                0x08003e6c       0xd4 ./Core/Src/stm32f1xx_hal_msp.o
                0x08003e6c                HAL_ADC_MspInit
 .text.HAL_TIM_Base_MspInit
                0x08003f40       0xb4 ./Core/Src/stm32f1xx_hal_msp.o
                0x08003f40                HAL_TIM_Base_MspInit
 .text.HAL_FSMC_MspInit
                0x08003ff4       0x88 ./Core/Src/stm32f1xx_hal_msp.o
 .text.HAL_SRAM_MspInit
                0x0800407c       0x14 ./Core/Src/stm32f1xx_hal_msp.o
                0x0800407c                HAL_SRAM_MspInit
 .text.NMI_Handler
                0x08004090        0x8 ./Core/Src/stm32f1xx_it.o
                0x08004090                NMI_Handler
 .text.HardFault_Handler
                0x08004098        0x8 ./Core/Src/stm32f1xx_it.o
                0x08004098                HardFault_Handler
 .text.MemManage_Handler
                0x080040a0        0x8 ./Core/Src/stm32f1xx_it.o
                0x080040a0                MemManage_Handler
 .text.BusFault_Handler
                0x080040a8        0x8 ./Core/Src/stm32f1xx_it.o
                0x080040a8                BusFault_Handler
 .text.UsageFault_Handler
                0x080040b0        0x8 ./Core/Src/stm32f1xx_it.o
                0x080040b0                UsageFault_Handler
 .text.SVC_Handler
                0x080040b8        0xc ./Core/Src/stm32f1xx_it.o
                0x080040b8                SVC_Handler
 .text.DebugMon_Handler
                0x080040c4        0xc ./Core/Src/stm32f1xx_it.o
                0x080040c4                DebugMon_Handler
 .text.PendSV_Handler
                0x080040d0        0xc ./Core/Src/stm32f1xx_it.o
                0x080040d0                PendSV_Handler
 .text.SysTick_Handler
                0x080040dc        0xc ./Core/Src/stm32f1xx_it.o
                0x080040dc                SysTick_Handler
 .text.EXTI4_IRQHandler
                0x080040e8       0x30 ./Core/Src/stm32f1xx_it.o
                0x080040e8                EXTI4_IRQHandler
 .text.DMA1_Channel1_IRQHandler
                0x08004118       0x14 ./Core/Src/stm32f1xx_it.o
                0x08004118                DMA1_Channel1_IRQHandler
 .text.TIM3_IRQHandler
                0x0800412c       0x14 ./Core/Src/stm32f1xx_it.o
                0x0800412c                TIM3_IRQHandler
 .text._sbrk    0x08004140       0x6c ./Core/Src/sysmem.o
                0x08004140                _sbrk
 .text.SystemInit
                0x080041ac        0xc ./Core/Src/system_stm32f1xx.o
                0x080041ac                SystemInit
 .text.XPT2046_DelayUS
                0x080041b8       0x38 ./Core/Src/xpt2046.o
 .text.XPT2046_WriteCMD
                0x080041f0       0x88 ./Core/Src/xpt2046.o
 .text.XPT2046_ReadCMD
                0x08004278       0x78 ./Core/Src/xpt2046.o
 .text.XPT2046_ReadAdc
                0x080042f0       0x20 ./Core/Src/xpt2046.o
 .text.XPT2046_ReadAdc_XY
                0x08004310       0x38 ./Core/Src/xpt2046.o
 .text.XPT2046_ReadAdc_Smooth_XY
                0x08004348      0x22c ./Core/Src/xpt2046.o
 .text.XPT2046_Calculate_CalibrationFactor
                0x08004574      0x31a ./Core/Src/xpt2046.o
 *fill*         0x0800488e        0x2 
 .text.XPT2046_Touch_Calibrate
                0x08004890      0x478 ./Core/Src/xpt2046.o
                0x08004890                XPT2046_Touch_Calibrate
 .text.XPT2046_Get_TouchedPoint
                0x08004d08      0x10e ./Core/Src/xpt2046.o
                0x08004d08                XPT2046_Get_TouchedPoint
 *fill*         0x08004e16        0x2 
 .text.Reset_Handler
                0x08004e18       0x48 ./Core/Startup/startup_stm32f103vetx.o
                0x08004e18                Reset_Handler
 .text.Default_Handler
                0x08004e60        0x2 ./Core/Startup/startup_stm32f103vetx.o
                0x08004e60                RTC_Alarm_IRQHandler
                0x08004e60                EXTI2_IRQHandler
                0x08004e60                TIM8_TRG_COM_IRQHandler
                0x08004e60                TIM8_CC_IRQHandler
                0x08004e60                TIM1_CC_IRQHandler
                0x08004e60                TIM6_IRQHandler
                0x08004e60                PVD_IRQHandler
                0x08004e60                SDIO_IRQHandler
                0x08004e60                EXTI3_IRQHandler
                0x08004e60                EXTI0_IRQHandler
                0x08004e60                I2C2_EV_IRQHandler
                0x08004e60                ADC1_2_IRQHandler
                0x08004e60                SPI1_IRQHandler
                0x08004e60                TAMPER_IRQHandler
                0x08004e60                TIM8_UP_IRQHandler
                0x08004e60                DMA2_Channel2_IRQHandler
                0x08004e60                DMA1_Channel4_IRQHandler
                0x08004e60                USART3_IRQHandler
                0x08004e60                RTC_IRQHandler
                0x08004e60                DMA1_Channel7_IRQHandler
                0x08004e60                CAN1_RX1_IRQHandler
                0x08004e60                UART5_IRQHandler
                0x08004e60                ADC3_IRQHandler
                0x08004e60                TIM4_IRQHandler
                0x08004e60                DMA2_Channel1_IRQHandler
                0x08004e60                I2C1_EV_IRQHandler
                0x08004e60                DMA1_Channel6_IRQHandler
                0x08004e60                UART4_IRQHandler
                0x08004e60                RCC_IRQHandler
                0x08004e60                TIM1_TRG_COM_IRQHandler
                0x08004e60                Default_Handler
                0x08004e60                EXTI15_10_IRQHandler
                0x08004e60                TIM7_IRQHandler
                0x08004e60                TIM5_IRQHandler
                0x08004e60                EXTI9_5_IRQHandler
                0x08004e60                SPI2_IRQHandler
                0x08004e60                DMA1_Channel5_IRQHandler
                0x08004e60                USB_LP_CAN1_RX0_IRQHandler
                0x08004e60                USB_HP_CAN1_TX_IRQHandler
                0x08004e60                DMA1_Channel3_IRQHandler
                0x08004e60                FSMC_IRQHandler
                0x08004e60                TIM1_UP_IRQHandler
                0x08004e60                WWDG_IRQHandler
                0x08004e60                TIM2_IRQHandler
                0x08004e60                TIM1_BRK_IRQHandler
                0x08004e60                EXTI1_IRQHandler
                0x08004e60                DMA2_Channel4_5_IRQHandler
                0x08004e60                USART2_IRQHandler
                0x08004e60                I2C2_ER_IRQHandler
                0x08004e60                DMA1_Channel2_IRQHandler
                0x08004e60                TIM8_BRK_IRQHandler
                0x08004e60                CAN1_SCE_IRQHandler
                0x08004e60                FLASH_IRQHandler
                0x08004e60                USART1_IRQHandler
                0x08004e60                SPI3_IRQHandler
                0x08004e60                I2C1_ER_IRQHandler
                0x08004e60                USBWakeUp_IRQHandler
                0x08004e60                DMA2_Channel3_IRQHandler
 *fill*         0x08004e62        0x2 
 .text.HAL_Init
                0x08004e64       0x2c ./Drivers/STM32F1xx_HAL_Driver/Src/stm32f1xx_hal.o
                0x08004e64                HAL_Init
 .text.HAL_InitTick
                0x08004e90       0x60 ./Drivers/STM32F1xx_HAL_Driver/Src/stm32f1xx_hal.o
                0x08004e90                HAL_InitTick
 .text.HAL_IncTick
                0x08004ef0       0x24 ./Drivers/STM32F1xx_HAL_Driver/Src/stm32f1xx_hal.o
                0x08004ef0                HAL_IncTick
 .text.HAL_GetTick
                0x08004f14       0x14 ./Drivers/STM32F1xx_HAL_Driver/Src/stm32f1xx_hal.o
                0x08004f14                HAL_GetTick
 .text.HAL_Delay
                0x08004f28       0x48 ./Drivers/STM32F1xx_HAL_Driver/Src/stm32f1xx_hal.o
                0x08004f28                HAL_Delay
 .text.HAL_ADC_Init
                0x08004f70      0x1d4 ./Drivers/STM32F1xx_HAL_Driver/Src/stm32f1xx_hal_adc.o
                0x08004f70                HAL_ADC_Init
 .text.HAL_ADC_Start_DMA
                0x08005144      0x1bc ./Drivers/STM32F1xx_HAL_Driver/Src/stm32f1xx_hal_adc.o
                0x08005144                HAL_ADC_Start_DMA
 .text.HAL_ADC_Stop_DMA
                0x08005300       0x98 ./Drivers/STM32F1xx_HAL_Driver/Src/stm32f1xx_hal_adc.o
                0x08005300                HAL_ADC_Stop_DMA
 .text.HAL_ADC_ConvHalfCpltCallback
                0x08005398       0x12 ./Drivers/STM32F1xx_HAL_Driver/Src/stm32f1xx_hal_adc.o
                0x08005398                HAL_ADC_ConvHalfCpltCallback
 .text.HAL_ADC_ErrorCallback
                0x080053aa       0x12 ./Drivers/STM32F1xx_HAL_Driver/Src/stm32f1xx_hal_adc.o
                0x080053aa                HAL_ADC_ErrorCallback
 .text.HAL_ADC_ConfigChannel
                0x080053bc      0x1f0 ./Drivers/STM32F1xx_HAL_Driver/Src/stm32f1xx_hal_adc.o
                0x080053bc                HAL_ADC_ConfigChannel
 .text.ADC_Enable
                0x080055ac       0xb4 ./Drivers/STM32F1xx_HAL_Driver/Src/stm32f1xx_hal_adc.o
                0x080055ac                ADC_Enable
 .text.ADC_ConversionStop_Disable
                0x08005660       0x82 ./Drivers/STM32F1xx_HAL_Driver/Src/stm32f1xx_hal_adc.o
                0x08005660                ADC_ConversionStop_Disable
 .text.ADC_DMAConvCplt
                0x080056e2       0x7c ./Drivers/STM32F1xx_HAL_Driver/Src/stm32f1xx_hal_adc.o
                0x080056e2                ADC_DMAConvCplt
 .text.ADC_DMAHalfConvCplt
                0x0800575e       0x1c ./Drivers/STM32F1xx_HAL_Driver/Src/stm32f1xx_hal_adc.o
                0x0800575e                ADC_DMAHalfConvCplt
 .text.ADC_DMAError
                0x0800577a       0x34 ./Drivers/STM32F1xx_HAL_Driver/Src/stm32f1xx_hal_adc.o
                0x0800577a                ADC_DMAError
 *fill*         0x080057ae        0x2 
 .text.HAL_ADCEx_Calibration_Start
                0x080057b0      0x15c ./Drivers/STM32F1xx_HAL_Driver/Src/stm32f1xx_hal_adc_ex.o
                0x080057b0                HAL_ADCEx_Calibration_Start
 .text.__NVIC_SetPriorityGrouping
                0x0800590c       0x48 ./Drivers/STM32F1xx_HAL_Driver/Src/stm32f1xx_hal_cortex.o
 .text.__NVIC_GetPriorityGrouping
                0x08005954       0x1c ./Drivers/STM32F1xx_HAL_Driver/Src/stm32f1xx_hal_cortex.o
 .text.__NVIC_EnableIRQ
                0x08005970       0x38 ./Drivers/STM32F1xx_HAL_Driver/Src/stm32f1xx_hal_cortex.o
 .text.__NVIC_SetPriority
                0x080059a8       0x54 ./Drivers/STM32F1xx_HAL_Driver/Src/stm32f1xx_hal_cortex.o
 .text.NVIC_EncodePriority
                0x080059fc       0x64 ./Drivers/STM32F1xx_HAL_Driver/Src/stm32f1xx_hal_cortex.o
 .text.SysTick_Config
                0x08005a60       0x44 ./Drivers/STM32F1xx_HAL_Driver/Src/stm32f1xx_hal_cortex.o
 .text.HAL_NVIC_SetPriorityGrouping
                0x08005aa4       0x16 ./Drivers/STM32F1xx_HAL_Driver/Src/stm32f1xx_hal_cortex.o
                0x08005aa4                HAL_NVIC_SetPriorityGrouping
 .text.HAL_NVIC_SetPriority
                0x08005aba       0x38 ./Drivers/STM32F1xx_HAL_Driver/Src/stm32f1xx_hal_cortex.o
                0x08005aba                HAL_NVIC_SetPriority
 .text.HAL_NVIC_EnableIRQ
                0x08005af2       0x1c ./Drivers/STM32F1xx_HAL_Driver/Src/stm32f1xx_hal_cortex.o
                0x08005af2                HAL_NVIC_EnableIRQ
 .text.HAL_SYSTICK_Config
                0x08005b0e       0x18 ./Drivers/STM32F1xx_HAL_Driver/Src/stm32f1xx_hal_cortex.o
                0x08005b0e                HAL_SYSTICK_Config
 *fill*         0x08005b26        0x2 
 .text.HAL_DMA_Init
                0x08005b28       0xec ./Drivers/STM32F1xx_HAL_Driver/Src/stm32f1xx_hal_dma.o
                0x08005b28                HAL_DMA_Init
 .text.HAL_DMA_Start_IT
                0x08005c14       0xc0 ./Drivers/STM32F1xx_HAL_Driver/Src/stm32f1xx_hal_dma.o
                0x08005c14                HAL_DMA_Start_IT
 .text.HAL_DMA_Abort
                0x08005cd4       0x76 ./Drivers/STM32F1xx_HAL_Driver/Src/stm32f1xx_hal_dma.o
                0x08005cd4                HAL_DMA_Abort
 *fill*         0x08005d4a        0x2 
 .text.HAL_DMA_IRQHandler
                0x08005d4c      0x478 ./Drivers/STM32F1xx_HAL_Driver/Src/stm32f1xx_hal_dma.o
                0x08005d4c                HAL_DMA_IRQHandler
 .text.HAL_DMA_GetState
                0x080061c4       0x1a ./Drivers/STM32F1xx_HAL_Driver/Src/stm32f1xx_hal_dma.o
                0x080061c4                HAL_DMA_GetState
 .text.DMA_SetConfig
                0x080061de       0x5a ./Drivers/STM32F1xx_HAL_Driver/Src/stm32f1xx_hal_dma.o
 .text.HAL_GPIO_Init
                0x08006238      0x328 ./Drivers/STM32F1xx_HAL_Driver/Src/stm32f1xx_hal_gpio.o
                0x08006238                HAL_GPIO_Init
 .text.HAL_GPIO_ReadPin
                0x08006560       0x2e ./Drivers/STM32F1xx_HAL_Driver/Src/stm32f1xx_hal_gpio.o
                0x08006560                HAL_GPIO_ReadPin
 .text.HAL_GPIO_WritePin
                0x0800658e       0x30 ./Drivers/STM32F1xx_HAL_Driver/Src/stm32f1xx_hal_gpio.o
                0x0800658e                HAL_GPIO_WritePin
 *fill*         0x080065be        0x2 
 .text.HAL_GPIO_EXTI_IRQHandler
                0x080065c0       0x30 ./Drivers/STM32F1xx_HAL_Driver/Src/stm32f1xx_hal_gpio.o
                0x080065c0                HAL_GPIO_EXTI_IRQHandler
 .text.HAL_GPIO_EXTI_Callback
                0x080065f0       0x14 ./Drivers/STM32F1xx_HAL_Driver/Src/stm32f1xx_hal_gpio.o
                0x080065f0                HAL_GPIO_EXTI_Callback
 .text.HAL_RCC_OscConfig
                0x08006604      0x504 ./Drivers/STM32F1xx_HAL_Driver/Src/stm32f1xx_hal_rcc.o
                0x08006604                HAL_RCC_OscConfig
 .text.HAL_RCC_ClockConfig
                0x08006b08      0x1d4 ./Drivers/STM32F1xx_HAL_Driver/Src/stm32f1xx_hal_rcc.o
                0x08006b08                HAL_RCC_ClockConfig
 .text.HAL_RCC_GetSysClockFreq
                0x08006cdc       0xa8 ./Drivers/STM32F1xx_HAL_Driver/Src/stm32f1xx_hal_rcc.o
                0x08006cdc                HAL_RCC_GetSysClockFreq
 .text.HAL_RCC_GetHCLKFreq
                0x08006d84       0x14 ./Drivers/STM32F1xx_HAL_Driver/Src/stm32f1xx_hal_rcc.o
                0x08006d84                HAL_RCC_GetHCLKFreq
 .text.HAL_RCC_GetPCLK2Freq
                0x08006d98       0x28 ./Drivers/STM32F1xx_HAL_Driver/Src/stm32f1xx_hal_rcc.o
                0x08006d98                HAL_RCC_GetPCLK2Freq
 .text.RCC_Delay
                0x08006dc0       0x3c ./Drivers/STM32F1xx_HAL_Driver/Src/stm32f1xx_hal_rcc.o
 .text.HAL_RCCEx_PeriphCLKConfig
                0x08006dfc      0x16c ./Drivers/STM32F1xx_HAL_Driver/Src/stm32f1xx_hal_rcc_ex.o
                0x08006dfc                HAL_RCCEx_PeriphCLKConfig
 .text.HAL_RCCEx_GetPeriphCLKFreq
                0x08006f68      0x1b0 ./Drivers/STM32F1xx_HAL_Driver/Src/stm32f1xx_hal_rcc_ex.o
                0x08006f68                HAL_RCCEx_GetPeriphCLKFreq
 .text.HAL_SRAM_Init
                0x08007118       0x9a ./Drivers/STM32F1xx_HAL_Driver/Src/stm32f1xx_hal_sram.o
                0x08007118                HAL_SRAM_Init
 .text.HAL_TIM_Base_Init
                0x080071b2       0x9e ./Drivers/STM32F1xx_HAL_Driver/Src/stm32f1xx_hal_tim.o
                0x080071b2                HAL_TIM_Base_Init
 .text.HAL_TIM_Base_Start
                0x08007250       0xb0 ./Drivers/STM32F1xx_HAL_Driver/Src/stm32f1xx_hal_tim.o
                0x08007250                HAL_TIM_Base_Start
 .text.HAL_TIM_PWM_Init
                0x08007300       0x9e ./Drivers/STM32F1xx_HAL_Driver/Src/stm32f1xx_hal_tim.o
                0x08007300                HAL_TIM_PWM_Init
 .text.HAL_TIM_PWM_MspInit
                0x0800739e       0x12 ./Drivers/STM32F1xx_HAL_Driver/Src/stm32f1xx_hal_tim.o
                0x0800739e                HAL_TIM_PWM_MspInit
 .text.HAL_TIM_PWM_Start
                0x080073b0      0x174 ./Drivers/STM32F1xx_HAL_Driver/Src/stm32f1xx_hal_tim.o
                0x080073b0                HAL_TIM_PWM_Start
 .text.HAL_TIM_IRQHandler
                0x08007524      0x1e0 ./Drivers/STM32F1xx_HAL_Driver/Src/stm32f1xx_hal_tim.o
                0x08007524                HAL_TIM_IRQHandler
 .text.HAL_TIM_PWM_ConfigChannel
                0x08007704      0x184 ./Drivers/STM32F1xx_HAL_Driver/Src/stm32f1xx_hal_tim.o
                0x08007704                HAL_TIM_PWM_ConfigChannel
 .text.HAL_TIM_ConfigClockSource
                0x08007888      0x18e ./Drivers/STM32F1xx_HAL_Driver/Src/stm32f1xx_hal_tim.o
                0x08007888                HAL_TIM_ConfigClockSource
 .text.HAL_TIM_PeriodElapsedCallback
                0x08007a16       0x12 ./Drivers/STM32F1xx_HAL_Driver/Src/stm32f1xx_hal_tim.o
                0x08007a16                HAL_TIM_PeriodElapsedCallback
 .text.HAL_TIM_OC_DelayElapsedCallback
                0x08007a28       0x12 ./Drivers/STM32F1xx_HAL_Driver/Src/stm32f1xx_hal_tim.o
                0x08007a28                HAL_TIM_OC_DelayElapsedCallback
 .text.HAL_TIM_IC_CaptureCallback
                0x08007a3a       0x12 ./Drivers/STM32F1xx_HAL_Driver/Src/stm32f1xx_hal_tim.o
                0x08007a3a                HAL_TIM_IC_CaptureCallback
 .text.HAL_TIM_PWM_PulseFinishedCallback
                0x08007a4c       0x12 ./Drivers/STM32F1xx_HAL_Driver/Src/stm32f1xx_hal_tim.o
                0x08007a4c                HAL_TIM_PWM_PulseFinishedCallback
 .text.HAL_TIM_TriggerCallback
                0x08007a5e       0x12 ./Drivers/STM32F1xx_HAL_Driver/Src/stm32f1xx_hal_tim.o
                0x08007a5e                HAL_TIM_TriggerCallback
 .text.TIM_Base_SetConfig
                0x08007a70      0x10c ./Drivers/STM32F1xx_HAL_Driver/Src/stm32f1xx_hal_tim.o
                0x08007a70                TIM_Base_SetConfig
 .text.TIM_OC1_SetConfig
                0x08007b7c       0xe0 ./Drivers/STM32F1xx_HAL_Driver/Src/stm32f1xx_hal_tim.o
 .text.TIM_OC2_SetConfig
                0x08007c5c       0xe8 ./Drivers/STM32F1xx_HAL_Driver/Src/stm32f1xx_hal_tim.o
                0x08007c5c                TIM_OC2_SetConfig
 .text.TIM_OC3_SetConfig
                0x08007d44       0xe8 ./Drivers/STM32F1xx_HAL_Driver/Src/stm32f1xx_hal_tim.o
 .text.TIM_OC4_SetConfig
                0x08007e2c       0xa8 ./Drivers/STM32F1xx_HAL_Driver/Src/stm32f1xx_hal_tim.o
 .text.TIM_TI1_ConfigInputStage
                0x08007ed4       0x5c ./Drivers/STM32F1xx_HAL_Driver/Src/stm32f1xx_hal_tim.o
 .text.TIM_TI2_ConfigInputStage
                0x08007f30       0x5e ./Drivers/STM32F1xx_HAL_Driver/Src/stm32f1xx_hal_tim.o
 .text.TIM_ITRx_SetConfig
                0x08007f8e       0x34 ./Drivers/STM32F1xx_HAL_Driver/Src/stm32f1xx_hal_tim.o
 .text.TIM_ETR_SetConfig
                0x08007fc2       0x3e ./Drivers/STM32F1xx_HAL_Driver/Src/stm32f1xx_hal_tim.o
                0x08007fc2                TIM_ETR_SetConfig
 .text.TIM_CCxChannelCmd
                0x08008000       0x48 ./Drivers/STM32F1xx_HAL_Driver/Src/stm32f1xx_hal_tim.o
                0x08008000                TIM_CCxChannelCmd
 .text.HAL_TIMEx_MasterConfigSynchronization
                0x08008048       0xd8 ./Drivers/STM32F1xx_HAL_Driver/Src/stm32f1xx_hal_tim_ex.o
                0x08008048                HAL_TIMEx_MasterConfigSynchronization
 .text.HAL_TIMEx_CommutCallback
                0x08008120       0x12 ./Drivers/STM32F1xx_HAL_Driver/Src/stm32f1xx_hal_tim_ex.o
                0x08008120                HAL_TIMEx_CommutCallback
 .text.HAL_TIMEx_BreakCallback
                0x08008132       0x12 ./Drivers/STM32F1xx_HAL_Driver/Src/stm32f1xx_hal_tim_ex.o
                0x08008132                HAL_TIMEx_BreakCallback
 .text.FSMC_NORSRAM_Init
                0x08008144       0xd4 ./Drivers/STM32F1xx_HAL_Driver/Src/stm32f1xx_ll_fsmc.o
                0x08008144                FSMC_NORSRAM_Init
 .text.FSMC_NORSRAM_Timing_Init
                0x08008218       0x5a ./Drivers/STM32F1xx_HAL_Driver/Src/stm32f1xx_ll_fsmc.o
                0x08008218                FSMC_NORSRAM_Timing_Init
 *fill*         0x08008272        0x2 
 .text.FSMC_NORSRAM_Extended_Timing_Init
                0x08008274       0x70 ./Drivers/STM32F1xx_HAL_Driver/Src/stm32f1xx_ll_fsmc.o
                0x08008274                FSMC_NORSRAM_Extended_Timing_Init
 .text.arm_rfft_fast_init_f32
                0x080082e4      0x100 C:\Users\kinzl\STM32Cube\Repository\STM32Cube_FW_F1_V1.8.6\Drivers\CMSIS\Lib\GCC\libarm_cortexM3l_math.a(arm_rfft_fast_init_f32.o)
                0x080082e4                arm_rfft_fast_init_f32
 .text.arm_rfft_fast_f32
                0x080083e4      0x25c C:\Users\kinzl\STM32Cube\Repository\STM32Cube_FW_F1_V1.8.6\Drivers\CMSIS\Lib\GCC\libarm_cortexM3l_math.a(arm_rfft_fast_f32.o)
                0x080083e4                arm_rfft_fast_f32
 .text.arm_cfft_radix8by2_f32
                0x08008640      0x2a8 C:\Users\kinzl\STM32Cube\Repository\STM32Cube_FW_F1_V1.8.6\Drivers\CMSIS\Lib\GCC\libarm_cortexM3l_math.a(arm_cfft_f32.o)
                0x08008640                arm_cfft_radix8by2_f32
 .text.arm_cfft_radix8by4_f32
                0x080088e8      0x730 C:\Users\kinzl\STM32Cube\Repository\STM32Cube_FW_F1_V1.8.6\Drivers\CMSIS\Lib\GCC\libarm_cortexM3l_math.a(arm_cfft_f32.o)
                0x080088e8                arm_cfft_radix8by4_f32
 .text.arm_cfft_f32
                0x08009018       0xfc C:\Users\kinzl\STM32Cube\Repository\STM32Cube_FW_F1_V1.8.6\Drivers\CMSIS\Lib\GCC\libarm_cortexM3l_math.a(arm_cfft_f32.o)
                0x08009018                arm_cfft_f32
 .text.arm_cos_f32
                0x08009114       0x88 C:\Users\kinzl\STM32Cube\Repository\STM32Cube_FW_F1_V1.8.6\Drivers\CMSIS\Lib\GCC\libarm_cortexM3l_math.a(arm_cos_f32.o)
                0x08009114                arm_cos_f32
 .text.arm_radix8_butterfly_f32
                0x0800919c      0x9b0 C:\Users\kinzl\STM32Cube\Repository\STM32Cube_FW_F1_V1.8.6\Drivers\CMSIS\Lib\GCC\libarm_cortexM3l_math.a(arm_cfft_radix8_f32.o)
                0x0800919c                arm_radix8_butterfly_f32
 .text.sprintf  0x08009b4c       0x44 C:/ST/STM32CubeIDE_1.18.1/STM32CubeIDE/plugins/com.st.stm32cube.ide.mcu.externaltools.gnu-tools-for-stm32.13.3.rel1.win32_1.0.0.202411081344/tools/bin/../lib/gcc/arm-none-eabi/13.3.1/../../../../arm-none-eabi/lib/thumb/v7-m/nofp\libc_nano.a(libc_a-sprintf.o)
                0x08009b4c                siprintf
                0x08009b4c                sprintf
 .text.memset   0x08009b90       0x10 C:/ST/STM32CubeIDE_1.18.1/STM32CubeIDE/plugins/com.st.stm32cube.ide.mcu.externaltools.gnu-tools-for-stm32.13.3.rel1.win32_1.0.0.202411081344/tools/bin/../lib/gcc/arm-none-eabi/13.3.1/../../../../arm-none-eabi/lib/thumb/v7-m/nofp\libc_nano.a(libc_a-memset.o)
                0x08009b90                memset
 .text.__errno  0x08009ba0        0xc C:/ST/STM32CubeIDE_1.18.1/STM32CubeIDE/plugins/com.st.stm32cube.ide.mcu.externaltools.gnu-tools-for-stm32.13.3.rel1.win32_1.0.0.202411081344/tools/bin/../lib/gcc/arm-none-eabi/13.3.1/../../../../arm-none-eabi/lib/thumb/v7-m/nofp\libc_nano.a(libc_a-errno.o)
                0x08009ba0                __errno
 .text.__libc_init_array
                0x08009bac       0x48 C:/ST/STM32CubeIDE_1.18.1/STM32CubeIDE/plugins/com.st.stm32cube.ide.mcu.externaltools.gnu-tools-for-stm32.13.3.rel1.win32_1.0.0.202411081344/tools/bin/../lib/gcc/arm-none-eabi/13.3.1/../../../../arm-none-eabi/lib/thumb/v7-m/nofp\libc_nano.a(libc_a-init.o)
                0x08009bac                __libc_init_array
 .text.__retarget_lock_acquire_recursive
                0x08009bf4        0x2 C:/ST/STM32CubeIDE_1.18.1/STM32CubeIDE/plugins/com.st.stm32cube.ide.mcu.externaltools.gnu-tools-for-stm32.13.3.rel1.win32_1.0.0.202411081344/tools/bin/../lib/gcc/arm-none-eabi/13.3.1/../../../../arm-none-eabi/lib/thumb/v7-m/nofp\libc_nano.a(libc_a-lock.o)
                0x08009bf4                __retarget_lock_acquire_recursive
 .text.__retarget_lock_release_recursive
                0x08009bf6        0x2 C:/ST/STM32CubeIDE_1.18.1/STM32CubeIDE/plugins/com.st.stm32cube.ide.mcu.externaltools.gnu-tools-for-stm32.13.3.rel1.win32_1.0.0.202411081344/tools/bin/../lib/gcc/arm-none-eabi/13.3.1/../../../../arm-none-eabi/lib/thumb/v7-m/nofp\libc_nano.a(libc_a-lock.o)
                0x08009bf6                __retarget_lock_release_recursive
 .text.strcpy   0x08009bf8       0x10 C:/ST/STM32CubeIDE_1.18.1/STM32CubeIDE/plugins/com.st.stm32cube.ide.mcu.externaltools.gnu-tools-for-stm32.13.3.rel1.win32_1.0.0.202411081344/tools/bin/../lib/gcc/arm-none-eabi/13.3.1/../../../../arm-none-eabi/lib/thumb/v7-m/nofp\libc_nano.a(libc_a-strcpy.o)
                0x08009bf8                strcpy
 .text._free_r  0x08009c08       0x90 C:/ST/STM32CubeIDE_1.18.1/STM32CubeIDE/plugins/com.st.stm32cube.ide.mcu.externaltools.gnu-tools-for-stm32.13.3.rel1.win32_1.0.0.202411081344/tools/bin/../lib/gcc/arm-none-eabi/13.3.1/../../../../arm-none-eabi/lib/thumb/v7-m/nofp\libc_nano.a(libc_a-freer.o)
                0x08009c08                _free_r
 .text.sbrk_aligned
                0x08009c98       0x44 C:/ST/STM32CubeIDE_1.18.1/STM32CubeIDE/plugins/com.st.stm32cube.ide.mcu.externaltools.gnu-tools-for-stm32.13.3.rel1.win32_1.0.0.202411081344/tools/bin/../lib/gcc/arm-none-eabi/13.3.1/../../../../arm-none-eabi/lib/thumb/v7-m/nofp\libc_nano.a(libc_a-mallocr.o)
 .text._malloc_r
                0x08009cdc      0x100 C:/ST/STM32CubeIDE_1.18.1/STM32CubeIDE/plugins/com.st.stm32cube.ide.mcu.externaltools.gnu-tools-for-stm32.13.3.rel1.win32_1.0.0.202411081344/tools/bin/../lib/gcc/arm-none-eabi/13.3.1/../../../../arm-none-eabi/lib/thumb/v7-m/nofp\libc_nano.a(libc_a-mallocr.o)
                0x08009cdc                _malloc_r
 .text.__malloc_lock
                0x08009ddc        0xc C:/ST/STM32CubeIDE_1.18.1/STM32CubeIDE/plugins/com.st.stm32cube.ide.mcu.externaltools.gnu-tools-for-stm32.13.3.rel1.win32_1.0.0.202411081344/tools/bin/../lib/gcc/arm-none-eabi/13.3.1/../../../../arm-none-eabi/lib/thumb/v7-m/nofp\libc_nano.a(libc_a-mlock.o)
                0x08009ddc                __malloc_lock
 .text.__malloc_unlock
                0x08009de8        0xc C:/ST/STM32CubeIDE_1.18.1/STM32CubeIDE/plugins/com.st.stm32cube.ide.mcu.externaltools.gnu-tools-for-stm32.13.3.rel1.win32_1.0.0.202411081344/tools/bin/../lib/gcc/arm-none-eabi/13.3.1/../../../../arm-none-eabi/lib/thumb/v7-m/nofp\libc_nano.a(libc_a-mlock.o)
                0x08009de8                __malloc_unlock
 .text.__ssputs_r
                0x08009df4       0xb6 C:/ST/STM32CubeIDE_1.18.1/STM32CubeIDE/plugins/com.st.stm32cube.ide.mcu.externaltools.gnu-tools-for-stm32.13.3.rel1.win32_1.0.0.202411081344/tools/bin/../lib/gcc/arm-none-eabi/13.3.1/../../../../arm-none-eabi/lib/thumb/v7-m/nofp\libc_nano.a(libc_a-nano-svfprintf.o)
                0x08009df4                __ssputs_r
 *fill*         0x08009eaa        0x2 
 .text._svfprintf_r
                0x08009eac      0x1f8 C:/ST/STM32CubeIDE_1.18.1/STM32CubeIDE/plugins/com.st.stm32cube.ide.mcu.externaltools.gnu-tools-for-stm32.13.3.rel1.win32_1.0.0.202411081344/tools/bin/../lib/gcc/arm-none-eabi/13.3.1/../../../../arm-none-eabi/lib/thumb/v7-m/nofp\libc_nano.a(libc_a-nano-svfprintf.o)
                0x08009eac                _svfiprintf_r
                0x08009eac                _svfprintf_r
 .text._printf_common
                0x0800a0a4       0xe4 C:/ST/STM32CubeIDE_1.18.1/STM32CubeIDE/plugins/com.st.stm32cube.ide.mcu.externaltools.gnu-tools-for-stm32.13.3.rel1.win32_1.0.0.202411081344/tools/bin/../lib/gcc/arm-none-eabi/13.3.1/../../../../arm-none-eabi/lib/thumb/v7-m/nofp\libc_nano.a(libc_a-nano-vfprintf_i.o)
                0x0800a0a4                _printf_common
 .text._printf_i
                0x0800a188      0x23c C:/ST/STM32CubeIDE_1.18.1/STM32CubeIDE/plugins/com.st.stm32cube.ide.mcu.externaltools.gnu-tools-for-stm32.13.3.rel1.win32_1.0.0.202411081344/tools/bin/../lib/gcc/arm-none-eabi/13.3.1/../../../../arm-none-eabi/lib/thumb/v7-m/nofp\libc_nano.a(libc_a-nano-vfprintf_i.o)
                0x0800a188                _printf_i
 .text.memmove  0x0800a3c4       0x34 C:/ST/STM32CubeIDE_1.18.1/STM32CubeIDE/plugins/com.st.stm32cube.ide.mcu.externaltools.gnu-tools-for-stm32.13.3.rel1.win32_1.0.0.202411081344/tools/bin/../lib/gcc/arm-none-eabi/13.3.1/../../../../arm-none-eabi/lib/thumb/v7-m/nofp\libc_nano.a(libc_a-memmove.o)
                0x0800a3c4                memmove
 .text._sbrk_r  0x0800a3f8       0x20 C:/ST/STM32CubeIDE_1.18.1/STM32CubeIDE/plugins/com.st.stm32cube.ide.mcu.externaltools.gnu-tools-for-stm32.13.3.rel1.win32_1.0.0.202411081344/tools/bin/../lib/gcc/arm-none-eabi/13.3.1/../../../../arm-none-eabi/lib/thumb/v7-m/nofp\libc_nano.a(libc_a-sbrkr.o)
                0x0800a3f8                _sbrk_r
 .text.memchr   0x0800a418       0x1c C:/ST/STM32CubeIDE_1.18.1/STM32CubeIDE/plugins/com.st.stm32cube.ide.mcu.externaltools.gnu-tools-for-stm32.13.3.rel1.win32_1.0.0.202411081344/tools/bin/../lib/gcc/arm-none-eabi/13.3.1/../../../../arm-none-eabi/lib/thumb/v7-m/nofp\libc_nano.a(libc_a-memchr-stub.o)
                0x0800a418                memchr
 .text.memcpy   0x0800a434       0x1c C:/ST/STM32CubeIDE_1.18.1/STM32CubeIDE/plugins/com.st.stm32cube.ide.mcu.externaltools.gnu-tools-for-stm32.13.3.rel1.win32_1.0.0.202411081344/tools/bin/../lib/gcc/arm-none-eabi/13.3.1/../../../../arm-none-eabi/lib/thumb/v7-m/nofp\libc_nano.a(libc_a-memcpy-stub.o)
                0x0800a434                memcpy
 .text._realloc_r
                0x0800a450       0x5c C:/ST/STM32CubeIDE_1.18.1/STM32CubeIDE/plugins/com.st.stm32cube.ide.mcu.externaltools.gnu-tools-for-stm32.13.3.rel1.win32_1.0.0.202411081344/tools/bin/../lib/gcc/arm-none-eabi/13.3.1/../../../../arm-none-eabi/lib/thumb/v7-m/nofp\libc_nano.a(libc_a-reallocr.o)
                0x0800a450                _realloc_r
 .text._malloc_usable_size_r
                0x0800a4ac       0x10 C:/ST/STM32CubeIDE_1.18.1/STM32CubeIDE/plugins/com.st.stm32cube.ide.mcu.externaltools.gnu-tools-for-stm32.13.3.rel1.win32_1.0.0.202411081344/tools/bin/../lib/gcc/arm-none-eabi/13.3.1/../../../../arm-none-eabi/lib/thumb/v7-m/nofp\libc_nano.a(libc_a-msizer.o)
                0x0800a4ac                _malloc_usable_size_r
 .text.sqrtf    0x0800a4bc       0x34 C:/ST/STM32CubeIDE_1.18.1/STM32CubeIDE/plugins/com.st.stm32cube.ide.mcu.externaltools.gnu-tools-for-stm32.13.3.rel1.win32_1.0.0.202411081344/tools/bin/../lib/gcc/arm-none-eabi/13.3.1/../../../../arm-none-eabi/lib/thumb/v7-m/nofp\libm.a(libm_a-wf_sqrt.o)
                0x0800a4bc                sqrtf
 .text.__ieee754_sqrtf
                0x0800a4f0       0xe0 C:/ST/STM32CubeIDE_1.18.1/STM32CubeIDE/plugins/com.st.stm32cube.ide.mcu.externaltools.gnu-tools-for-stm32.13.3.rel1.win32_1.0.0.202411081344/tools/bin/../lib/gcc/arm-none-eabi/13.3.1/../../../../arm-none-eabi/lib/thumb/v7-m/nofp\libm.a(libm_a-ef_sqrt.o)
                0x0800a4f0                __ieee754_sqrtf
 *(.glue_7)
 .glue_7        0x0800a5d0        0x0 linker stubs
 *(.glue_7t)
 .glue_7t       0x0800a5d0        0x0 linker stubs
 *(.eh_frame)
 .eh_frame      0x0800a5d0        0x0 C:/ST/STM32CubeIDE_1.18.1/STM32CubeIDE/plugins/com.st.stm32cube.ide.mcu.externaltools.gnu-tools-for-stm32.13.3.rel1.win32_1.0.0.202411081344/tools/bin/../lib/gcc/arm-none-eabi/13.3.1/thumb/v7-m/nofp/crtbegin.o
 *(.init)
 .init          0x0800a5d0        0x4 C:/ST/STM32CubeIDE_1.18.1/STM32CubeIDE/plugins/com.st.stm32cube.ide.mcu.externaltools.gnu-tools-for-stm32.13.3.rel1.win32_1.0.0.202411081344/tools/bin/../lib/gcc/arm-none-eabi/13.3.1/thumb/v7-m/nofp/crti.o
                0x0800a5d0                _init
 .init          0x0800a5d4        0x8 C:/ST/STM32CubeIDE_1.18.1/STM32CubeIDE/plugins/com.st.stm32cube.ide.mcu.externaltools.gnu-tools-for-stm32.13.3.rel1.win32_1.0.0.202411081344/tools/bin/../lib/gcc/arm-none-eabi/13.3.1/thumb/v7-m/nofp/crtn.o
 *(.fini)
 .fini          0x0800a5dc        0x4 C:/ST/STM32CubeIDE_1.18.1/STM32CubeIDE/plugins/com.st.stm32cube.ide.mcu.externaltools.gnu-tools-for-stm32.13.3.rel1.win32_1.0.0.202411081344/tools/bin/../lib/gcc/arm-none-eabi/13.3.1/thumb/v7-m/nofp/crti.o
                0x0800a5dc                _fini
 .fini          0x0800a5e0        0x8 C:/ST/STM32CubeIDE_1.18.1/STM32CubeIDE/plugins/com.st.stm32cube.ide.mcu.externaltools.gnu-tools-for-stm32.13.3.rel1.win32_1.0.0.202411081344/tools/bin/../lib/gcc/arm-none-eabi/13.3.1/thumb/v7-m/nofp/crtn.o
                0x0800a5e8                        . = ALIGN (0x4)
                0x0800a5e8                        _etext = .

.vfp11_veneer   0x0800a5e8        0x0
 .vfp11_veneer  0x0800a5e8        0x0 linker stubs

.v4_bx          0x0800a5e8        0x0
 .v4_bx         0x0800a5e8        0x0 linker stubs

.iplt           0x0800a5e8        0x0
 .iplt          0x0800a5e8        0x0 C:/ST/STM32CubeIDE_1.18.1/STM32CubeIDE/plugins/com.st.stm32cube.ide.mcu.externaltools.gnu-tools-for-stm32.13.3.rel1.win32_1.0.0.202411081344/tools/bin/../lib/gcc/arm-none-eabi/13.3.1/thumb/v7-m/nofp/crtbegin.o

.rodata         0x0800a5e8    0x14460
                0x0800a5e8                        . = ALIGN (0x4)
 *(.rodata)
 .rodata        0x0800a5e8      0x119 ./Core/Src/main.o
 *fill*         0x0800a701        0x3 
 .rodata        0x0800a704       0x4a ./Core/Src/xpt2046.o
 *(.rodata*)
 *fill*         0x0800a74e        0x2 
 .rodata.ucAscii_1608
                0x0800a750      0x5f0 ./Core/Src/lcdtp_v1.o
                0x0800a750                ucAscii_1608
 .rodata.note_freqs
                0x0800ad40       0x18 ./Core/Src/main.o
                0x0800ad40                note_freqs
 .rodata.note_tolerances
                0x0800ad58       0x18 ./Core/Src/main.o
                0x0800ad58                note_tolerances
 .rodata.AHBPrescTable
                0x0800ad70       0x10 ./Core/Src/system_stm32f1xx.o
                0x0800ad70                AHBPrescTable
 .rodata.APBPrescTable
                0x0800ad80        0x8 ./Core/Src/system_stm32f1xx.o
                0x0800ad80                APBPrescTable
 .rodata.aPLLMULFactorTable.1
                0x0800ad88       0x10 ./Drivers/STM32F1xx_HAL_Driver/Src/stm32f1xx_hal_rcc.o
 .rodata.aPredivFactorTable.0
                0x0800ad98        0x2 ./Drivers/STM32F1xx_HAL_Driver/Src/stm32f1xx_hal_rcc.o
 *fill*         0x0800ad9a        0x2 
 .rodata.aPLLMULFactorTable.1
                0x0800ad9c       0x10 ./Drivers/STM32F1xx_HAL_Driver/Src/stm32f1xx_hal_rcc_ex.o
 .rodata.aPredivFactorTable.0
                0x0800adac        0x2 ./Drivers/STM32F1xx_HAL_Driver/Src/stm32f1xx_hal_rcc_ex.o
 *fill*         0x0800adae        0x2 
 .rodata.twiddleCoef_2048
                0x0800adb0     0x4000 C:\Users\kinzl\STM32Cube\Repository\STM32Cube_FW_F1_V1.8.6\Drivers\CMSIS\Lib\GCC\libarm_cortexM3l_math.a(arm_common_tables.o)
                0x0800adb0                twiddleCoef_2048
 .rodata.twiddleCoef_rfft_64
                0x0800edb0      0x100 C:\Users\kinzl\STM32Cube\Repository\STM32Cube_FW_F1_V1.8.6\Drivers\CMSIS\Lib\GCC\libarm_cortexM3l_math.a(arm_common_tables.o)
                0x0800edb0                twiddleCoef_rfft_64
 .rodata.armBitRevIndexTable64
                0x0800eeb0       0x70 C:\Users\kinzl\STM32Cube\Repository\STM32Cube_FW_F1_V1.8.6\Drivers\CMSIS\Lib\GCC\libarm_cortexM3l_math.a(arm_common_tables.o)
                0x0800eeb0                armBitRevIndexTable64
 .rodata.twiddleCoef_rfft_2048
                0x0800ef20     0x2000 C:\Users\kinzl\STM32Cube\Repository\STM32Cube_FW_F1_V1.8.6\Drivers\CMSIS\Lib\GCC\libarm_cortexM3l_math.a(arm_common_tables.o)
                0x0800ef20                twiddleCoef_rfft_2048
 .rodata.twiddleCoef_rfft_4096
                0x08010f20     0x4000 C:\Users\kinzl\STM32Cube\Repository\STM32Cube_FW_F1_V1.8.6\Drivers\CMSIS\Lib\GCC\libarm_cortexM3l_math.a(arm_common_tables.o)
                0x08010f20                twiddleCoef_rfft_4096
 .rodata.twiddleCoef_256
                0x08014f20      0x800 C:\Users\kinzl\STM32Cube\Repository\STM32Cube_FW_F1_V1.8.6\Drivers\CMSIS\Lib\GCC\libarm_cortexM3l_math.a(arm_common_tables.o)
                0x08014f20                twiddleCoef_256
 .rodata.twiddleCoef_16
                0x08015720       0x80 C:\Users\kinzl\STM32Cube\Repository\STM32Cube_FW_F1_V1.8.6\Drivers\CMSIS\Lib\GCC\libarm_cortexM3l_math.a(arm_common_tables.o)
                0x08015720                twiddleCoef_16
 .rodata.twiddleCoef_1024
                0x080157a0     0x2000 C:\Users\kinzl\STM32Cube\Repository\STM32Cube_FW_F1_V1.8.6\Drivers\CMSIS\Lib\GCC\libarm_cortexM3l_math.a(arm_common_tables.o)
                0x080157a0                twiddleCoef_1024
 .rodata.twiddleCoef_32
                0x080177a0      0x100 C:\Users\kinzl\STM32Cube\Repository\STM32Cube_FW_F1_V1.8.6\Drivers\CMSIS\Lib\GCC\libarm_cortexM3l_math.a(arm_common_tables.o)
                0x080177a0                twiddleCoef_32
 .rodata.armBitRevIndexTable1024
                0x080178a0      0xe10 C:\Users\kinzl\STM32Cube\Repository\STM32Cube_FW_F1_V1.8.6\Drivers\CMSIS\Lib\GCC\libarm_cortexM3l_math.a(arm_common_tables.o)
                0x080178a0                armBitRevIndexTable1024
 .rodata.armBitRevIndexTable16
                0x080186b0       0x28 C:\Users\kinzl\STM32Cube\Repository\STM32Cube_FW_F1_V1.8.6\Drivers\CMSIS\Lib\GCC\libarm_cortexM3l_math.a(arm_common_tables.o)
                0x080186b0                armBitRevIndexTable16
 .rodata.twiddleCoef_rfft_32
                0x080186d8       0x80 C:\Users\kinzl\STM32Cube\Repository\STM32Cube_FW_F1_V1.8.6\Drivers\CMSIS\Lib\GCC\libarm_cortexM3l_math.a(arm_common_tables.o)
                0x080186d8                twiddleCoef_rfft_32
 .rodata.armBitRevIndexTable32
                0x08018758       0x60 C:\Users\kinzl\STM32Cube\Repository\STM32Cube_FW_F1_V1.8.6\Drivers\CMSIS\Lib\GCC\libarm_cortexM3l_math.a(arm_common_tables.o)
                0x08018758                armBitRevIndexTable32
 .rodata.sinTable_f32
                0x080187b8      0x804 C:\Users\kinzl\STM32Cube\Repository\STM32Cube_FW_F1_V1.8.6\Drivers\CMSIS\Lib\GCC\libarm_cortexM3l_math.a(arm_common_tables.o)
                0x080187b8                sinTable_f32
 .rodata.twiddleCoef_128
                0x08018fbc      0x400 C:\Users\kinzl\STM32Cube\Repository\STM32Cube_FW_F1_V1.8.6\Drivers\CMSIS\Lib\GCC\libarm_cortexM3l_math.a(arm_common_tables.o)
                0x08018fbc                twiddleCoef_128
 .rodata.twiddleCoef_512
                0x080193bc     0x1000 C:\Users\kinzl\STM32Cube\Repository\STM32Cube_FW_F1_V1.8.6\Drivers\CMSIS\Lib\GCC\libarm_cortexM3l_math.a(arm_common_tables.o)
                0x080193bc                twiddleCoef_512
 .rodata.armBitRevIndexTable2048
                0x0801a3bc     0x1dc0 C:\Users\kinzl\STM32Cube\Repository\STM32Cube_FW_F1_V1.8.6\Drivers\CMSIS\Lib\GCC\libarm_cortexM3l_math.a(arm_common_tables.o)
                0x0801a3bc                armBitRevIndexTable2048
 .rodata.twiddleCoef_64
                0x0801c17c      0x200 C:\Users\kinzl\STM32Cube\Repository\STM32Cube_FW_F1_V1.8.6\Drivers\CMSIS\Lib\GCC\libarm_cortexM3l_math.a(arm_common_tables.o)
                0x0801c17c                twiddleCoef_64
 .rodata.twiddleCoef_rfft_512
                0x0801c37c      0x800 C:\Users\kinzl\STM32Cube\Repository\STM32Cube_FW_F1_V1.8.6\Drivers\CMSIS\Lib\GCC\libarm_cortexM3l_math.a(arm_common_tables.o)
                0x0801c37c                twiddleCoef_rfft_512
 .rodata.armBitRevIndexTable512
                0x0801cb7c      0x380 C:\Users\kinzl\STM32Cube\Repository\STM32Cube_FW_F1_V1.8.6\Drivers\CMSIS\Lib\GCC\libarm_cortexM3l_math.a(arm_common_tables.o)
                0x0801cb7c                armBitRevIndexTable512
 .rodata.twiddleCoef_rfft_1024
                0x0801cefc     0x1000 C:\Users\kinzl\STM32Cube\Repository\STM32Cube_FW_F1_V1.8.6\Drivers\CMSIS\Lib\GCC\libarm_cortexM3l_math.a(arm_common_tables.o)
                0x0801cefc                twiddleCoef_rfft_1024
 .rodata.twiddleCoef_rfft_256
                0x0801defc      0x400 C:\Users\kinzl\STM32Cube\Repository\STM32Cube_FW_F1_V1.8.6\Drivers\CMSIS\Lib\GCC\libarm_cortexM3l_math.a(arm_common_tables.o)
                0x0801defc                twiddleCoef_rfft_256
 .rodata.armBitRevIndexTable256
                0x0801e2fc      0x370 C:\Users\kinzl\STM32Cube\Repository\STM32Cube_FW_F1_V1.8.6\Drivers\CMSIS\Lib\GCC\libarm_cortexM3l_math.a(arm_common_tables.o)
                0x0801e2fc                armBitRevIndexTable256
 .rodata.twiddleCoef_rfft_128
                0x0801e66c      0x200 C:\Users\kinzl\STM32Cube\Repository\STM32Cube_FW_F1_V1.8.6\Drivers\CMSIS\Lib\GCC\libarm_cortexM3l_math.a(arm_common_tables.o)
                0x0801e66c                twiddleCoef_rfft_128
 .rodata.armBitRevIndexTable128
                0x0801e86c      0x1a0 C:\Users\kinzl\STM32Cube\Repository\STM32Cube_FW_F1_V1.8.6\Drivers\CMSIS\Lib\GCC\libarm_cortexM3l_math.a(arm_common_tables.o)
                0x0801e86c                armBitRevIndexTable128
 .rodata._svfprintf_r.str1.1
                0x0801ea0c       0x33 C:/ST/STM32CubeIDE_1.18.1/STM32CubeIDE/plugins/com.st.stm32cube.ide.mcu.externaltools.gnu-tools-for-stm32.13.3.rel1.win32_1.0.0.202411081344/tools/bin/../lib/gcc/arm-none-eabi/13.3.1/../../../../arm-none-eabi/lib/thumb/v7-m/nofp\libc_nano.a(libc_a-nano-svfprintf.o)
                                 0x11 (size before relaxing)
 .rodata._printf_i.str1.1
                0x0801ea3f       0x22 C:/ST/STM32CubeIDE_1.18.1/STM32CubeIDE/plugins/com.st.stm32cube.ide.mcu.externaltools.gnu-tools-for-stm32.13.3.rel1.win32_1.0.0.202411081344/tools/bin/../lib/gcc/arm-none-eabi/13.3.1/../../../../arm-none-eabi/lib/thumb/v7-m/nofp\libc_nano.a(libc_a-nano-vfprintf_i.o)
 *fill*         0x0801ea3f        0x1 
 .rodata.tiny   0x0801ea40        0x4 C:/ST/STM32CubeIDE_1.18.1/STM32CubeIDE/plugins/com.st.stm32cube.ide.mcu.externaltools.gnu-tools-for-stm32.13.3.rel1.win32_1.0.0.202411081344/tools/bin/../lib/gcc/arm-none-eabi/13.3.1/../../../../arm-none-eabi/lib/thumb/v7-m/nofp\libm.a(libm_a-ef_sqrt.o)
 .rodata.one    0x0801ea44        0x4 C:/ST/STM32CubeIDE_1.18.1/STM32CubeIDE/plugins/com.st.stm32cube.ide.mcu.externaltools.gnu-tools-for-stm32.13.3.rel1.win32_1.0.0.202411081344/tools/bin/../lib/gcc/arm-none-eabi/13.3.1/../../../../arm-none-eabi/lib/thumb/v7-m/nofp\libm.a(libm_a-ef_sqrt.o)
                0x0801ea48                        . = ALIGN (0x4)

.ARM.extab      0x0801ea48        0x0
                0x0801ea48                        . = ALIGN (0x4)
 *(.ARM.extab* .gnu.linkonce.armextab.*)
                0x0801ea48                        . = ALIGN (0x4)

.ARM            0x0801ea48        0x8
                0x0801ea48                        . = ALIGN (0x4)
                0x0801ea48                        __exidx_start = .
 *(.ARM.exidx*)
 .ARM.exidx     0x0801ea48        0x8 C:/ST/STM32CubeIDE_1.18.1/STM32CubeIDE/plugins/com.st.stm32cube.ide.mcu.externaltools.gnu-tools-for-stm32.13.3.rel1.win32_1.0.0.202411081344/tools/bin/../lib/gcc/arm-none-eabi/13.3.1/../../../../arm-none-eabi/lib/thumb/v7-m/nofp\libc_nano.a(libc_a-strcmp.o)
 .ARM.exidx     0x0801ea50        0x0 C:/ST/STM32CubeIDE_1.18.1/STM32CubeIDE/plugins/com.st.stm32cube.ide.mcu.externaltools.gnu-tools-for-stm32.13.3.rel1.win32_1.0.0.202411081344/tools/bin/../lib/gcc/arm-none-eabi/13.3.1/../../../../arm-none-eabi/lib/thumb/v7-m/nofp\libc_nano.a(libc_a-strlen.o)
                                  0x8 (size before relaxing)
                0x0801ea50                        __exidx_end = .
                0x0801ea50                        . = ALIGN (0x4)

.preinit_array  0x0801ea50        0x0
                0x0801ea50                        . = ALIGN (0x4)
                0x0801ea50                        PROVIDE (__preinit_array_start = .)
 *(.preinit_array*)
                0x0801ea50                        PROVIDE (__preinit_array_end = .)
                0x0801ea50                        . = ALIGN (0x4)

.init_array     0x0801ea50        0x4
                0x0801ea50                        . = ALIGN (0x4)
                0x0801ea50                        PROVIDE (__init_array_start = .)
 *(SORT_BY_NAME(.init_array.*))
 *(.init_array*)
 .init_array    0x0801ea50        0x4 C:/ST/STM32CubeIDE_1.18.1/STM32CubeIDE/plugins/com.st.stm32cube.ide.mcu.externaltools.gnu-tools-for-stm32.13.3.rel1.win32_1.0.0.202411081344/tools/bin/../lib/gcc/arm-none-eabi/13.3.1/thumb/v7-m/nofp/crtbegin.o
                0x0801ea54                        PROVIDE (__init_array_end = .)
                0x0801ea54                        . = ALIGN (0x4)

.fini_array     0x0801ea54        0x4
                0x0801ea54                        . = ALIGN (0x4)
                [!provide]                        PROVIDE (__fini_array_start = .)
 *(SORT_BY_NAME(.fini_array.*))
 *(.fini_array*)
 .fini_array    0x0801ea54        0x4 C:/ST/STM32CubeIDE_1.18.1/STM32CubeIDE/plugins/com.st.stm32cube.ide.mcu.externaltools.gnu-tools-for-stm32.13.3.rel1.win32_1.0.0.202411081344/tools/bin/../lib/gcc/arm-none-eabi/13.3.1/thumb/v7-m/nofp/crtbegin.o
                [!provide]                        PROVIDE (__fini_array_end = .)
                0x0801ea58                        . = ALIGN (0x4)
                0x0801ea58                        _sidata = LOADADDR (.data)

.rel.dyn        0x0801ea58        0x0
 .rel.iplt      0x0801ea58        0x0 C:/ST/STM32CubeIDE_1.18.1/STM32CubeIDE/plugins/com.st.stm32cube.ide.mcu.externaltools.gnu-tools-for-stm32.13.3.rel1.win32_1.0.0.202411081344/tools/bin/../lib/gcc/arm-none-eabi/13.3.1/thumb/v7-m/nofp/crtbegin.o

.data           0x20000000     0x2128 load address 0x0801ea58
                0x20000000                        . = ALIGN (0x4)
                0x20000000                        _sdata = .
 *(.data)
 *(.data*)
 .data.adc_buffer
                0x20000000     0x2000 ./Core/Src/main.o
                0x20000000                adc_buffer
 .data.note_names
                0x20002000       0x18 ./Core/Src/main.o
                0x20002000                note_names
 .data.buttons  0x20002018       0x60 ./Core/Src/main.o
                0x20002018                buttons
 .data.back_button
                0x20002078       0x10 ./Core/Src/main.o
                0x20002078                back_button
 .data.start_button
                0x20002088       0x10 ./Core/Src/main.o
                0x20002088                start_button
 .data.selected_note_idx
                0x20002098        0x4 ./Core/Src/main.o
                0x20002098                selected_note_idx
 .data.SystemCoreClock
                0x2000209c        0x4 ./Core/Src/system_stm32f1xx.o
                0x2000209c                SystemCoreClock
 .data.strXPT2046_TouchPara
                0x200020a0       0x30 ./Core/Src/xpt2046.o
                0x200020a0                strXPT2046_TouchPara
 .data.uwTickPrio
                0x200020d0        0x4 ./Drivers/STM32F1xx_HAL_Driver/Src/stm32f1xx_hal.o
                0x200020d0                uwTickPrio
 .data.uwTickFreq
                0x200020d4        0x1 ./Drivers/STM32F1xx_HAL_Driver/Src/stm32f1xx_hal.o
                0x200020d4                uwTickFreq
 *fill*         0x200020d5        0x3 
 .data._impure_ptr
                0x200020d8        0x4 C:/ST/STM32CubeIDE_1.18.1/STM32CubeIDE/plugins/com.st.stm32cube.ide.mcu.externaltools.gnu-tools-for-stm32.13.3.rel1.win32_1.0.0.202411081344/tools/bin/../lib/gcc/arm-none-eabi/13.3.1/../../../../arm-none-eabi/lib/thumb/v7-m/nofp\libc_nano.a(libc_a-impure.o)
                0x200020d8                _impure_ptr
 .data._impure_data
                0x200020dc       0x4c C:/ST/STM32CubeIDE_1.18.1/STM32CubeIDE/plugins/com.st.stm32cube.ide.mcu.externaltools.gnu-tools-for-stm32.13.3.rel1.win32_1.0.0.202411081344/tools/bin/../lib/gcc/arm-none-eabi/13.3.1/../../../../arm-none-eabi/lib/thumb/v7-m/nofp\libc_nano.a(libc_a-impure.o)
                0x200020dc                _impure_data
 *(.RamFunc)
 *(.RamFunc*)
                0x20002128                        . = ALIGN (0x4)
                0x20002128                        _edata = .

.igot.plt       0x20002128        0x0 load address 0x08020b80
 .igot.plt      0x20002128        0x0 C:/ST/STM32CubeIDE_1.18.1/STM32CubeIDE/plugins/com.st.stm32cube.ide.mcu.externaltools.gnu-tools-for-stm32.13.3.rel1.win32_1.0.0.202411081344/tools/bin/../lib/gcc/arm-none-eabi/13.3.1/thumb/v7-m/nofp/crtbegin.o
                0x20002128                        . = ALIGN (0x4)

.bss            0x20002128     0x4334 load address 0x08020b80
                0x20002128                        _sbss = .
                0x20002128                        __bss_start__ = _sbss
 *(.bss)
 .bss           0x20002128       0x1c C:/ST/STM32CubeIDE_1.18.1/STM32CubeIDE/plugins/com.st.stm32cube.ide.mcu.externaltools.gnu-tools-for-stm32.13.3.rel1.win32_1.0.0.202411081344/tools/bin/../lib/gcc/arm-none-eabi/13.3.1/thumb/v7-m/nofp/crtbegin.o
 *(.bss*)
 .bss.hadc1     0x20002144       0x30 ./Core/Src/main.o
                0x20002144                hadc1
 .bss.hdma_adc1
                0x20002174       0x44 ./Core/Src/main.o
                0x20002174                hdma_adc1
 .bss.htim2     0x200021b8       0x48 ./Core/Src/main.o
                0x200021b8                htim2
 .bss.htim3     0x20002200       0x48 ./Core/Src/main.o
                0x20002200                htim3
 .bss.htim4     0x20002248       0x48 ./Core/Src/main.o
                0x20002248                htim4
 .bss.hsram1    0x20002290       0x48 ./Core/Src/main.o
                0x20002290                hsram1
 .bss.fft_input
                0x200022d8     0x2000 ./Core/Src/main.o
                0x200022d8                fft_input
 .bss.fft_output
                0x200042d8     0x2000 ./Core/Src/main.o
                0x200042d8                fft_output
 .bss.fft_handler
                0x200062d8       0x18 ./Core/Src/main.o
                0x200062d8                fft_handler
 .bss.adc_complete
                0x200062f0        0x1 ./Core/Src/main.o
                0x200062f0                adc_complete
 .bss.buffer_idx
                0x200062f1        0x1 ./Core/Src/main.o
                0x200062f1                buffer_idx
 .bss.processing_buffer
                0x200062f2        0x1 ./Core/Src/main.o
                0x200062f2                processing_buffer
 *fill*         0x200062f3        0x1 
 .bss.global_raw_freq
                0x200062f4        0x4 ./Core/Src/main.o
                0x200062f4                global_raw_freq
 .bss.screen_state
                0x200062f8        0x1 ./Core/Src/main.o
                0x200062f8                screen_state
 .bss.tuning_active
                0x200062f9        0x1 ./Core/Src/main.o
                0x200062f9                tuning_active
 .bss.tune_state
                0x200062fa        0x1 ./Core/Src/main.o
                0x200062fa                tune_state
 *fill*         0x200062fb        0x1 
 .bss.tune_timer
                0x200062fc        0x4 ./Core/Src/main.o
                0x200062fc                tune_timer
 .bss.tune_direction
                0x20006300        0x1 ./Core/Src/main.o
                0x20006300                tune_direction
 *fill*         0x20006301        0x3 
 .bss.FSMC_Initialized
                0x20006304        0x4 ./Core/Src/stm32f1xx_hal_msp.o
 .bss.__sbrk_heap_end
                0x20006308        0x4 ./Core/Src/sysmem.o
 .bss.ucXPT2046_TouchFlag
                0x2000630c        0x1 ./Core/Src/xpt2046.o
                0x2000630c                ucXPT2046_TouchFlag
 *fill*         0x2000630d        0x3 
 .bss.uwTick    0x20006310        0x4 ./Drivers/STM32F1xx_HAL_Driver/Src/stm32f1xx_hal.o
                0x20006310                uwTick
 .bss.__sf      0x20006314      0x138 C:/ST/STM32CubeIDE_1.18.1/STM32CubeIDE/plugins/com.st.stm32cube.ide.mcu.externaltools.gnu-tools-for-stm32.13.3.rel1.win32_1.0.0.202411081344/tools/bin/../lib/gcc/arm-none-eabi/13.3.1/../../../../arm-none-eabi/lib/thumb/v7-m/nofp\libc_nano.a(libc_a-findfp.o)
                0x20006314                __sf
 .bss.errno     0x2000644c        0x4 C:/ST/STM32CubeIDE_1.18.1/STM32CubeIDE/plugins/com.st.stm32cube.ide.mcu.externaltools.gnu-tools-for-stm32.13.3.rel1.win32_1.0.0.202411081344/tools/bin/../lib/gcc/arm-none-eabi/13.3.1/../../../../arm-none-eabi/lib/thumb/v7-m/nofp\libc_nano.a(libc_a-reent.o)
                0x2000644c                errno
 .bss.__lock___malloc_recursive_mutex
                0x20006450        0x1 C:/ST/STM32CubeIDE_1.18.1/STM32CubeIDE/plugins/com.st.stm32cube.ide.mcu.externaltools.gnu-tools-for-stm32.13.3.rel1.win32_1.0.0.202411081344/tools/bin/../lib/gcc/arm-none-eabi/13.3.1/../../../../arm-none-eabi/lib/thumb/v7-m/nofp\libc_nano.a(libc_a-lock.o)
                0x20006450                __lock___malloc_recursive_mutex
 *fill*         0x20006451        0x3 
 .bss.__malloc_sbrk_start
                0x20006454        0x4 C:/ST/STM32CubeIDE_1.18.1/STM32CubeIDE/plugins/com.st.stm32cube.ide.mcu.externaltools.gnu-tools-for-stm32.13.3.rel1.win32_1.0.0.202411081344/tools/bin/../lib/gcc/arm-none-eabi/13.3.1/../../../../arm-none-eabi/lib/thumb/v7-m/nofp\libc_nano.a(libc_a-mallocr.o)
                0x20006454                __malloc_sbrk_start
 .bss.__malloc_free_list
                0x20006458        0x4 C:/ST/STM32CubeIDE_1.18.1/STM32CubeIDE/plugins/com.st.stm32cube.ide.mcu.externaltools.gnu-tools-for-stm32.13.3.rel1.win32_1.0.0.202411081344/tools/bin/../lib/gcc/arm-none-eabi/13.3.1/../../../../arm-none-eabi/lib/thumb/v7-m/nofp\libc_nano.a(libc_a-mallocr.o)
                0x20006458                __malloc_free_list
 *(COMMON)
                0x2000645c                        . = ALIGN (0x4)
                0x2000645c                        _ebss = .
                0x2000645c                        __bss_end__ = _ebss

._user_heap_stack
                0x2000645c      0x604 load address 0x08020b80
                0x20006460                        . = ALIGN (0x8)
 *fill*         0x2000645c        0x4 
                [!provide]                        PROVIDE (end = .)
                0x20006460                        PROVIDE (_end = .)
                0x20006660                        . = (. + _Min_Heap_Size)
 *fill*         0x20006460      0x200 
                0x20006a60                        . = (. + _Min_Stack_Size)
 *fill*         0x20006660      0x400 
                0x20006a60                        . = ALIGN (0x8)

/DISCARD/
 libc.a(*)
 libm.a(*)
 libgcc.a(*)

.ARM.attributes
                0x00000000       0x29
 *(.ARM.attributes)
 .ARM.attributes
                0x00000000       0x1d C:/ST/STM32CubeIDE_1.18.1/STM32CubeIDE/plugins/com.st.stm32cube.ide.mcu.externaltools.gnu-tools-for-stm32.13.3.rel1.win32_1.0.0.202411081344/tools/bin/../lib/gcc/arm-none-eabi/13.3.1/thumb/v7-m/nofp/crti.o
 .ARM.attributes
                0x0000001d       0x2d C:/ST/STM32CubeIDE_1.18.1/STM32CubeIDE/plugins/com.st.stm32cube.ide.mcu.externaltools.gnu-tools-for-stm32.13.3.rel1.win32_1.0.0.202411081344/tools/bin/../lib/gcc/arm-none-eabi/13.3.1/thumb/v7-m/nofp/crtbegin.o
 .ARM.attributes
                0x0000004a       0x2d ./Core/Src/lcdtp_v1.o
 .ARM.attributes
                0x00000077       0x2d ./Core/Src/main.o
 .ARM.attributes
                0x000000a4       0x2d ./Core/Src/stm32f1xx_hal_msp.o
 .ARM.attributes
                0x000000d1       0x2d ./Core/Src/stm32f1xx_it.o
 .ARM.attributes
                0x000000fe       0x2d ./Core/Src/sysmem.o
 .ARM.attributes
                0x0000012b       0x2d ./Core/Src/system_stm32f1xx.o
 .ARM.attributes
                0x00000158       0x2d ./Core/Src/xpt2046.o
 .ARM.attributes
                0x00000185       0x21 ./Core/Startup/startup_stm32f103vetx.o
 .ARM.attributes
                0x000001a6       0x2d ./Drivers/STM32F1xx_HAL_Driver/Src/stm32f1xx_hal.o
 .ARM.attributes
                0x000001d3       0x2d ./Drivers/STM32F1xx_HAL_Driver/Src/stm32f1xx_hal_adc.o
 .ARM.attributes
                0x00000200       0x2d ./Drivers/STM32F1xx_HAL_Driver/Src/stm32f1xx_hal_adc_ex.o
 .ARM.attributes
                0x0000022d       0x2d ./Drivers/STM32F1xx_HAL_Driver/Src/stm32f1xx_hal_cortex.o
 .ARM.attributes
                0x0000025a       0x2d ./Drivers/STM32F1xx_HAL_Driver/Src/stm32f1xx_hal_dma.o
 .ARM.attributes
                0x00000287       0x2d ./Drivers/STM32F1xx_HAL_Driver/Src/stm32f1xx_hal_gpio.o
 .ARM.attributes
                0x000002b4       0x2d ./Drivers/STM32F1xx_HAL_Driver/Src/stm32f1xx_hal_rcc.o
 .ARM.attributes
                0x000002e1       0x2d ./Drivers/STM32F1xx_HAL_Driver/Src/stm32f1xx_hal_rcc_ex.o
 .ARM.attributes
                0x0000030e       0x2d ./Drivers/STM32F1xx_HAL_Driver/Src/stm32f1xx_hal_sram.o
 .ARM.attributes
                0x0000033b       0x2d ./Drivers/STM32F1xx_HAL_Driver/Src/stm32f1xx_hal_tim.o
 .ARM.attributes
                0x00000368       0x2d ./Drivers/STM32F1xx_HAL_Driver/Src/stm32f1xx_hal_tim_ex.o
 .ARM.attributes
                0x00000395       0x2d ./Drivers/STM32F1xx_HAL_Driver/Src/stm32f1xx_ll_fsmc.o
 .ARM.attributes
                0x000003c2       0x33 C:\Users\kinzl\STM32Cube\Repository\STM32Cube_FW_F1_V1.8.6\Drivers\CMSIS\Lib\GCC\libarm_cortexM3l_math.a(arm_rfft_fast_init_f32.o)
 .ARM.attributes
                0x000003f5       0x33 C:\Users\kinzl\STM32Cube\Repository\STM32Cube_FW_F1_V1.8.6\Drivers\CMSIS\Lib\GCC\libarm_cortexM3l_math.a(arm_rfft_fast_f32.o)
 .ARM.attributes
                0x00000428       0x33 C:\Users\kinzl\STM32Cube\Repository\STM32Cube_FW_F1_V1.8.6\Drivers\CMSIS\Lib\GCC\libarm_cortexM3l_math.a(arm_cfft_f32.o)
 .ARM.attributes
                0x0000045b       0x33 C:\Users\kinzl\STM32Cube\Repository\STM32Cube_FW_F1_V1.8.6\Drivers\CMSIS\Lib\GCC\libarm_cortexM3l_math.a(arm_cos_f32.o)
 .ARM.attributes
                0x0000048e       0x33 C:\Users\kinzl\STM32Cube\Repository\STM32Cube_FW_F1_V1.8.6\Drivers\CMSIS\Lib\GCC\libarm_cortexM3l_math.a(arm_common_tables.o)
 .ARM.attributes
                0x000004c1       0x21 C:\Users\kinzl\STM32Cube\Repository\STM32Cube_FW_F1_V1.8.6\Drivers\CMSIS\Lib\GCC\libarm_cortexM3l_math.a(arm_bitreversal2.o)
 .ARM.attributes
                0x000004e2       0x33 C:\Users\kinzl\STM32Cube\Repository\STM32Cube_FW_F1_V1.8.6\Drivers\CMSIS\Lib\GCC\libarm_cortexM3l_math.a(arm_cfft_radix8_f32.o)
 .ARM.attributes
                0x00000515       0x2d C:/ST/STM32CubeIDE_1.18.1/STM32CubeIDE/plugins/com.st.stm32cube.ide.mcu.externaltools.gnu-tools-for-stm32.13.3.rel1.win32_1.0.0.202411081344/tools/bin/../lib/gcc/arm-none-eabi/13.3.1/../../../../arm-none-eabi/lib/thumb/v7-m/nofp\libc_nano.a(libc_a-findfp.o)
 .ARM.attributes
                0x00000542       0x2d C:/ST/STM32CubeIDE_1.18.1/STM32CubeIDE/plugins/com.st.stm32cube.ide.mcu.externaltools.gnu-tools-for-stm32.13.3.rel1.win32_1.0.0.202411081344/tools/bin/../lib/gcc/arm-none-eabi/13.3.1/../../../../arm-none-eabi/lib/thumb/v7-m/nofp\libc_nano.a(libc_a-sprintf.o)
 .ARM.attributes
                0x0000056f       0x2d C:/ST/STM32CubeIDE_1.18.1/STM32CubeIDE/plugins/com.st.stm32cube.ide.mcu.externaltools.gnu-tools-for-stm32.13.3.rel1.win32_1.0.0.202411081344/tools/bin/../lib/gcc/arm-none-eabi/13.3.1/../../../../arm-none-eabi/lib/thumb/v7-m/nofp\libc_nano.a(libc_a-memset.o)
 .ARM.attributes
                0x0000059c       0x2d C:/ST/STM32CubeIDE_1.18.1/STM32CubeIDE/plugins/com.st.stm32cube.ide.mcu.externaltools.gnu-tools-for-stm32.13.3.rel1.win32_1.0.0.202411081344/tools/bin/../lib/gcc/arm-none-eabi/13.3.1/../../../../arm-none-eabi/lib/thumb/v7-m/nofp\libc_nano.a(libc_a-reent.o)
 .ARM.attributes
                0x000005c9       0x2d C:/ST/STM32CubeIDE_1.18.1/STM32CubeIDE/plugins/com.st.stm32cube.ide.mcu.externaltools.gnu-tools-for-stm32.13.3.rel1.win32_1.0.0.202411081344/tools/bin/../lib/gcc/arm-none-eabi/13.3.1/../../../../arm-none-eabi/lib/thumb/v7-m/nofp\libc_nano.a(libc_a-impure.o)
 .ARM.attributes
                0x000005f6       0x2d C:/ST/STM32CubeIDE_1.18.1/STM32CubeIDE/plugins/com.st.stm32cube.ide.mcu.externaltools.gnu-tools-for-stm32.13.3.rel1.win32_1.0.0.202411081344/tools/bin/../lib/gcc/arm-none-eabi/13.3.1/../../../../arm-none-eabi/lib/thumb/v7-m/nofp\libc_nano.a(libc_a-errno.o)
 .ARM.attributes
                0x00000623       0x2d C:/ST/STM32CubeIDE_1.18.1/STM32CubeIDE/plugins/com.st.stm32cube.ide.mcu.externaltools.gnu-tools-for-stm32.13.3.rel1.win32_1.0.0.202411081344/tools/bin/../lib/gcc/arm-none-eabi/13.3.1/../../../../arm-none-eabi/lib/thumb/v7-m/nofp\libc_nano.a(libc_a-init.o)
 .ARM.attributes
                0x00000650       0x2d C:/ST/STM32CubeIDE_1.18.1/STM32CubeIDE/plugins/com.st.stm32cube.ide.mcu.externaltools.gnu-tools-for-stm32.13.3.rel1.win32_1.0.0.202411081344/tools/bin/../lib/gcc/arm-none-eabi/13.3.1/../../../../arm-none-eabi/lib/thumb/v7-m/nofp\libc_nano.a(libc_a-lock.o)
 .ARM.attributes
                0x0000067d       0x1b C:/ST/STM32CubeIDE_1.18.1/STM32CubeIDE/plugins/com.st.stm32cube.ide.mcu.externaltools.gnu-tools-for-stm32.13.3.rel1.win32_1.0.0.202411081344/tools/bin/../lib/gcc/arm-none-eabi/13.3.1/../../../../arm-none-eabi/lib/thumb/v7-m/nofp\libc_nano.a(libc_a-strcmp.o)
 .ARM.attributes
                0x00000698       0x2d C:/ST/STM32CubeIDE_1.18.1/STM32CubeIDE/plugins/com.st.stm32cube.ide.mcu.externaltools.gnu-tools-for-stm32.13.3.rel1.win32_1.0.0.202411081344/tools/bin/../lib/gcc/arm-none-eabi/13.3.1/../../../../arm-none-eabi/lib/thumb/v7-m/nofp\libc_nano.a(libc_a-strcpy.o)
 .ARM.attributes
                0x000006c5       0x17 C:/ST/STM32CubeIDE_1.18.1/STM32CubeIDE/plugins/com.st.stm32cube.ide.mcu.externaltools.gnu-tools-for-stm32.13.3.rel1.win32_1.0.0.202411081344/tools/bin/../lib/gcc/arm-none-eabi/13.3.1/../../../../arm-none-eabi/lib/thumb/v7-m/nofp\libc_nano.a(libc_a-strlen.o)
 .ARM.attributes
                0x000006dc       0x2d C:/ST/STM32CubeIDE_1.18.1/STM32CubeIDE/plugins/com.st.stm32cube.ide.mcu.externaltools.gnu-tools-for-stm32.13.3.rel1.win32_1.0.0.202411081344/tools/bin/../lib/gcc/arm-none-eabi/13.3.1/../../../../arm-none-eabi/lib/thumb/v7-m/nofp\libc_nano.a(libc_a-freer.o)
 .ARM.attributes
                0x00000709       0x2d C:/ST/STM32CubeIDE_1.18.1/STM32CubeIDE/plugins/com.st.stm32cube.ide.mcu.externaltools.gnu-tools-for-stm32.13.3.rel1.win32_1.0.0.202411081344/tools/bin/../lib/gcc/arm-none-eabi/13.3.1/../../../../arm-none-eabi/lib/thumb/v7-m/nofp\libc_nano.a(libc_a-mallocr.o)
 .ARM.attributes
                0x00000736       0x2d C:/ST/STM32CubeIDE_1.18.1/STM32CubeIDE/plugins/com.st.stm32cube.ide.mcu.externaltools.gnu-tools-for-stm32.13.3.rel1.win32_1.0.0.202411081344/tools/bin/../lib/gcc/arm-none-eabi/13.3.1/../../../../arm-none-eabi/lib/thumb/v7-m/nofp\libc_nano.a(libc_a-mlock.o)
 .ARM.attributes
                0x00000763       0x2d C:/ST/STM32CubeIDE_1.18.1/STM32CubeIDE/plugins/com.st.stm32cube.ide.mcu.externaltools.gnu-tools-for-stm32.13.3.rel1.win32_1.0.0.202411081344/tools/bin/../lib/gcc/arm-none-eabi/13.3.1/../../../../arm-none-eabi/lib/thumb/v7-m/nofp\libc_nano.a(libc_a-nano-svfprintf.o)
 .ARM.attributes
                0x00000790       0x2d C:/ST/STM32CubeIDE_1.18.1/STM32CubeIDE/plugins/com.st.stm32cube.ide.mcu.externaltools.gnu-tools-for-stm32.13.3.rel1.win32_1.0.0.202411081344/tools/bin/../lib/gcc/arm-none-eabi/13.3.1/../../../../arm-none-eabi/lib/thumb/v7-m/nofp\libc_nano.a(libc_a-nano-vfprintf_i.o)
 .ARM.attributes
                0x000007bd       0x2d C:/ST/STM32CubeIDE_1.18.1/STM32CubeIDE/plugins/com.st.stm32cube.ide.mcu.externaltools.gnu-tools-for-stm32.13.3.rel1.win32_1.0.0.202411081344/tools/bin/../lib/gcc/arm-none-eabi/13.3.1/../../../../arm-none-eabi/lib/thumb/v7-m/nofp\libc_nano.a(libc_a-memmove.o)
 .ARM.attributes
                0x000007ea       0x2d C:/ST/STM32CubeIDE_1.18.1/STM32CubeIDE/plugins/com.st.stm32cube.ide.mcu.externaltools.gnu-tools-for-stm32.13.3.rel1.win32_1.0.0.202411081344/tools/bin/../lib/gcc/arm-none-eabi/13.3.1/../../../../arm-none-eabi/lib/thumb/v7-m/nofp\libc_nano.a(libc_a-sbrkr.o)
 .ARM.attributes
                0x00000817       0x2d C:/ST/STM32CubeIDE_1.18.1/STM32CubeIDE/plugins/com.st.stm32cube.ide.mcu.externaltools.gnu-tools-for-stm32.13.3.rel1.win32_1.0.0.202411081344/tools/bin/../lib/gcc/arm-none-eabi/13.3.1/../../../../arm-none-eabi/lib/thumb/v7-m/nofp\libc_nano.a(libc_a-memchr-stub.o)
 .ARM.attributes
                0x00000844       0x2d C:/ST/STM32CubeIDE_1.18.1/STM32CubeIDE/plugins/com.st.stm32cube.ide.mcu.externaltools.gnu-tools-for-stm32.13.3.rel1.win32_1.0.0.202411081344/tools/bin/../lib/gcc/arm-none-eabi/13.3.1/../../../../arm-none-eabi/lib/thumb/v7-m/nofp\libc_nano.a(libc_a-memcpy-stub.o)
 .ARM.attributes
                0x00000871       0x2d C:/ST/STM32CubeIDE_1.18.1/STM32CubeIDE/plugins/com.st.stm32cube.ide.mcu.externaltools.gnu-tools-for-stm32.13.3.rel1.win32_1.0.0.202411081344/tools/bin/../lib/gcc/arm-none-eabi/13.3.1/../../../../arm-none-eabi/lib/thumb/v7-m/nofp\libc_nano.a(libc_a-reallocr.o)
 .ARM.attributes
                0x0000089e       0x2d C:/ST/STM32CubeIDE_1.18.1/STM32CubeIDE/plugins/com.st.stm32cube.ide.mcu.externaltools.gnu-tools-for-stm32.13.3.rel1.win32_1.0.0.202411081344/tools/bin/../lib/gcc/arm-none-eabi/13.3.1/../../../../arm-none-eabi/lib/thumb/v7-m/nofp\libc_nano.a(libc_a-msizer.o)
 .ARM.attributes
                0x000008cb       0x2d C:/ST/STM32CubeIDE_1.18.1/STM32CubeIDE/plugins/com.st.stm32cube.ide.mcu.externaltools.gnu-tools-for-stm32.13.3.rel1.win32_1.0.0.202411081344/tools/bin/../lib/gcc/arm-none-eabi/13.3.1/../../../../arm-none-eabi/lib/thumb/v7-m/nofp\libm.a(libm_a-wf_sqrt.o)
 .ARM.attributes
                0x000008f8       0x2d C:/ST/STM32CubeIDE_1.18.1/STM32CubeIDE/plugins/com.st.stm32cube.ide.mcu.externaltools.gnu-tools-for-stm32.13.3.rel1.win32_1.0.0.202411081344/tools/bin/../lib/gcc/arm-none-eabi/13.3.1/../../../../arm-none-eabi/lib/thumb/v7-m/nofp\libm.a(libm_a-ef_sqrt.o)
 .ARM.attributes
                0x00000925       0x1d C:/ST/STM32CubeIDE_1.18.1/STM32CubeIDE/plugins/com.st.stm32cube.ide.mcu.externaltools.gnu-tools-for-stm32.13.3.rel1.win32_1.0.0.202411081344/tools/bin/../lib/gcc/arm-none-eabi/13.3.1/thumb/v7-m/nofp\libgcc.a(_arm_addsubdf3.o)
 .ARM.attributes
                0x00000942       0x1d C:/ST/STM32CubeIDE_1.18.1/STM32CubeIDE/plugins/com.st.stm32cube.ide.mcu.externaltools.gnu-tools-for-stm32.13.3.rel1.win32_1.0.0.202411081344/tools/bin/../lib/gcc/arm-none-eabi/13.3.1/thumb/v7-m/nofp\libgcc.a(_arm_muldivdf3.o)
 .ARM.attributes
                0x0000095f       0x1d C:/ST/STM32CubeIDE_1.18.1/STM32CubeIDE/plugins/com.st.stm32cube.ide.mcu.externaltools.gnu-tools-for-stm32.13.3.rel1.win32_1.0.0.202411081344/tools/bin/../lib/gcc/arm-none-eabi/13.3.1/thumb/v7-m/nofp\libgcc.a(_arm_cmpdf2.o)
 .ARM.attributes
                0x0000097c       0x1d C:/ST/STM32CubeIDE_1.18.1/STM32CubeIDE/plugins/com.st.stm32cube.ide.mcu.externaltools.gnu-tools-for-stm32.13.3.rel1.win32_1.0.0.202411081344/tools/bin/../lib/gcc/arm-none-eabi/13.3.1/thumb/v7-m/nofp\libgcc.a(_arm_fixunsdfsi.o)
 .ARM.attributes
                0x00000999       0x1d C:/ST/STM32CubeIDE_1.18.1/STM32CubeIDE/plugins/com.st.stm32cube.ide.mcu.externaltools.gnu-tools-for-stm32.13.3.rel1.win32_1.0.0.202411081344/tools/bin/../lib/gcc/arm-none-eabi/13.3.1/thumb/v7-m/nofp\libgcc.a(_arm_addsubsf3.o)
 .ARM.attributes
                0x000009b6       0x1d C:/ST/STM32CubeIDE_1.18.1/STM32CubeIDE/plugins/com.st.stm32cube.ide.mcu.externaltools.gnu-tools-for-stm32.13.3.rel1.win32_1.0.0.202411081344/tools/bin/../lib/gcc/arm-none-eabi/13.3.1/thumb/v7-m/nofp\libgcc.a(_arm_muldivsf3.o)
 .ARM.attributes
                0x000009d3       0x1d C:/ST/STM32CubeIDE_1.18.1/STM32CubeIDE/plugins/com.st.stm32cube.ide.mcu.externaltools.gnu-tools-for-stm32.13.3.rel1.win32_1.0.0.202411081344/tools/bin/../lib/gcc/arm-none-eabi/13.3.1/thumb/v7-m/nofp\libgcc.a(_arm_cmpsf2.o)
 .ARM.attributes
                0x000009f0       0x1d C:/ST/STM32CubeIDE_1.18.1/STM32CubeIDE/plugins/com.st.stm32cube.ide.mcu.externaltools.gnu-tools-for-stm32.13.3.rel1.win32_1.0.0.202411081344/tools/bin/../lib/gcc/arm-none-eabi/13.3.1/thumb/v7-m/nofp\libgcc.a(_arm_unordsf2.o)
 .ARM.attributes
                0x00000a0d       0x1d C:/ST/STM32CubeIDE_1.18.1/STM32CubeIDE/plugins/com.st.stm32cube.ide.mcu.externaltools.gnu-tools-for-stm32.13.3.rel1.win32_1.0.0.202411081344/tools/bin/../lib/gcc/arm-none-eabi/13.3.1/thumb/v7-m/nofp\libgcc.a(_arm_fixsfsi.o)
 .ARM.attributes
                0x00000a2a       0x1d C:/ST/STM32CubeIDE_1.18.1/STM32CubeIDE/plugins/com.st.stm32cube.ide.mcu.externaltools.gnu-tools-for-stm32.13.3.rel1.win32_1.0.0.202411081344/tools/bin/../lib/gcc/arm-none-eabi/13.3.1/thumb/v7-m/nofp\libgcc.a(_arm_fixunssfsi.o)
 .ARM.attributes
                0x00000a47       0x1d C:/ST/STM32CubeIDE_1.18.1/STM32CubeIDE/plugins/com.st.stm32cube.ide.mcu.externaltools.gnu-tools-for-stm32.13.3.rel1.win32_1.0.0.202411081344/tools/bin/../lib/gcc/arm-none-eabi/13.3.1/thumb/v7-m/nofp/crtn.o
OUTPUT(ELEC3300_project.elf elf32-littlearm)
LOAD linker stubs
LOAD C:/ST/STM32CubeIDE_1.18.1/STM32CubeIDE/plugins/com.st.stm32cube.ide.mcu.externaltools.gnu-tools-for-stm32.13.3.rel1.win32_1.0.0.202411081344/tools/bin/../lib/gcc/arm-none-eabi/13.3.1/../../../../arm-none-eabi/lib/thumb/v7-m/nofp\libc.a
LOAD C:/ST/STM32CubeIDE_1.18.1/STM32CubeIDE/plugins/com.st.stm32cube.ide.mcu.externaltools.gnu-tools-for-stm32.13.3.rel1.win32_1.0.0.202411081344/tools/bin/../lib/gcc/arm-none-eabi/13.3.1/../../../../arm-none-eabi/lib/thumb/v7-m/nofp\libm.a
LOAD C:/ST/STM32CubeIDE_1.18.1/STM32CubeIDE/plugins/com.st.stm32cube.ide.mcu.externaltools.gnu-tools-for-stm32.13.3.rel1.win32_1.0.0.202411081344/tools/bin/../lib/gcc/arm-none-eabi/13.3.1/thumb/v7-m/nofp\libgcc.a

.debug_info     0x00000000    0x107cc
 .debug_info    0x00000000      0x7e0 ./Core/Src/lcdtp_v1.o
 .debug_info    0x000007e0     0x24a4 ./Core/Src/main.o
 .debug_info    0x00002c84     0x10a8 ./Core/Src/stm32f1xx_hal_msp.o
 .debug_info    0x00003d2c      0x7ad ./Core/Src/stm32f1xx_it.o
 .debug_info    0x000044d9      0x168 ./Core/Src/sysmem.o
 .debug_info    0x00004641      0x222 ./Core/Src/system_stm32f1xx.o
 .debug_info    0x00004863      0x75e ./Core/Src/xpt2046.o
 .debug_info    0x00004fc1       0x30 ./Core/Startup/startup_stm32f103vetx.o
 .debug_info    0x00004ff1      0x76a ./Drivers/STM32F1xx_HAL_Driver/Src/stm32f1xx_hal.o
 .debug_info    0x0000575b      0xc50 ./Drivers/STM32F1xx_HAL_Driver/Src/stm32f1xx_hal_adc.o
 .debug_info    0x000063ab      0xa10 ./Drivers/STM32F1xx_HAL_Driver/Src/stm32f1xx_hal_adc_ex.o
 .debug_info    0x00006dbb      0xaed ./Drivers/STM32F1xx_HAL_Driver/Src/stm32f1xx_hal_cortex.o
 .debug_info    0x000078a8      0x6d2 ./Drivers/STM32F1xx_HAL_Driver/Src/stm32f1xx_hal_dma.o
 .debug_info    0x00007f7a      0x5ab ./Drivers/STM32F1xx_HAL_Driver/Src/stm32f1xx_hal_gpio.o
 .debug_info    0x00008525      0x7d5 ./Drivers/STM32F1xx_HAL_Driver/Src/stm32f1xx_hal_rcc.o
 .debug_info    0x00008cfa      0x3e9 ./Drivers/STM32F1xx_HAL_Driver/Src/stm32f1xx_hal_rcc_ex.o
 .debug_info    0x000090e3      0xce0 ./Drivers/STM32F1xx_HAL_Driver/Src/stm32f1xx_hal_sram.o
 .debug_info    0x00009dc3     0x2959 ./Drivers/STM32F1xx_HAL_Driver/Src/stm32f1xx_hal_tim.o
 .debug_info    0x0000c71c     0x149b ./Drivers/STM32F1xx_HAL_Driver/Src/stm32f1xx_hal_tim_ex.o
 .debug_info    0x0000dbb7      0x98a ./Drivers/STM32F1xx_HAL_Driver/Src/stm32f1xx_ll_fsmc.o
 .debug_info    0x0000e541      0x4c7 C:\Users\kinzl\STM32Cube\Repository\STM32Cube_FW_F1_V1.8.6\Drivers\CMSIS\Lib\GCC\libarm_cortexM3l_math.a(arm_rfft_fast_init_f32.o)
 .debug_info    0x0000ea08      0x728 C:\Users\kinzl\STM32Cube\Repository\STM32Cube_FW_F1_V1.8.6\Drivers\CMSIS\Lib\GCC\libarm_cortexM3l_math.a(arm_rfft_fast_f32.o)
 .debug_info    0x0000f130      0x69a C:\Users\kinzl\STM32Cube\Repository\STM32Cube_FW_F1_V1.8.6\Drivers\CMSIS\Lib\GCC\libarm_cortexM3l_math.a(arm_cfft_f32.o)
 .debug_info    0x0000f7ca      0x184 C:\Users\kinzl\STM32Cube\Repository\STM32Cube_FW_F1_V1.8.6\Drivers\CMSIS\Lib\GCC\libarm_cortexM3l_math.a(arm_cos_f32.o)
 .debug_info    0x0000f94e      0x9b1 C:\Users\kinzl\STM32Cube\Repository\STM32Cube_FW_F1_V1.8.6\Drivers\CMSIS\Lib\GCC\libarm_cortexM3l_math.a(arm_common_tables.o)
 .debug_info    0x000102ff       0x98 C:\Users\kinzl\STM32Cube\Repository\STM32Cube_FW_F1_V1.8.6\Drivers\CMSIS\Lib\GCC\libarm_cortexM3l_math.a(arm_bitreversal2.o)
 .debug_info    0x00010397      0x435 C:\Users\kinzl\STM32Cube\Repository\STM32Cube_FW_F1_V1.8.6\Drivers\CMSIS\Lib\GCC\libarm_cortexM3l_math.a(arm_cfft_radix8_f32.o)

.debug_abbrev   0x00000000     0x2f14
 .debug_abbrev  0x00000000      0x25d ./Core/Src/lcdtp_v1.o
 .debug_abbrev  0x0000025d      0x3b8 ./Core/Src/main.o
 .debug_abbrev  0x00000615      0x286 ./Core/Src/stm32f1xx_hal_msp.o
 .debug_abbrev  0x0000089b      0x1b0 ./Core/Src/stm32f1xx_it.o
 .debug_abbrev  0x00000a4b       0xbc ./Core/Src/sysmem.o
 .debug_abbrev  0x00000b07      0x13f ./Core/Src/system_stm32f1xx.o
 .debug_abbrev  0x00000c46      0x27d ./Core/Src/xpt2046.o
 .debug_abbrev  0x00000ec3       0x24 ./Core/Startup/startup_stm32f103vetx.o
 .debug_abbrev  0x00000ee7      0x201 ./Drivers/STM32F1xx_HAL_Driver/Src/stm32f1xx_hal.o
 .debug_abbrev  0x000010e8      0x225 ./Drivers/STM32F1xx_HAL_Driver/Src/stm32f1xx_hal_adc.o
 .debug_abbrev  0x0000130d      0x249 ./Drivers/STM32F1xx_HAL_Driver/Src/stm32f1xx_hal_adc_ex.o
 .debug_abbrev  0x00001556      0x2f8 ./Drivers/STM32F1xx_HAL_Driver/Src/stm32f1xx_hal_cortex.o
 .debug_abbrev  0x0000184e      0x20b ./Drivers/STM32F1xx_HAL_Driver/Src/stm32f1xx_hal_dma.o
 .debug_abbrev  0x00001a59      0x1ca ./Drivers/STM32F1xx_HAL_Driver/Src/stm32f1xx_hal_gpio.o
 .debug_abbrev  0x00001c23      0x2b3 ./Drivers/STM32F1xx_HAL_Driver/Src/stm32f1xx_hal_rcc.o
 .debug_abbrev  0x00001ed6      0x188 ./Drivers/STM32F1xx_HAL_Driver/Src/stm32f1xx_hal_rcc_ex.o
 .debug_abbrev  0x0000205e      0x1f4 ./Drivers/STM32F1xx_HAL_Driver/Src/stm32f1xx_hal_sram.o
 .debug_abbrev  0x00002252      0x277 ./Drivers/STM32F1xx_HAL_Driver/Src/stm32f1xx_hal_tim.o
 .debug_abbrev  0x000024c9      0x282 ./Drivers/STM32F1xx_HAL_Driver/Src/stm32f1xx_hal_tim_ex.o
 .debug_abbrev  0x0000274b      0x1ab ./Drivers/STM32F1xx_HAL_Driver/Src/stm32f1xx_ll_fsmc.o
 .debug_abbrev  0x000028f6      0x108 C:\Users\kinzl\STM32Cube\Repository\STM32Cube_FW_F1_V1.8.6\Drivers\CMSIS\Lib\GCC\libarm_cortexM3l_math.a(arm_rfft_fast_init_f32.o)
 .debug_abbrev  0x000029fe      0x180 C:\Users\kinzl\STM32Cube\Repository\STM32Cube_FW_F1_V1.8.6\Drivers\CMSIS\Lib\GCC\libarm_cortexM3l_math.a(arm_rfft_fast_f32.o)
 .debug_abbrev  0x00002b7e      0x183 C:\Users\kinzl\STM32Cube\Repository\STM32Cube_FW_F1_V1.8.6\Drivers\CMSIS\Lib\GCC\libarm_cortexM3l_math.a(arm_cfft_f32.o)
 .debug_abbrev  0x00002d01       0xd3 C:\Users\kinzl\STM32Cube\Repository\STM32Cube_FW_F1_V1.8.6\Drivers\CMSIS\Lib\GCC\libarm_cortexM3l_math.a(arm_cos_f32.o)
 .debug_abbrev  0x00002dd4       0x84 C:\Users\kinzl\STM32Cube\Repository\STM32Cube_FW_F1_V1.8.6\Drivers\CMSIS\Lib\GCC\libarm_cortexM3l_math.a(arm_common_tables.o)
 .debug_abbrev  0x00002e58       0x14 C:\Users\kinzl\STM32Cube\Repository\STM32Cube_FW_F1_V1.8.6\Drivers\CMSIS\Lib\GCC\libarm_cortexM3l_math.a(arm_bitreversal2.o)
 .debug_abbrev  0x00002e6c       0xa8 C:\Users\kinzl\STM32Cube\Repository\STM32Cube_FW_F1_V1.8.6\Drivers\CMSIS\Lib\GCC\libarm_cortexM3l_math.a(arm_cfft_radix8_f32.o)

.debug_aranges  0x00000000      0xfb0
 .debug_aranges
                0x00000000       0xc8 ./Core/Src/lcdtp_v1.o
 .debug_aranges
                0x000000c8       0xc0 ./Core/Src/main.o
 .debug_aranges
                0x00000188       0x60 ./Core/Src/stm32f1xx_hal_msp.o
 .debug_aranges
                0x000001e8       0x78 ./Core/Src/stm32f1xx_it.o
 .debug_aranges
                0x00000260       0x20 ./Core/Src/sysmem.o
 .debug_aranges
                0x00000280       0x28 ./Core/Src/system_stm32f1xx.o
 .debug_aranges