Archive member included to satisfy reference by file (symbol)

C:\Users\kinzl\STM32Cube\Repository\STM32Cube_FW_F1_V1.8.6\Drivers\CMSIS\Lib\GCC\libarm_cortexM3l_math.a(arm_rfft_fast_init_f32.o)
                              ./Core/Src/main.o (arm_rfft_fast_init_f32)
C:\Users\kinzl\STM32Cube\Repository\STM32Cube_FW_F1_V1.8.6\Drivers\CMSIS\Lib\GCC\libarm_cortexM3l_math.a(arm_rfft_fast_f32.o)
                              ./Core/Src/main.o (arm_rfft_fast_f32)
C:\Users\kinzl\STM32Cube\Repository\STM32Cube_FW_F1_V1.8.6\Drivers\CMSIS\Lib\GCC\libarm_cortexM3l_math.a(arm_cfft_f32.o)
                              C:\Users\kinzl\STM32Cube\Repository\STM32Cube_FW_F1_V1.8.6\Drivers\CMSIS\Lib\GCC\libarm_cortexM3l_math.a(arm_rfft_fast_f32.o) (arm_cfft_f32)
C:\Users\kinzl\STM32Cube\Repository\STM32Cube_FW_F1_V1.8.6\Drivers\CMSIS\Lib\GCC\libarm_cortexM3l_math.a(arm_cos_f32.o)
                              ./Core/Src/main.o (arm_cos_f32)
C:\Users\kinzl\STM32Cube\Repository\STM32Cube_FW_F1_V1.8.6\Drivers\CMSIS\Lib\GCC\libarm_cortexM3l_math.a(arm_common_tables.o)
                              C:\Users\kinzl\STM32Cube\Repository\STM32Cube_FW_F1_V1.8.6\Drivers\CMSIS\Lib\GCC\libarm_cortexM3l_math.a(arm_cos_f32.o) (sinTable_f32)
C:\Users\kinzl\STM32Cube\Repository\STM32Cube_FW_F1_V1.8.6\Drivers\CMSIS\Lib\GCC\libarm_cortexM3l_math.a(arm_bitreversal2.o)
                              C:\Users\kinzl\STM32Cube\Repository\STM32Cube_FW_F1_V1.8.6\Drivers\CMSIS\Lib\GCC\libarm_cortexM3l_math.a(arm_cfft_f32.o) (arm_bitreversal_32)
C:\Users\kinzl\STM32Cube\Repository\STM32Cube_FW_F1_V1.8.6\Drivers\CMSIS\Lib\GCC\libarm_cortexM3l_math.a(arm_cfft_radix8_f32.o)
                              C:\Users\kinzl\STM32Cube\Repository\STM32Cube_FW_F1_V1.8.6\Drivers\CMSIS\Lib\GCC\libarm_cortexM3l_math.a(arm_cfft_f32.o) (arm_radix8_butterfly_f32)
C:/ST/STM32CubeIDE_1.18.1/STM32CubeIDE/plugins/com.st.stm32cube.ide.mcu.externaltools.gnu-tools-for-stm32.13.3.rel1.win32_1.0.0.202411081344/tools/bin/../lib/gcc/arm-none-eabi/13.3.1/../../../../arm-none-eabi/lib/thumb/v7-m/nofp\libc_nano.a(libc_a-exit.o)
                              C:/ST/STM32CubeIDE_1.18.1/STM32CubeIDE/plugins/com.st.stm32cube.ide.mcu.externaltools.gnu-tools-for-stm32.13.3.rel1.win32_1.0.0.202411081344/tools/bin/../lib/gcc/arm-none-eabi/13.3.1/../../../../arm-none-eabi/lib/thumb/v7-m/nofp/crt0.o (exit)
C:/ST/STM32CubeIDE_1.18.1/STM32CubeIDE/plugins/com.st.stm32cube.ide.mcu.externaltools.gnu-tools-for-stm32.13.3.rel1.win32_1.0.0.202411081344/tools/bin/../lib/gcc/arm-none-eabi/13.3.1/../../../../arm-none-eabi/lib/thumb/v7-m/nofp\libc_nano.a(libc_a-findfp.o)
                              C:/ST/STM32CubeIDE_1.18.1/STM32CubeIDE/plugins/com.st.stm32cube.ide.mcu.externaltools.gnu-tools-for-stm32.13.3.rel1.win32_1.0.0.202411081344/tools/bin/../lib/gcc/arm-none-eabi/13.3.1/../../../../arm-none-eabi/lib/thumb/v7-m/nofp\libc_nano.a(libc_a-exit.o) (__stdio_exit_handler)
C:/ST/STM32CubeIDE_1.18.1/STM32CubeIDE/plugins/com.st.stm32cube.ide.mcu.externaltools.gnu-tools-for-stm32.13.3.rel1.win32_1.0.0.202411081344/tools/bin/../lib/gcc/arm-none-eabi/13.3.1/../../../../arm-none-eabi/lib/thumb/v7-m/nofp\libc_nano.a(libc_a-fwalk.o)
                              C:/ST/STM32CubeIDE_1.18.1/STM32CubeIDE/plugins/com.st.stm32cube.ide.mcu.externaltools.gnu-tools-for-stm32.13.3.rel1.win32_1.0.0.202411081344/tools/bin/../lib/gcc/arm-none-eabi/13.3.1/../../../../arm-none-eabi/lib/thumb/v7-m/nofp\libc_nano.a(libc_a-findfp.o) (_fwalk_sglue)
C:/ST/STM32CubeIDE_1.18.1/STM32CubeIDE/plugins/com.st.stm32cube.ide.mcu.externaltools.gnu-tools-for-stm32.13.3.rel1.win32_1.0.0.202411081344/tools/bin/../lib/gcc/arm-none-eabi/13.3.1/../../../../arm-none-eabi/lib/thumb/v7-m/nofp\libc_nano.a(libc_a-sprintf.o)
                              ./Core/Src/main.o (sprintf)
C:/ST/STM32CubeIDE_1.18.1/STM32CubeIDE/plugins/com.st.stm32cube.ide.mcu.externaltools.gnu-tools-for-stm32.13.3.rel1.win32_1.0.0.202411081344/tools/bin/../lib/gcc/arm-none-eabi/13.3.1/../../../../arm-none-eabi/lib/thumb/v7-m/nofp\libc_nano.a(libc_a-stdio.o)
                              C:/ST/STM32CubeIDE_1.18.1/STM32CubeIDE/plugins/com.st.stm32cube.ide.mcu.externaltools.gnu-tools-for-stm32.13.3.rel1.win32_1.0.0.202411081344/tools/bin/../lib/gcc/arm-none-eabi/13.3.1/../../../../arm-none-eabi/lib/thumb/v7-m/nofp\libc_nano.a(libc_a-findfp.o) (__sread)
C:/ST/STM32CubeIDE_1.18.1/STM32CubeIDE/plugins/com.st.stm32cube.ide.mcu.externaltools.gnu-tools-for-stm32.13.3.rel1.win32_1.0.0.202411081344/tools/bin/../lib/gcc/arm-none-eabi/13.3.1/../../../../arm-none-eabi/lib/thumb/v7-m/nofp\libc_nano.a(libc_a-memset.o)
                              C:/ST/STM32CubeIDE_1.18.1/STM32CubeIDE/plugins/com.st.stm32cube.ide.mcu.externaltools.gnu-tools-for-stm32.13.3.rel1.win32_1.0.0.202411081344/tools/bin/../lib/gcc/arm-none-eabi/13.3.1/../../../../arm-none-eabi/lib/thumb/v7-m/nofp/crt0.o (memset)
[...]
Memory Configuration

Name             Origin             Length             Attributes
RAM              0x20000000         0x00010000         xrw
FLASH            0x08000000         0x00080000         xr
*default*        0x00000000         0xffffffff

Linker script and memory map

LOAD C:/ST/STM32CubeIDE_1.18.1/STM32CubeIDE/plugins/com.st.stm32cube.ide.mcu.externaltools.gnu-tools-for-stm32.13.3.rel1.win32_1.0.0.202411081344/tools/bin/../lib/gcc/arm-none-eabi/13.3.1/thumb/v7-m/nofp/crti.o
LOAD C:/ST/STM32CubeIDE_1.18.1/STM32CubeIDE/plugins/com.st.stm32cube.ide.mcu.externaltools.gnu-tools-for-stm32.13.3.rel1.win32_1.0.0.202411081344/tools/bin/../lib/gcc/arm-none-eabi/13.3.1/thumb/v7-m/nofp/crtbegin.o
LOAD C:/ST/STM32CubeIDE_1.18.1/STM32CubeIDE/plugins/com.st.stm32cube.ide.mcu.externaltools.gnu-tools-for-stm32.13.3.rel1.win32_1.0.0.202411081344/tools/bin/../lib/gcc/arm-none-eabi/13.3.1/../../../../arm-none-eabi/lib/thumb/v7-m/nofp/crt0.o
LOAD ./Core/Src/lcdtp_v1.o
LOAD ./Core/Src/main.o
LOAD ./Core/Src/stm32f1xx_hal_msp.o
LOAD ./Core/Src/stm32f1xx_it.o
LOAD ./Core/Src/syscalls.o
LOAD ./Core/Src/sysmem.o
LOAD ./Core/Src/system_stm32f1xx.o
LOAD ./Core/Src/xpt2046.o
LOAD ./Core/Startup/startup_stm32f103vetx.o
LOAD ./Drivers/STM32F1xx_HAL_Driver/Src/stm32f1xx_hal.o
LOAD ./Drivers/STM32F1xx_HAL_Driver/Src/stm32f1xx_hal_adc.o
LOAD ./Drivers/STM32F1xx_HAL_Driver/Src/stm32f1xx_hal_adc_ex.o
LOAD ./Drivers/STM32F1xx_HAL_Driver/Src/stm32f1xx_hal_cortex.o
LOAD ./Drivers/STM32F1xx_HAL_Driver/Src/stm32f1xx_hal_dma.o
LOAD ./Drivers/STM32F1xx_HAL_Driver/Src/stm32f1xx_hal_exti.o
LOAD ./Drivers/STM32F1xx_HAL_Driver/Src/stm32f1xx_hal_flash.o
LOAD ./Drivers/STM32F1xx_HAL_Driver/Src/stm32f1xx_hal_flash_ex.o
LOAD ./Drivers/STM32F1xx_HAL_Driver/Src/stm32f1xx_hal_gpio.o
LOAD ./Drivers/STM32F1xx_HAL_Driver/Src/stm32f1xx_hal_gpio_ex.o
LOAD ./Drivers/STM32F1xx_HAL_Driver/Src/stm32f1xx_hal_nand.o
LOAD ./Drivers/STM32F1xx_HAL_Driver/Src/stm32f1xx_hal_nor.o
LOAD ./Drivers/STM32F1xx_HAL_Driver/Src/stm32f1xx_hal_pccard.o
LOAD ./Drivers/STM32F1xx_HAL_Driver/Src/stm32f1xx_hal_pwr.o
LOAD ./Drivers/STM32F1xx_HAL_Driver/Src/stm32f1xx_hal_rcc.o
LOAD ./Drivers/STM32F1xx_HAL_Driver/Src/stm32f1xx_hal_rcc_ex.o
LOAD ./Drivers/STM32F1xx_HAL_Driver/Src/stm32f1xx_hal_sram.o
LOAD ./Drivers/STM32F1xx_HAL_Driver/Src/stm32f1xx_hal_tim.o
LOAD ./Drivers/STM32F1xx_HAL_Driver/Src/stm32f1xx_hal_tim_ex.o
LOAD ./Drivers/STM32F1xx_HAL_Driver/Src/stm32f1xx_ll_fsmc.o
LOAD C:\Users\kinzl\STM32Cube\Repository\STM32Cube_FW_F1_V1.8.6\Drivers\CMSIS\Lib\GCC\libarm_cortexM3l_math.a
START GROUP
LOAD C:/ST/STM32CubeIDE_1.18.1/STM32CubeIDE/plugins/com.st.stm32cube.ide.mcu.externaltools.gnu-tools-for-stm32.13.3.rel1.win32_1.0.0.202411081344/tools/bin/../lib/gcc/arm-none-eabi/13.3.1/../../../../arm-none-eabi/lib/thumb/v7-m/nofp\libc_nano.a
LOAD C:/ST/STM32CubeIDE_1.18.1/STM32CubeIDE/plugins/com.st.stm32cube.ide.mcu.externaltools.gnu-tools-for-stm32.13.3.rel1.win32_1.0.0.202411081344/tools/bin/../lib/gcc/arm-none-eabi/13.3.1/../../../../arm-none-eabi/lib/thumb/v7-m/nofp\libm.a
END GROUP
START GROUP
LOAD C:/ST/STM32CubeIDE_1.18.1/STM32CubeIDE/plugins/com.st.stm32cube.ide.mcu.externaltools.gnu-tools-for-stm32.13.3.rel1.win32_1.0.0.202411081344/tools/bin/../lib/gcc/arm-none-eabi/13.3.1/thumb/v7-m/nofp\libgcc.a
LOAD C:/ST/STM32CubeIDE_1.18.1/STM32CubeIDE/plugins/com.st.stm32cube.ide.mcu.externaltools.gnu-tools-for-stm32.13.3.rel1.win32_1.0.0.202411081344/tools/bin/../lib/gcc/arm-none-eabi/13.3.1/../../../../arm-none-eabi/lib/thumb/v7-m/nofp\libc_nano.a
END GROUP
START GROUP
LOAD C:/ST/STM32CubeIDE_1.18.1/STM32CubeIDE/plugins/com.st.stm32cube.ide.mcu.externaltools.gnu-tools-for-stm32.13.3.rel1.win32_1.0.0.202411081344/tools/bin/../lib/gcc/arm-none-eabi/13.3.1/thumb/v7-m/nofp\libgcc.a
LOAD C:/ST/STM32CubeIDE_1.18.1/STM32CubeIDE/plugins/com.st.stm32cube.ide.mcu.externaltools.gnu-tools-for-stm32.13.3.rel1.win32_1.0.0.202411081344/tools/bin/../lib/gcc/arm-none-eabi/13.3.1/../../../../arm-none-eabi/lib/thumb/v7-m/nofp\libc_nano.a
LOAD C:/ST/STM32CubeIDE_1.18.1/STM32CubeIDE/plugins/com.st.stm32cube.ide.mcu.externaltools.gnu-tools-for-stm32.13.3.rel1.win32_1.0.0.202411081344/tools/bin/../lib/gcc/arm-none-eabi/13.3.1/../../../../arm-none-eabi/lib/thumb/v7-m/nofp\libnosys.a
END GROUP
START GROUP
LOAD C:/ST/STM32CubeIDE_1.18.1/STM32CubeIDE/plugins/com.st.stm32cube.ide.mcu.externaltools.gnu-tools-for-stm32.13.3.rel1.win32_1.0.0.202411081344/tools/bin/../lib/gcc/arm-none-eabi/13.3.1/thumb/v7-m/nofp\libgcc.a
LOAD C:/ST/STM32CubeIDE_1.18.1/STM32CubeIDE/plugins/com.st.stm32cube.ide.mcu.externaltools.gnu-tools-for-stm32.13.3.rel1.win32_1.0.0.202411081344/tools/bin/../lib/gcc/arm-none-eabi/13.3.1/../../../../arm-none-eabi/lib/thumb/v7-m/nofp\libc_nano.a
LOAD C:/ST/STM32CubeIDE_1.18.1/STM32CubeIDE/plugins/com.st.stm32cube.ide.mcu.externaltools.gnu-tools-for-stm32.13.3.rel1.win32_1.0.0.202411081344/tools/bin/../lib/gcc/arm-none-eabi/13.3.1/../../../../arm-none-eabi/lib/thumb/v7-m/nofp\libnosys.a
END GROUP
LOAD C:/ST/STM32CubeIDE_1.18.1/STM32CubeIDE/plugins/com.st.stm32cube.ide.mcu.externaltools.gnu-tools-for-stm32.13.3.rel1.win32_1.0.0.202411081344/tools/bin/../lib/gcc/arm-none-eabi/13.3.1/thumb/v7-m/nofp/crtend.o
LOAD C:/ST/STM32CubeIDE_1.18.1/STM32CubeIDE/plugins/com.st.stm32cube.ide.mcu.externaltools.gnu-tools-for-stm32.13.3.rel1.win32_1.0.0.202411081344/tools/bin/../lib/gcc/arm-none-eabi/13.3.1/thumb/v7-m/nofp/crtn.o
                0x20010000                        _estack = (ORIGIN (RAM) + LENGTH (RAM))
                0x00000200                        _Min_Heap_Size = 0x200
                0x00000400                        _Min_Stack_Size = 0x400

.isr_vector     0x08000000      0x1e4
                0x08000000                        . = ALIGN (0x4)
 *(.isr_vector)
 .isr_vector    0x08000000      0x1e4 ./Core/Startup/startup_stm32f103vetx.o
                0x08000000                g_pfnVectors
                0x080001e4                        . = ALIGN (0x4)

.text           0x080001e8     0x8e74
                0x080001e8                        . = ALIGN (0x4)
 *(.text)
 .text          0x080001e8       0x40 C:/ST/STM32CubeIDE_1.18.1/STM32CubeIDE/plugins/com.st.stm32cube.ide.mcu.externaltools.gnu-tools-for-stm32.13.3.rel1.win32_1.0.0.202411081344/tools/bin/../lib/gcc/arm-none-eabi/13.3.1/thumb/v7-m/nofp/crtbegin.o
 .text          0x08000228       0xc0 C:\Users\kinzl\STM32Cube\Repository\STM32Cube_FW_F1_V1.8.6\Drivers\CMSIS\Lib\GCC\libarm_cortexM3l_math.a(arm_bitreversal2.o)
                0x08000228                arm_bitreversal_32
                0x08000292                arm_bitreversal_16
 .text          0x080002e8       0x14 C:/ST/STM32CubeIDE_1.18.1/STM32CubeIDE/plugins/com.st.stm32cube.ide.mcu.externaltools.gnu-tools-for-stm32.13.3.rel1.win32_1.0.0.202411081344/tools/bin/../lib/gcc/arm-none-eabi/13.3.1/../../../../arm-none-eabi/lib/thumb/v7-m/nofp\libc_nano.a(libc_a-strcmp.o)
                0x080002e8                strcmp
 .text          0x080002fc       0x10 C:/ST/STM32CubeIDE_1.18.1/STM32CubeIDE/plugins/com.st.stm32cube.ide.mcu.externaltools.gnu-tools-for-stm32.13.3.rel1.win32_1.0.0.202411081344/tools/bin/../lib/gcc/arm-none-eabi/13.3.1/../../../../arm-none-eabi/lib/thumb/v7-m/nofp\libc_nano.a(libc_a-strlen.o)
                0x080002fc                strlen
 .text          0x0800030c      0x378 C:/ST/STM32CubeIDE_1.18.1/STM32CubeIDE/plugins/com.st.stm32cube.ide.mcu.externaltools.gnu-tools-for-stm32.13.3.rel1.win32_1.0.0.202411081344/tools/bin/../lib/gcc/arm-none-eabi/13.3.1/thumb/v7-m/nofp\libgcc.a(_arm_addsubdf3.o)
                0x0800030c                __aeabi_drsub
                0x08000314                __aeabi_dsub
                0x08000314                __subdf3
                0x08000318                __aeabi_dadd
                0x08000318                __adddf3
                0x08000590                __floatunsidf
                0x08000590                __aeabi_ui2d
                0x080005b0                __floatsidf
                0x080005b0                __aeabi_i2d
                0x080005d4                __aeabi_f2d
                0x080005d4                __extendsfdf2
                0x08000618                __floatundidf
                0x08000618                __aeabi_ul2d
                0x08000628                __floatdidf
                0x08000628                __aeabi_l2d
 .text          0x08000684      0x424 C:/ST/STM32CubeIDE_1.18.1/STM32CubeIDE/plugins/com.st.stm32cube.ide.mcu.externaltools.gnu-tools-for-stm32.13.3.rel1.win32_1.0.0.202411081344/tools/bin/../lib/gcc/arm-none-eabi/13.3.1/thumb/v7-m/nofp\libgcc.a(_arm_muldivdf3.o)
                0x08000684                __aeabi_dmul
                0x08000684                __muldf3
                0x080008d8                __divdf3
                0x080008d8                __aeabi_ddiv
 .text          0x08000aa8      0x110 C:/ST/STM32CubeIDE_1.18.1/STM32CubeIDE/plugins/com.st.stm32cube.ide.mcu.externaltools.gnu-tools-for-stm32.13.3.rel1.win32_1.0.0.202411081344/tools/bin/../lib/gcc/arm-none-eabi/13.3.1/thumb/v7-m/nofp\libgcc.a(_arm_cmpdf2.o)
                0x08000aa8                __gtdf2
                0x08000aa8                __gedf2
                0x08000ab0                __ltdf2
                0x08000ab0                __ledf2
                0x08000ab8                __nedf2
                0x08000ab8                __eqdf2
                0x08000ab8                __cmpdf2
                0x08000b34                __aeabi_cdrcmple
                0x08000b44                __aeabi_cdcmpeq
                0x08000b44                __aeabi_cdcmple
                0x08000b54                __aeabi_dcmpeq
                0x08000b68                __aeabi_dcmplt
                0x08000b7c                __aeabi_dcmple
                0x08000b90                __aeabi_dcmpge
                0x08000ba4                __aeabi_dcmpgt
 .text          0x08000bb8       0x40 C:/ST/STM32CubeIDE_1.18.1/STM32CubeIDE/plugins/com.st.stm32cube.ide.mcu.externaltools.gnu-tools-for-stm32.13.3.rel1.win32_1.0.0.202411081344/tools/bin/../lib/gcc/arm-none-eabi/13.3.1/thumb/v7-m/nofp\libgcc.a(_arm_fixunsdfsi.o)
                0x08000bb8                __aeabi_d2uiz
                0x08000bb8                __fixunsdfsi
 .text          0x08000bf8      0x21c C:/ST/STM32CubeIDE_1.18.1/STM32CubeIDE/plugins/com.st.stm32cube.ide.mcu.externaltools.gnu-tools-for-stm32.13.3.rel1.win32_1.0.0.202411081344/tools/bin/../lib/gcc/arm-none-eabi/13.3.1/thumb/v7-m/nofp\libgcc.a(_arm_addsubsf3.o)
                0x08000bf8                __aeabi_frsub
                0x08000c00                __subsf3
                0x08000c00                __aeabi_fsub
                0x08000c04                __aeabi_fadd
                0x08000c04                __addsf3
                0x08000d64                __aeabi_ui2f
                0x08000d64                __floatunsisf
                0x08000d6c                __aeabi_i2f
                0x08000d6c                __floatsisf
                0x08000d88                __aeabi_ul2f
                0x08000d88                __floatundisf
                0x08000d98                __aeabi_l2f
                0x08000d98                __floatdisf
 .text          0x08000e14      0x2a0 C:/ST/STM32CubeIDE_1.18.1/STM32CubeIDE/plugins/com.st.stm32cube.ide.mcu.externaltools.gnu-tools-for-stm32.13.3.rel1.win32_1.0.0.202411081344/tools/bin/../lib/gcc/arm-none-eabi/13.3.1/thumb/v7-m/nofp\libgcc.a(_arm_muldivsf3.o)
                0x08000e14                __mulsf3
                0x08000e14                __aeabi_fmul
                0x08000f7c                __aeabi_fdiv
                0x08000f7c                __divsf3
 .text          0x080010b4       0xec C:/ST/STM32CubeIDE_1.18.1/STM32CubeIDE/plugins/com.st.stm32cube.ide.mcu.externaltools.gnu-tools-for-stm32.13.3.rel1.win32_1.0.0.202411081344/tools/bin/../lib/gcc/arm-none-eabi/13.3.1/thumb/v7-m/nofp\libgcc.a(_arm_cmpsf2.o)
                0x080010b4                __gesf2
                0x080010b4                __gtsf2
                0x080010bc                __lesf2
                0x080010bc                __ltsf2
                0x080010c4                __nesf2
                0x080010c4                __eqsf2
                0x080010c4                __cmpsf2
                0x08001124                __aeabi_cfrcmple
                0x0800112c                __aeabi_cfcmpeq
                0x0800112c                __aeabi_cfcmple
                0x0800113c                __aeabi_fcmpeq
                0x08001150                __aeabi_fcmplt
                0x08001164                __aeabi_fcmple
                0x08001178                __aeabi_fcmpge
                0x0800118c                __aeabi_fcmpgt
 .text          0x080011a0       0x2c C:/ST/STM32CubeIDE_1.18.1/STM32CubeIDE/plugins/com.st.stm32cube.ide.mcu.externaltools.gnu-tools-for-stm32.13.3.rel1.win32_1.0.0.202411081344/tools/bin/../lib/gcc/arm-none-eabi/13.3.1/thumb/v7-m/nofp\libgcc.a(_arm_unordsf2.o)
                0x080011a0                __unordsf2
                0x080011a0                __aeabi_fcmpun
 .text          0x080011cc       0x4c C:/ST/STM32CubeIDE_1.18.1/STM32CubeIDE/plugins/com.st.stm32cube.ide.mcu.externaltools.gnu-tools-for-stm32.13.3.rel1.win32_1.0.0.202411081344/tools/bin/../lib/gcc/arm-none-eabi/13.3.1/thumb/v7-m/nofp\libgcc.a(_arm_fixsfsi.o)
                0x080011cc                __aeabi_f2iz
                0x080011cc                __fixsfsi
 .text          0x08001218       0x40 C:/ST/STM32CubeIDE_1.18.1/STM32CubeIDE/plugins/com.st.stm32cube.ide.mcu.externaltools.gnu-tools-for-stm32.13.3.rel1.win32_1.0.0.202411081344/tools/bin/../lib/gcc/arm-none-eabi/13.3.1/thumb/v7-m/nofp\libgcc.a(_arm_fixunssfsi.o)
                0x08001218                __fixunssfsi
                0x08001218                __aeabi_f2uiz
 *(.text*)
 .text.Delay    0x08001258       0x22 ./Core/Src/lcdtp_v1.o
                0x08001258                Delay
 .text.LCD_INIT
                0x0800127a       0x2e ./Core/Src/lcdtp_v1.o
                0x0800127a                LCD_INIT
 .text.LCD_Rst  0x080012a8       0x30 ./Core/Src/lcdtp_v1.o
                0x080012a8                LCD_Rst
 .text.LCD_BackLed_Control
                0x080012d8       0x38 ./Core/Src/lcdtp_v1.o
                0x080012d8                LCD_BackLed_Control
 .text.LCD_Write_Cmd
                0x08001310       0x1c ./Core/Src/lcdtp_v1.o
                0x08001310                LCD_Write_Cmd
 .text.LCD_Write_Data
                0x0800132c       0x20 ./Core/Src/lcdtp_v1.o
                0x0800132c                LCD_Write_Data
 .text.LCD_REG_Config
                0x0800134c      0x234 ./Core/Src/lcdtp_v1.o
                0x0800134c                LCD_REG_Config
 .text.LCD_OpenWindow
                0x08001580       0xb2 ./Core/Src/lcdtp_v1.o
                0x08001580                LCD_OpenWindow
 .text.LCD_FillColor
                0x08001632       0x3c ./Core/Src/lcdtp_v1.o
                0x08001632                LCD_FillColor
 .text.LCD_Clear
                0x0800166e       0x46 ./Core/Src/lcdtp_v1.o
                0x0800166e                LCD_Clear
 .text.LCD_DrawLine
                0x080016b4      0x10a ./Core/Src/lcdtp_v1.o
                0x080016b4                LCD_DrawLine
 *fill*         0x080017be        0x2 
 .text.LCD_DrawChar
                0x080017c0       0x8c ./Core/Src/lcdtp_v1.o
                0x080017c0                LCD_DrawChar
 .text.LCD_DrawString
                0x0800184c       0x5e ./Core/Src/lcdtp_v1.o
                0x0800184c                LCD_DrawString
 .text.LCD_DrawDot
                0x080018aa       0x3e ./Core/Src/lcdtp_v1.o
                0x080018aa                LCD_DrawDot
 .text.LCD_DrawChar_Color
                0x080018e8       0x9c ./Core/Src/lcdtp_v1.o
                0x080018e8                LCD_DrawChar_Color
 .text.LCD_DrawCross
                0x08001984       0x44 ./Core/Src/lcdtp_v1.o
                0x08001984                LCD_DrawCross
 .text.LCD_DrawString_Color
                0x080019c8       0x6a ./Core/Src/lcdtp_v1.o
                0x080019c8                LCD_DrawString_Color
 *fill*         0x08001a32        0x2 
 .text.LCD_GramScan
                0x08001a34      0x164 ./Core/Src/lcdtp_v1.o
                0x08001a34                LCD_GramScan
 .text.arm_sqrt_f32
                0x08001b98       0x3e ./Core/Src/main.o
 *fill*         0x08001bd6        0x2 
 .text.apply_hann_window
                0x08001bd8       0x94 ./Core/Src/main.o
                0x08001bd8                apply_hann_window
 .text.high_pass_filter
                0x08001c6c       0x94 ./Core/Src/main.o
                0x08001c6c                high_pass_filter
 .text.find_dominant_freq
                0x08001d00      0x380 ./Core/Src/main.o
                0x08001d00                find_dominant_freq
 .text.map_to_note
                0x08002080       0xec ./Core/Src/main.o
                0x08002080                map_to_note
 .text.draw_buttons
                0x0800216c      0x188 ./Core/Src/main.o
                0x0800216c                draw_buttons
 .text.draw_data_screen
                0x080022f4       0xc8 ./Core/Src/main.o
                0x080022f4                draw_data_screen
 .text.check_touch
                0x080023bc      0x110 ./Core/Src/main.o
                0x080023bc                check_touch
 .text.main     0x080024cc      0x3d4 ./Core/Src/main.o
                0x080024cc                main
 .text.SystemClock_Config
                0x080028a0       0xba ./Core/Src/main.o
                0x080028a0                SystemClock_Config
 *fill*         0x0800295a        0x2 
 .text.MX_ADC1_Init
                0x0800295c       0x7c ./Core/Src/main.o
 .text.MX_TIM2_Init
                0x080029d8       0x98 ./Core/Src/main.o
 .text.MX_TIM3_Init
                0x08002a70       0x9c ./Core/Src/main.o
 .text.MX_DMA_Init
                0x08002b0c       0x98 ./Core/Src/main.o
 .text.MX_GPIO_Init
                0x08002ba4      0x160 ./Core/Src/main.o
 .text.MX_FSMC_Init
                0x08002d04       0xc8 ./Core/Src/main.o
 .text.HAL_ADC_ConvCpltCallback
                0x08002dcc       0x9c ./Core/Src/main.o
                0x08002dcc                HAL_ADC_ConvCpltCallback
 .text.Error_Handler
                0x08002e68        0xc ./Core/Src/main.o
                0x08002e68                Error_Handler
 .text.HAL_MspInit
                0x08002e74       0x64 ./Core/Src/stm32f1xx_hal_msp.o
                0x08002e74                HAL_MspInit
 .text.HAL_ADC_MspInit
                0x08002ed8       0xd4 ./Core/Src/stm32f1xx_hal_msp.o
                0x08002ed8                HAL_ADC_MspInit
 .text.HAL_TIM_Base_MspInit
                0x08002fac       0x4c ./Core/Src/stm32f1xx_hal_msp.o
                0x08002fac                HAL_TIM_Base_MspInit
 .text.HAL_FSMC_MspInit
                0x08002ff8       0x88 ./Core/Src/stm32f1xx_hal_msp.o
 .text.HAL_SRAM_MspInit
                0x08003080       0x14 ./Core/Src/stm32f1xx_hal_msp.o
                0x08003080                HAL_SRAM_MspInit
 .text.NMI_Handler
                0x08003094        0x8 ./Core/Src/stm32f1xx_it.o
                0x08003094                NMI_Handler
 .text.HardFault_Handler
                0x0800309c        0x8 ./Core/Src/stm32f1xx_it.o
                0x0800309c                HardFault_Handler
 .text.MemManage_Handler
                0x080030a4        0x8 ./Core/Src/stm32f1xx_it.o
                0x080030a4                MemManage_Handler
 .text.BusFault_Handler
                0x080030ac        0x8 ./Core/Src/stm32f1xx_it.o
                0x080030ac                BusFault_Handler
 .text.UsageFault_Handler
                0x080030b4        0x8 ./Core/Src/stm32f1xx_it.o
                0x080030b4                UsageFault_Handler
 .text.SVC_Handler
                0x080030bc        0xc ./Core/Src/stm32f1xx_it.o
                0x080030bc                SVC_Handler
 .text.DebugMon_Handler
                0x080030c8        0xc ./Core/Src/stm32f1xx_it.o
                0x080030c8                DebugMon_Handler
 .text.PendSV_Handler
                0x080030d4        0xc ./Core/Src/stm32f1xx_it.o
                0x080030d4                PendSV_Handler
 .text.SysTick_Handler
                0x080030e0        0xc ./Core/Src/stm32f1xx_it.o
                0x080030e0                SysTick_Handler
 .text.EXTI4_IRQHandler
                0x080030ec       0x30 ./Core/Src/stm32f1xx_it.o
                0x080030ec                EXTI4_IRQHandler
 .text.DMA1_Channel1_IRQHandler
                0x0800311c       0x14 ./Core/Src/stm32f1xx_it.o
                0x0800311c                DMA1_Channel1_IRQHandler
 .text.ADC1_2_IRQHandler
                0x08003130       0x14 ./Core/Src/stm32f1xx_it.o
                0x08003130                ADC1_2_IRQHandler
 .text.TIM3_IRQHandler
                0x08003144       0x14 ./Core/Src/stm32f1xx_it.o
                0x08003144                TIM3_IRQHandler
 .text._sbrk    0x08003158       0x6c ./Core/Src/sysmem.o
                0x08003158                _sbrk
 .text.SystemInit
                0x080031c4        0xc ./Core/Src/system_stm32f1xx.o
                0x080031c4                SystemInit
 .text.XPT2046_DelayUS
                0x080031d0       0x38 ./Core/Src/xpt2046.o
 .text.XPT2046_WriteCMD
                0x08003208       0x88 ./Core/Src/xpt2046.o
 .text.XPT2046_ReadCMD
                0x08003290       0x78 ./Core/Src/xpt2046.o
 .text.XPT2046_ReadAdc
                0x08003308       0x20 ./Core/Src/xpt2046.o
 .text.XPT2046_ReadAdc_XY
                0x08003328       0x38 ./Core/Src/xpt2046.o
 .text.XPT2046_ReadAdc_Smooth_XY
                0x08003360      0x22c ./Core/Src/xpt2046.o
 .text.XPT2046_Calculate_CalibrationFactor
                0x0800358c      0x31a ./Core/Src/xpt2046.o
 *fill*         0x080038a6        0x2 
 .text.XPT2046_Touch_Calibrate
                0x080038a8      0x478 ./Core/Src/xpt2046.o
                0x080038a8                XPT2046_Touch_Calibrate
 .text.XPT2046_Get_TouchedPoint
                0x08003d20      0x10e ./Core/Src/xpt2046.o
                0x08003d20                XPT2046_Get_TouchedPoint
 *fill*         0x08003e2e        0x2 
 .text.Reset_Handler
                0x08003e30       0x48 ./Core/Startup/startup_stm32f103vetx.o
                0x08003e30                Reset_Handler
 .text.Default_Handler
                0x08003e78        0x2 ./Core/Startup/startup_stm32f103vetx.o
                0x08003e78                RTC_Alarm_IRQHandler
                0x08003e78                EXTI2_IRQHandler
                0x08003e78                TIM8_TRG_COM_IRQHandler
                0x08003e78                TIM8_CC_IRQHandler
                0x08003e78                TIM1_CC_IRQHandler
                0x08003e78                TIM6_IRQHandler
                0x08003e78                PVD_IRQHandler
                0x08003e78                SDIO_IRQHandler
                0x08003e78                EXTI3_IRQHandler
                0x08003e78                EXTI0_IRQHandler
                0x08003e78                I2C2_EV_IRQHandler
                0x08003e78                SPI1_IRQHandler
                0x08003e78                TAMPER_IRQHandler
                0x08003e78                TIM8_UP_IRQHandler
                0x08003e78                DMA2_Channel2_IRQHandler
                0x08003e78                DMA1_Channel4_IRQHandler
                0x08003e78                USART3_IRQHandler
                0x08003e78                RTC_IRQHandler
                0x08003e78                DMA1_Channel7_IRQHandler
                0x08003e78                CAN1_RX1_IRQHandler
                0x08003e78                UART5_IRQHandler
                0x08003e78                ADC3_IRQHandler
                0x08003e78                TIM4_IRQHandler
                0x08003e78                DMA2_Channel1_IRQHandler
                0x08003e78                I2C1_EV_IRQHandler
                0x08003e78                DMA1_Channel6_IRQHandler
                0x08003e78                UART4_IRQHandler
                0x08003e78                RCC_IRQHandler
                0x08003e78                TIM1_TRG_COM_IRQHandler
                0x08003e78                Default_Handler
                0x08003e78                EXTI15_10_IRQHandler
                0x08003e78                TIM7_IRQHandler
                0x08003e78                TIM5_IRQHandler
                0x08003e78                EXTI9_5_IRQHandler
                0x08003e78                SPI2_IRQHandler
                0x08003e78                DMA1_Channel5_IRQHandler
                0x08003e78                USB_LP_CAN1_RX0_IRQHandler
                0x08003e78                USB_HP_CAN1_TX_IRQHandler
                0x08003e78                DMA1_Channel3_IRQHandler
                0x08003e78                FSMC_IRQHandler
                0x08003e78                TIM1_UP_IRQHandler
                0x08003e78                WWDG_IRQHandler
                0x08003e78                TIM2_IRQHandler
                0x08003e78                TIM1_BRK_IRQHandler
                0x08003e78                EXTI1_IRQHandler
                0x08003e78                DMA2_Channel4_5_IRQHandler
                0x08003e78                USART2_IRQHandler
                0x08003e78                I2C2_ER_IRQHandler
                0x08003e78                DMA1_Channel2_IRQHandler
                0x08003e78                TIM8_BRK_IRQHandler
                0x08003e78                CAN1_SCE_IRQHandler
                0x08003e78                FLASH_IRQHandler
                0x08003e78                USART1_IRQHandler
                0x08003e78                SPI3_IRQHandler
                0x08003e78                I2C1_ER_IRQHandler
                0x08003e78                USBWakeUp_IRQHandler
                0x08003e78                DMA2_Channel3_IRQHandler
 *fill*         0x08003e7a        0x2 
 .text.HAL_Init
                0x08003e7c       0x2c ./Drivers/STM32F1xx_HAL_Driver/Src/stm32f1xx_hal.o
                0x08003e7c                HAL_Init
 .text.HAL_InitTick
                0x08003ea8       0x60 ./Drivers/STM32F1xx_HAL_Driver/Src/stm32f1xx_hal.o
                0x08003ea8                HAL_InitTick
 .text.HAL_IncTick
                0x08003f08       0x24 ./Drivers/STM32F1xx_HAL_Driver/Src/stm32f1xx_hal.o
                0x08003f08                HAL_IncTick
 .text.HAL_GetTick
                0x08003f2c       0x14 ./Drivers/STM32F1xx_HAL_Driver/Src/stm32f1xx_hal.o
                0x08003f2c                HAL_GetTick
 .text.HAL_Delay
                0x08003f40       0x48 ./Drivers/STM32F1xx_HAL_Driver/Src/stm32f1xx_hal.o
                0x08003f40                HAL_Delay
 .text.HAL_ADC_Init
                0x08003f88      0x1d4 ./Drivers/STM32F1xx_HAL_Driver/Src/stm32f1xx_hal_adc.o
                0x08003f88                HAL_ADC_Init
 .text.HAL_ADC_Start_DMA
                0x0800415c      0x1bc ./Drivers/STM32F1xx_HAL_Driver/Src/stm32f1xx_hal_adc.o
                0x0800415c                HAL_ADC_Start_DMA
 .text.HAL_ADC_Stop_DMA
                0x08004318       0x98 ./Drivers/STM32F1xx_HAL_Driver/Src/stm32f1xx_hal_adc.o
                0x08004318                HAL_ADC_Stop_DMA
 .text.HAL_ADC_IRQHandler
                0x080043b0      0x17e ./Drivers/STM32F1xx_HAL_Driver/Src/stm32f1xx_hal_adc.o
                0x080043b0                HAL_ADC_IRQHandler
 .text.HAL_ADC_ConvHalfCpltCallback
                0x0800452e       0x12 ./Drivers/STM32F1xx_HAL_Driver/Src/stm32f1xx_hal_adc.o
                0x0800452e                HAL_ADC_ConvHalfCpltCallback
 .text.HAL_ADC_LevelOutOfWindowCallback
                0x08004540       0x12 ./Drivers/STM32F1xx_HAL_Driver/Src/stm32f1xx_hal_adc.o
                0x08004540                HAL_ADC_LevelOutOfWindowCallback
 .text.HAL_ADC_ErrorCallback
                0x08004552       0x12 ./Drivers/STM32F1xx_HAL_Driver/Src/stm32f1xx_hal_adc.o
                0x08004552                HAL_ADC_ErrorCallback
 .text.HAL_ADC_ConfigChannel
                0x08004564      0x1f0 ./Drivers/STM32F1xx_HAL_Driver/Src/stm32f1xx_hal_adc.o
                0x08004564                HAL_ADC_ConfigChannel
 .text.ADC_Enable
                0x08004754       0xb4 ./Drivers/STM32F1xx_HAL_Driver/Src/stm32f1xx_hal_adc.o
                0x08004754                ADC_Enable
 .text.ADC_ConversionStop_Disable
                0x08004808       0x82 ./Drivers/STM32F1xx_HAL_Driver/Src/stm32f1xx_hal_adc.o
                0x08004808                ADC_ConversionStop_Disable
 .text.ADC_DMAConvCplt
                0x0800488a       0x7c ./Drivers/STM32F1xx_HAL_Driver/Src/stm32f1xx_hal_adc.o
                0x0800488a                ADC_DMAConvCplt
 .text.ADC_DMAHalfConvCplt
                0x08004906       0x1c ./Drivers/STM32F1xx_HAL_Driver/Src/stm32f1xx_hal_adc.o
                0x08004906                ADC_DMAHalfConvCplt
 .text.ADC_DMAError
                0x08004922       0x34 ./Drivers/STM32F1xx_HAL_Driver/Src/stm32f1xx_hal_adc.o
                0x08004922                ADC_DMAError
 *fill*         0x08004956        0x2 
 .text.HAL_ADCEx_Calibration_Start
                0x08004958      0x15c ./Drivers/STM32F1xx_HAL_Driver/Src/stm32f1xx_hal_adc_ex.o
                0x08004958                HAL_ADCEx_Calibration_Start
 .text.HAL_ADCEx_InjectedConvCpltCallback
                0x08004ab4       0x12 ./Drivers/STM32F1xx_HAL_Driver/Src/stm32f1xx_hal_adc_ex.o
                0x08004ab4                HAL_ADCEx_InjectedConvCpltCallback
 *fill*         0x08004ac6        0x2 
 .text.__NVIC_SetPriorityGrouping
                0x08004ac8       0x48 ./Drivers/STM32F1xx_HAL_Driver/Src/stm32f1xx_hal_cortex.o
 .text.__NVIC_GetPriorityGrouping
                0x08004b10       0x1c ./Drivers/STM32F1xx_HAL_Driver/Src/stm32f1xx_hal_cortex.o
 .text.__NVIC_EnableIRQ
                0x08004b2c       0x38 ./Drivers/STM32F1xx_HAL_Driver/Src/stm32f1xx_hal_cortex.o
 .text.__NVIC_SetPriority
                0x08004b64       0x54 ./Drivers/STM32F1xx_HAL_Driver/Src/stm32f1xx_hal_cortex.o
 .text.NVIC_EncodePriority
                0x08004bb8       0x64 ./Drivers/STM32F1xx_HAL_Driver/Src/stm32f1xx_hal_cortex.o
 .text.SysTick_Config
                0x08004c1c       0x44 ./Drivers/STM32F1xx_HAL_Driver/Src/stm32f1xx_hal_cortex.o
 .text.HAL_NVIC_SetPriorityGrouping
                0x08004c60       0x16 ./Drivers/STM32F1xx_HAL_Driver/Src/stm32f1xx_hal_cortex.o
                0x08004c60                HAL_NVIC_SetPriorityGrouping
 .text.HAL_NVIC_SetPriority
                0x08004c76       0x38 ./Drivers/STM32F1xx_HAL_Driver/Src/stm32f1xx_hal_cortex.o
                0x08004c76                HAL_NVIC_SetPriority
 .text.HAL_NVIC_EnableIRQ
                0x08004cae       0x1c ./Drivers/STM32F1xx_HAL_Driver/Src/stm32f1xx_hal_cortex.o
                0x08004cae                HAL_NVIC_EnableIRQ
 .text.HAL_SYSTICK_Config
                0x08004cca       0x18 ./Drivers/STM32F1xx_HAL_Driver/Src/stm32f1xx_hal_cortex.o
                0x08004cca                HAL_SYSTICK_Config
 *fill*         0x08004ce2        0x2 
 .text.HAL_DMA_Init
                0x08004ce4       0xec ./Drivers/STM32F1xx_HAL_Driver/Src/stm32f1xx_hal_dma.o
                0x08004ce4                HAL_DMA_Init
 .text.HAL_DMA_Start_IT
                0x08004dd0       0xc0 ./Drivers/STM32F1xx_HAL_Driver/Src/stm32f1xx_hal_dma.o
                0x08004dd0                HAL_DMA_Start_IT
 .text.HAL_DMA_Abort
                0x08004e90       0x76 ./Drivers/STM32F1xx_HAL_Driver/Src/stm32f1xx_hal_dma.o
                0x08004e90                HAL_DMA_Abort
 *fill*         0x08004f06        0x2 
 .text.HAL_DMA_IRQHandler
                0x08004f08      0x478 ./Drivers/STM32F1xx_HAL_Driver/Src/stm32f1xx_hal_dma.o
                0x08004f08                HAL_DMA_IRQHandler
 .text.HAL_DMA_GetState
                0x08005380       0x1a ./Drivers/STM32F1xx_HAL_Driver/Src/stm32f1xx_hal_dma.o
                0x08005380                HAL_DMA_GetState
 .text.DMA_SetConfig
                0x0800539a       0x5a ./Drivers/STM32F1xx_HAL_Driver/Src/stm32f1xx_hal_dma.o
 .text.HAL_GPIO_Init
                0x080053f4      0x328 ./Drivers/STM32F1xx_HAL_Driver/Src/stm32f1xx_hal_gpio.o
                0x080053f4                HAL_GPIO_Init
 .text.HAL_GPIO_ReadPin
                0x0800571c       0x2e ./Drivers/STM32F1xx_HAL_Driver/Src/stm32f1xx_hal_gpio.o
                0x0800571c                HAL_GPIO_ReadPin
 .text.HAL_GPIO_WritePin
                0x0800574a       0x30 ./Drivers/STM32F1xx_HAL_Driver/Src/stm32f1xx_hal_gpio.o
                0x0800574a                HAL_GPIO_WritePin
 *fill*         0x0800577a        0x2 
 .text.HAL_GPIO_EXTI_IRQHandler
                0x0800577c       0x30 ./Drivers/STM32F1xx_HAL_Driver/Src/stm32f1xx_hal_gpio.o
                0x0800577c                HAL_GPIO_EXTI_IRQHandler
 .text.HAL_GPIO_EXTI_Callback
                0x080057ac       0x14 ./Drivers/STM32F1xx_HAL_Driver/Src/stm32f1xx_hal_gpio.o
                0x080057ac                HAL_GPIO_EXTI_Callback
 .text.HAL_RCC_OscConfig
                0x080057c0      0x504 ./Drivers/STM32F1xx_HAL_Driver/Src/stm32f1xx_hal_rcc.o
                0x080057c0                HAL_RCC_OscConfig
 .text.HAL_RCC_ClockConfig
                0x08005cc4      0x1d4 ./Drivers/STM32F1xx_HAL_Driver/Src/stm32f1xx_hal_rcc.o
                0x08005cc4                HAL_RCC_ClockConfig
 .text.HAL_RCC_GetSysClockFreq
                0x08005e98       0xa8 ./Drivers/STM32F1xx_HAL_Driver/Src/stm32f1xx_hal_rcc.o
                0x08005e98                HAL_RCC_GetSysClockFreq
 .text.HAL_RCC_GetHCLKFreq
                0x08005f40       0x14 ./Drivers/STM32F1xx_HAL_Driver/Src/stm32f1xx_hal_rcc.o
                0x08005f40                HAL_RCC_GetHCLKFreq
 .text.HAL_RCC_GetPCLK2Freq
                0x08005f54       0x28 ./Drivers/STM32F1xx_HAL_Driver/Src/stm32f1xx_hal_rcc.o
                0x08005f54                HAL_RCC_GetPCLK2Freq
 .text.RCC_Delay
                0x08005f7c       0x3c ./Drivers/STM32F1xx_HAL_Driver/Src/stm32f1xx_hal_rcc.o
 .text.HAL_RCCEx_PeriphCLKConfig
                0x08005fb8      0x16c ./Drivers/STM32F1xx_HAL_Driver/Src/stm32f1xx_hal_rcc_ex.o
                0x08005fb8                HAL_RCCEx_PeriphCLKConfig
 .text.HAL_RCCEx_GetPeriphCLKFreq
                0x08006124      0x1b0 ./Drivers/STM32F1xx_HAL_Driver/Src/stm32f1xx_hal_rcc_ex.o
                0x08006124                HAL_RCCEx_GetPeriphCLKFreq
 .text.HAL_SRAM_Init
                0x080062d4       0x9a ./Drivers/STM32F1xx_HAL_Driver/Src/stm32f1xx_hal_sram.o
                0x080062d4                HAL_SRAM_Init
 .text.HAL_TIM_Base_Init
                0x0800636e       0x9e ./Drivers/STM32F1xx_HAL_Driver/Src/stm32f1xx_hal_tim.o
                0x0800636e                HAL_TIM_Base_Init
 .text.HAL_TIM_Base_Start
                0x0800640c       0xb0 ./Drivers/STM32F1xx_HAL_Driver/Src/stm32f1xx_hal_tim.o
                0x0800640c                HAL_TIM_Base_Start
 .text.HAL_TIM_IRQHandler
                0x080064bc      0x1e0 ./Drivers/STM32F1xx_HAL_Driver/Src/stm32f1xx_hal_tim.o
                0x080064bc                HAL_TIM_IRQHandler
 .text.HAL_TIM_ConfigClockSource
                0x0800669c      0x18e ./Drivers/STM32F1xx_HAL_Driver/Src/stm32f1xx_hal_tim.o
                0x0800669c                HAL_TIM_ConfigClockSource
 .text.HAL_TIM_PeriodElapsedCallback
                0x0800682a       0x12 ./Drivers/STM32F1xx_HAL_Driver/Src/stm32f1xx_hal_tim.o
                0x0800682a                HAL_TIM_PeriodElapsedCallback
 .text.HAL_TIM_OC_DelayElapsedCallback
                0x0800683c       0x12 ./Drivers/STM32F1xx_HAL_Driver/Src/stm32f1xx_hal_tim.o
                0x0800683c                HAL_TIM_OC_DelayElapsedCallback
 .text.HAL_TIM_IC_CaptureCallback
                0x0800684e       0x12 ./Drivers/STM32F1xx_HAL_Driver/Src/stm32f1xx_hal_tim.o
                0x0800684e                HAL_TIM_IC_CaptureCallback
 .text.HAL_TIM_PWM_PulseFinishedCallback
                0x08006860       0x12 ./Drivers/STM32F1xx_HAL_Driver/Src/stm32f1xx_hal_tim.o
                0x08006860                HAL_TIM_PWM_PulseFinishedCallback
 .text.HAL_TIM_TriggerCallback
                0x08006872       0x12 ./Drivers/STM32F1xx_HAL_Driver/Src/stm32f1xx_hal_tim.o
                0x08006872                HAL_TIM_TriggerCallback
 .text.TIM_Base_SetConfig
                0x08006884      0x10c ./Drivers/STM32F1xx_HAL_Driver/Src/stm32f1xx_hal_tim.o
                0x08006884                TIM_Base_SetConfig
 .text.TIM_TI1_ConfigInputStage
                0x08006990       0x5c ./Drivers/STM32F1xx_HAL_Driver/Src/stm32f1xx_hal_tim.o
 .text.TIM_TI2_ConfigInputStage
                0x080069ec       0x5e ./Drivers/STM32F1xx_HAL_Driver/Src/stm32f1xx_hal_tim.o
 .text.TIM_ITRx_SetConfig
                0x08006a4a       0x34 ./Drivers/STM32F1xx_HAL_Driver/Src/stm32f1xx_hal_tim.o
 .text.TIM_ETR_SetConfig
                0x08006a7e       0x3e ./Drivers/STM32F1xx_HAL_Driver/Src/stm32f1xx_hal_tim.o
                0x08006a7e                TIM_ETR_SetConfig
 .text.HAL_TIMEx_MasterConfigSynchronization
                0x08006abc       0xd8 ./Drivers/STM32F1xx_HAL_Driver/Src/stm32f1xx_hal_tim_ex.o
                0x08006abc                HAL_TIMEx_MasterConfigSynchronization
 .text.HAL_TIMEx_CommutCallback
                0x08006b94       0x12 ./Drivers/STM32F1xx_HAL_Driver/Src/stm32f1xx_hal_tim_ex.o
                0x08006b94                HAL_TIMEx_CommutCallback
 .text.HAL_TIMEx_BreakCallback
                0x08006ba6       0x12 ./Drivers/STM32F1xx_HAL_Driver/Src/stm32f1xx_hal_tim_ex.o
                0x08006ba6                HAL_TIMEx_BreakCallback
 .text.FSMC_NORSRAM_Init
                0x08006bb8       0xd4 ./Drivers/STM32F1xx_HAL_Driver/Src/stm32f1xx_ll_fsmc.o
                0x08006bb8                FSMC_NORSRAM_Init
 .text.FSMC_NORSRAM_Timing_Init
                0x08006c8c       0x5a ./Drivers/STM32F1xx_HAL_Driver/Src/stm32f1xx_ll_fsmc.o
                0x08006c8c                FSMC_NORSRAM_Timing_Init
 *fill*         0x08006ce6        0x2 
 .text.FSMC_NORSRAM_Extended_Timing_Init
                0x08006ce8       0x70 ./Drivers/STM32F1xx_HAL_Driver/Src/stm32f1xx_ll_fsmc.o
                0x08006ce8                FSMC_NORSRAM_Extended_Timing_Init
 .text.arm_rfft_fast_init_f32
                0x08006d58      0x100 C:\Users\kinzl\STM32Cube\Repository\STM32Cube_FW_F1_V1.8.6\Drivers\CMSIS\Lib\GCC\libarm_cortexM3l_math.a(arm_rfft_fast_init_f32.o)
                0x08006d58                arm_rfft_fast_init_f32
 .text.arm_rfft_fast_f32
                0x08006e58      0x25c C:\Users\kinzl\STM32Cube\Repository\STM32Cube_FW_F1_V1.8.6\Drivers\CMSIS\Lib\GCC\libarm_cortexM3l_math.a(arm_rfft_fast_f32.o)
                0x08006e58                arm_rfft_fast_f32
 .text.arm_cfft_radix8by2_f32
                0x080070b4      0x2a8 C:\Users\kinzl\STM32Cube\Repository\STM32Cube_FW_F1_V1.8.6\Drivers\CMSIS\Lib\GCC\libarm_cortexM3l_math.a(arm_cfft_f32.o)
                0x080070b4                arm_cfft_radix8by2_f32
 .text.arm_cfft_radix8by4_f32
                0x0800735c      0x730 C:\Users\kinzl\STM32Cube\Repository\STM32Cube_FW_F1_V1.8.6\Drivers\CMSIS\Lib\GCC\libarm_cortexM3l_math.a(arm_cfft_f32.o)
                0x0800735c                arm_cfft_radix8by4_f32
 .text.arm_cfft_f32
                0x08007a8c       0xfc C:\Users\kinzl\STM32Cube\Repository\STM32Cube_FW_F1_V1.8.6\Drivers\CMSIS\Lib\GCC\libarm_cortexM3l_math.a(arm_cfft_f32.o)
                0x08007a8c                arm_cfft_f32
 .text.arm_cos_f32
                0x08007b88       0x88 C:\Users\kinzl\STM32Cube\Repository\STM32Cube_FW_F1_V1.8.6\Drivers\CMSIS\Lib\GCC\libarm_cortexM3l_math.a(arm_cos_f32.o)
                0x08007b88                arm_cos_f32
 .text.arm_radix8_butterfly_f32
                0x08007c10      0x9b0 C:\Users\kinzl\STM32Cube\Repository\STM32Cube_FW_F1_V1.8.6\Drivers\CMSIS\Lib\GCC\libarm_cortexM3l_math.a(arm_cfft_radix8_f32.o)
                0x08007c10                arm_radix8_butterfly_f32
 .text.sprintf  0x080085c0       0x44 C:/ST/STM32CubeIDE_1.18.1/STM32CubeIDE/plugins/com.st.stm32cube.ide.mcu.externaltools.gnu-tools-for-stm32.13.3.rel1.win32_1.0.0.202411081344/tools/bin/../lib/gcc/arm-none-eabi/13.3.1/../../../../arm-none-eabi/lib/thumb/v7-m/nofp\libc_nano.a(libc_a-sprintf.o)
                0x080085c0                siprintf
                0x080085c0                sprintf
 .text.memset   0x08008604       0x10 C:/ST/STM32CubeIDE_1.18.1/STM32CubeIDE/plugins/com.st.stm32cube.ide.mcu.externaltools.gnu-tools-for-stm32.13.3.rel1.win32_1.0.0.202411081344/tools/bin/../lib/gcc/arm-none-eabi/13.3.1/../../../../arm-none-eabi/lib/thumb/v7-m/nofp\libc_nano.a(libc_a-memset.o)
                0x08008604                memset
 .text.__errno  0x08008614        0xc C:/ST/STM32CubeIDE_1.18.1/STM32CubeIDE/plugins/com.st.stm32cube.ide.mcu.externaltools.gnu-tools-for-stm32.13.3.rel1.win32_1.0.0.202411081344/tools/bin/../lib/gcc/arm-none-eabi/13.3.1/../../../../arm-none-eabi/lib/thumb/v7-m/nofp\libc_nano.a(libc_a-errno.o)
                0x08008614                __errno
 .text.__libc_init_array
                0x08008620       0x48 C:/ST/STM32CubeIDE_1.18.1/STM32CubeIDE/plugins/com.st.stm32cube.ide.mcu.externaltools.gnu-tools-for-stm32.13.3.rel1.win32_1.0.0.202411081344/tools/bin/../lib/gcc/arm-none-eabi/13.3.1/../../../../arm-none-eabi/lib/thumb/v7-m/nofp\libc_nano.a(libc_a-init.o)
                0x08008620                __libc_init_array
 .text.__retarget_lock_acquire_recursive
                0x08008668        0x2 C:/ST/STM32CubeIDE_1.18.1/STM32CubeIDE/plugins/com.st.stm32cube.ide.mcu.externaltools.gnu-tools-for-stm32.13.3.rel1.win32_1.0.0.202411081344/tools/bin/../lib/gcc/arm-none-eabi/13.3.1/../../../../arm-none-eabi/lib/thumb/v7-m/nofp\libc_nano.a(libc_a-lock.o)
                0x08008668                __retarget_lock_acquire_recursive
 .text.__retarget_lock_release_recursive
                0x0800866a        0x2 C:/ST/STM32CubeIDE_1.18.1/STM32CubeIDE/plugins/com.st.stm32cube.ide.mcu.externaltools.gnu-tools-for-stm32.13.3.rel1.win32_1.0.0.202411081344/tools/bin/../lib/gcc/arm-none-eabi/13.3.1/../../../../arm-none-eabi/lib/thumb/v7-m/nofp\libc_nano.a(libc_a-lock.o)
                0x0800866a                __retarget_lock_release_recursive
 .text.strcpy   0x0800866c       0x10 C:/ST/STM32CubeIDE_1.18.1/STM32CubeIDE/plugins/com.st.stm32cube.ide.mcu.externaltools.gnu-tools-for-stm32.13.3.rel1.win32_1.0.0.202411081344/tools/bin/../lib/gcc/arm-none-eabi/13.3.1/../../../../arm-none-eabi/lib/thumb/v7-m/nofp\libc_nano.a(libc_a-strcpy.o)
                0x0800866c                strcpy
 .text._free_r  0x0800867c       0x90 C:/ST/STM32CubeIDE_1.18.1/STM32CubeIDE/plugins/com.st.stm32cube.ide.mcu.externaltools.gnu-tools-for-stm32.13.3.rel1.win32_1.0.0.202411081344/tools/bin/../lib/gcc/arm-none-eabi/13.3.1/../../../../arm-none-eabi/lib/thumb/v7-m/nofp\libc_nano.a(libc_a-freer.o)
                0x0800867c                _free_r
 .text.sbrk_aligned
                0x0800870c       0x44 C:/ST/STM32CubeIDE_1.18.1/STM32CubeIDE/plugins/com.st.stm32cube.ide.mcu.externaltools.gnu-tools-for-stm32.13.3.rel1.win32_1.0.0.202411081344/tools/bin/../lib/gcc/arm-none-eabi/13.3.1/../../../../arm-none-eabi/lib/thumb/v7-m/nofp\libc_nano.a(libc_a-mallocr.o)
 .text._malloc_r
                0x08008750      0x100 C:/ST/STM32CubeIDE_1.18.1/STM32CubeIDE/plugins/com.st.stm32cube.ide.mcu.externaltools.gnu-tools-for-stm32.13.3.rel1.win32_1.0.0.202411081344/tools/bin/../lib/gcc/arm-none-eabi/13.3.1/../../../../arm-none-eabi/lib/thumb/v7-m/nofp\libc_nano.a(libc_a-mallocr.o)
                0x08008750                _malloc_r
 .text.__malloc_lock
                0x08008850        0xc C:/ST/STM32CubeIDE_1.18.1/STM32CubeIDE/plugins/com.st.stm32cube.ide.mcu.externaltools.gnu-tools-for-stm32.13.3.rel1.win32_1.0.0.202411081344/tools/bin/../lib/gcc/arm-none-eabi/13.3.1/../../../../arm-none-eabi/lib/thumb/v7-m/nofp\libc_nano.a(libc_a-mlock.o)
                0x08008850                __malloc_lock
 .text.__malloc_unlock
                0x0800885c        0xc C:/ST/STM32CubeIDE_1.18.1/STM32CubeIDE/plugins/com.st.stm32cube.ide.mcu.externaltools.gnu-tools-for-stm32.13.3.rel1.win32_1.0.0.202411081344/tools/bin/../lib/gcc/arm-none-eabi/13.3.1/../../../../arm-none-eabi/lib/thumb/v7-m/nofp\libc_nano.a(libc_a-mlock.o)
                0x0800885c                __malloc_unlock
 .text.__ssputs_r
                0x08008868       0xb6 C:/ST/STM32CubeIDE_1.18.1/STM32CubeIDE/plugins/com.st.stm32cube.ide.mcu.externaltools.gnu-tools-for-stm32.13.3.rel1.win32_1.0.0.202411081344/tools/bin/../lib/gcc/arm-none-eabi/13.3.1/../../../../arm-none-eabi/lib/thumb/v7-m/nofp\libc_nano.a(libc_a-nano-svfprintf.o)
                0x08008868                __ssputs_r
 *fill*         0x0800891e        0x2 
 .text._svfprintf_r
                0x08008920      0x1f8 C:/ST/STM32CubeIDE_1.18.1/STM32CubeIDE/plugins/com.st.stm32cube.ide.mcu.externaltools.gnu-tools-for-stm32.13.3.rel1.win32_1.0.0.202411081344/tools/bin/../lib/gcc/arm-none-eabi/13.3.1/../../../../arm-none-eabi/lib/thumb/v7-m/nofp\libc_nano.a(libc_a-nano-svfprintf.o)
                0x08008920                _svfiprintf_r
                0x08008920                _svfprintf_r
 .text._printf_common
                0x08008b18       0xe4 C:/ST/STM32CubeIDE_1.18.1/STM32CubeIDE/plugins/com.st.stm32cube.ide.mcu.externaltools.gnu-tools-for-stm32.13.3.rel1.win32_1.0.0.202411081344/tools/bin/../lib/gcc/arm-none-eabi/13.3.1/../../../../arm-none-eabi/lib/thumb/v7-m/nofp\libc_nano.a(libc_a-nano-vfprintf_i.o)
                0x08008b18                _printf_common
 .text._printf_i
                0x08008bfc      0x23c C:/ST/STM32CubeIDE_1.18.1/STM32CubeIDE/plugins/com.st.stm32cube.ide.mcu.externaltools.gnu-tools-for-stm32.13.3.rel1.win32_1.0.0.202411081344/tools/bin/../lib/gcc/arm-none-eabi/13.3.1/../../../../arm-none-eabi/lib/thumb/v7-m/nofp\libc_nano.a(libc_a-nano-vfprintf_i.o)
                0x08008bfc                _printf_i
 .text.memmove  0x08008e38       0x34 C:/ST/STM32CubeIDE_1.18.1/STM32CubeIDE/plugins/com.st.stm32cube.ide.mcu.externaltools.gnu-tools-for-stm32.13.3.rel1.win32_1.0.0.202411081344/tools/bin/../lib/gcc/arm-none-eabi/13.3.1/../../../../arm-none-eabi/lib/thumb/v7-m/nofp\libc_nano.a(libc_a-memmove.o)
                0x08008e38                memmove
 .text._sbrk_r  0x08008e6c       0x20 C:/ST/STM32CubeIDE_1.18.1/STM32CubeIDE/plugins/com.st.stm32cube.ide.mcu.externaltools.gnu-tools-for-stm32.13.3.rel1.win32_1.0.0.202411081344/tools/bin/../lib/gcc/arm-none-eabi/13.3.1/../../../../arm-none-eabi/lib/thumb/v7-m/nofp\libc_nano.a(libc_a-sbrkr.o)
                0x08008e6c                _sbrk_r
 .text.memchr   0x08008e8c       0x1c C:/ST/STM32CubeIDE_1.18.1/STM32CubeIDE/plugins/com.st.stm32cube.ide.mcu.externaltools.gnu-tools-for-stm32.13.3.rel1.win32_1.0.0.202411081344/tools/bin/../lib/gcc/arm-none-eabi/13.3.1/../../../../arm-none-eabi/lib/thumb/v7-m/nofp\libc_nano.a(libc_a-memchr-stub.o)
                0x08008e8c                memchr
 .text.memcpy   0x08008ea8       0x1c C:/ST/STM32CubeIDE_1.18.1/STM32CubeIDE/plugins/com.st.stm32cube.ide.mcu.externaltools.gnu-tools-for-stm32.13.3.rel1.win32_1.0.0.202411081344/tools/bin/../lib/gcc/arm-none-eabi/13.3.1/../../../../arm-none-eabi/lib/thumb/v7-m/nofp\libc_nano.a(libc_a-memcpy-stub.o)
                0x08008ea8                memcpy
 .text._realloc_r
                0x08008ec4       0x5c C:/ST/STM32CubeIDE_1.18.1/STM32CubeIDE/plugins/com.st.stm32cube.ide.mcu.externaltools.gnu-tools-for-stm32.13.3.rel1.win32_1.0.0.202411081344/tools/bin/../lib/gcc/arm-none-eabi/13.3.1/../../../../arm-none-eabi/lib/thumb/v7-m/nofp\libc_nano.a(libc_a-reallocr.o)
                0x08008ec4                _realloc_r
 .text._malloc_usable_size_r
                0x08008f20       0x10 C:/ST/STM32CubeIDE_1.18.1/STM32CubeIDE/plugins/com.st.stm32cube.ide.mcu.externaltools.gnu-tools-for-stm32.13.3.rel1.win32_1.0.0.202411081344/tools/bin/../lib/gcc/arm-none-eabi/13.3.1/../../../../arm-none-eabi/lib/thumb/v7-m/nofp\libc_nano.a(libc_a-msizer.o)
                0x08008f20                _malloc_usable_size_r
 .text.sqrtf    0x08008f30       0x34 C:/ST/STM32CubeIDE_1.18.1/STM32CubeIDE/plugins/com.st.stm32cube.ide.mcu.externaltools.gnu-tools-for-stm32.13.3.rel1.win32_1.0.0.202411081344/tools/bin/../lib/gcc/arm-none-eabi/13.3.1/../../../../arm-none-eabi/lib/thumb/v7-m/nofp\libm.a(libm_a-wf_sqrt.o)
                0x08008f30                sqrtf
 .text.__ieee754_sqrtf
                0x08008f64       0xe0 C:/ST/STM32CubeIDE_1.18.1/STM32CubeIDE/plugins/com.st.stm32cube.ide.mcu.externaltools.gnu-tools-for-stm32.13.3.rel1.win32_1.0.0.202411081344/tools/bin/../lib/gcc/arm-none-eabi/13.3.1/../../../../arm-none-eabi/lib/thumb/v7-m/nofp\libm.a(libm_a-ef_sqrt.o)
                0x08008f64                __ieee754_sqrtf
 *(.glue_7)
 .glue_7        0x08009044        0x0 linker stubs
 *(.glue_7t)
 .glue_7t       0x08009044        0x0 linker stubs
 *(.eh_frame)
 .eh_frame      0x08009044        0x0 C:/ST/STM32CubeIDE_1.18.1/STM32CubeIDE/plugins/com.st.stm32cube.ide.mcu.externaltools.gnu-tools-for-stm32.13.3.rel1.win32_1.0.0.202411081344/tools/bin/../lib/gcc/arm-none-eabi/13.3.1/thumb/v7-m/nofp/crtbegin.o
 *(.init)
 .init          0x08009044        0x4 C:/ST/STM32CubeIDE_1.18.1/STM32CubeIDE/plugins/com.st.stm32cube.ide.mcu.externaltools.gnu-tools-for-stm32.13.3.rel1.win32_1.0.0.202411081344/tools/bin/../lib/gcc/arm-none-eabi/13.3.1/thumb/v7-m/nofp/crti.o
                0x08009044                _init
 .init          0x08009048        0x8 C:/ST/STM32CubeIDE_1.18.1/STM32CubeIDE/plugins/com.st.stm32cube.ide.mcu.externaltools.gnu-tools-for-stm32.13.3.rel1.win32_1.0.0.202411081344/tools/bin/../lib/gcc/arm-none-eabi/13.3.1/thumb/v7-m/nofp/crtn.o
 *(.fini)
 .fini          0x08009050        0x4 C:/ST/STM32CubeIDE_1.18.1/STM32CubeIDE/plugins/com.st.stm32cube.ide.mcu.externaltools.gnu-tools-for-stm32.13.3.rel1.win32_1.0.0.202411081344/tools/bin/../lib/gcc/arm-none-eabi/13.3.1/thumb/v7-m/nofp/crti.o
                0x08009050                _fini
 .fini          0x08009054        0x8 C:/ST/STM32CubeIDE_1.18.1/STM32CubeIDE/plugins/com.st.stm32cube.ide.mcu.externaltools.gnu-tools-for-stm32.13.3.rel1.win32_1.0.0.202411081344/tools/bin/../lib/gcc/arm-none-eabi/13.3.1/thumb/v7-m/nofp/crtn.o
                0x0800905c                        . = ALIGN (0x4)
                0x0800905c                        _etext = .

.vfp11_veneer   0x0800905c        0x0
 .vfp11_veneer  0x0800905c        0x0 linker stubs

.v4_bx          0x0800905c        0x0
 .v4_bx         0x0800905c        0x0 linker stubs

.iplt           0x0800905c        0x0
 .iplt          0x0800905c        0x0 C:/ST/STM32CubeIDE_1.18.1/STM32CubeIDE/plugins/com.st.stm32cube.ide.mcu.externaltools.gnu-tools-for-stm32.13.3.rel1.win32_1.0.0.202411081344/tools/bin/../lib/gcc/arm-none-eabi/13.3.1/thumb/v7-m/nofp/crtbegin.o

.rodata         0x0800905c    0x14408
                0x0800905c                        . = ALIGN (0x4)
 *(.rodata)
 .rodata        0x0800905c       0xd9 ./Core/Src/main.o
 *fill*         0x08009135        0x3 
 .rodata        0x08009138       0x4a ./Core/Src/xpt2046.o
 *(.rodata*)
 *fill*         0x08009182        0x2 
 .rodata.ucAscii_1608
                0x08009184      0x5f0 ./Core/Src/lcdtp_v1.o
                0x08009184                ucAscii_1608
 .rodata.note_freqs
                0x08009774       0x18 ./Core/Src/main.o
                0x08009774                note_freqs
 .rodata.AHBPrescTable
                0x0800978c       0x10 ./Core/Src/system_stm32f1xx.o
                0x0800978c                AHBPrescTable
 .rodata.APBPrescTable
                0x0800979c        0x8 ./Core/Src/system_stm32f1xx.o
                0x0800979c                APBPrescTable
 .rodata.aPLLMULFactorTable.1
                0x080097a4       0x10 ./Drivers/STM32F1xx_HAL_Driver/Src/stm32f1xx_hal_rcc.o
 .rodata.aPredivFactorTable.0
                0x080097b4        0x2 ./Drivers/STM32F1xx_HAL_Driver/Src/stm32f1xx_hal_rcc.o
 *fill*         0x080097b6        0x2 
 .rodata.aPLLMULFactorTable.1
                0x080097b8       0x10 ./Drivers/STM32F1xx_HAL_Driver/Src/stm32f1xx_hal_rcc_ex.o
 .rodata.aPredivFactorTable.0
                0x080097c8        0x2 ./Drivers/STM32F1xx_HAL_Driver/Src/stm32f1xx_hal_rcc_ex.o
 *fill*         0x080097ca        0x2 
 .rodata.twiddleCoef_2048
                0x080097cc     0x4000 C:\Users\kinzl\STM32Cube\Repository\STM32Cube_FW_F1_V1.8.6\Drivers\CMSIS\Lib\GCC\libarm_cortexM3l_math.a(arm_common_tables.o)
                0x080097cc                twiddleCoef_2048
 .rodata.twiddleCoef_rfft_64
                0x0800d7cc      0x100 C:\Users\kinzl\STM32Cube\Repository\STM32Cube_FW_F1_V1.8.6\Drivers\CMSIS\Lib\GCC\libarm_cortexM3l_math.a(arm_common_tables.o)
                0x0800d7cc                twiddleCoef_rfft_64
 .rodata.armBitRevIndexTable64
                0x0800d8cc       0x70 C:\Users\kinzl\STM32Cube\Repository\STM32Cube_FW_F1_V1.8.6\Drivers\CMSIS\Lib\GCC\libarm_cortexM3l_math.a(arm_common_tables.o)
                0x0800d8cc                armBitRevIndexTable64
 .rodata.twiddleCoef_rfft_2048
                0x0800d93c     0x2000 C:\Users\kinzl\STM32Cube\Repository\STM32Cube_FW_F1_V1.8.6\Drivers\CMSIS\Lib\GCC\libarm_cortexM3l_math.a(arm_common_tables.o)
                0x0800d93c                twiddleCoef_rfft_2048
 .rodata.twiddleCoef_rfft_4096
                0x0800f93c     0x4000 C:\Users\kinzl\STM32Cube\Repository\STM32Cube_FW_F1_V1.8.6\Drivers\CMSIS\Lib\GCC\libarm_cortexM3l_math.a(arm_common_tables.o)
                0x0800f93c                twiddleCoef_rfft_4096
 .rodata.twiddleCoef_256
                0x0801393c      0x800 C:\Users\kinzl\STM32Cube\Repository\STM32Cube_FW_F1_V1.8.6\Drivers\CMSIS\Lib\GCC\libarm_cortexM3l_math.a(arm_common_tables.o)
                0x0801393c                twiddleCoef_256
 .rodata.twiddleCoef_16
                0x0801413c       0x80 C:\Users\kinzl\STM32Cube\Repository\STM32Cube_FW_F1_V1.8.6\Drivers\CMSIS\Lib\GCC\libarm_cortexM3l_math.a(arm_common_tables.o)
                0x0801413c                twiddleCoef_16
 .rodata.twiddleCoef_1024
                0x080141bc     0x2000 C:\Users\kinzl\STM32Cube\Repository\STM32Cube_FW_F1_V1.8.6\Drivers\CMSIS\Lib\GCC\libarm_cortexM3l_math.a(arm_common_tables.o)
                0x080141bc                twiddleCoef_1024
 .rodata.twiddleCoef_32
                0x080161bc      0x100 C:\Users\kinzl\STM32Cube\Repository\STM32Cube_FW_F1_V1.8.6\Drivers\CMSIS\Lib\GCC\libarm_cortexM3l_math.a(arm_common_tables.o)
                0x080161bc                twiddleCoef_32
 .rodata.armBitRevIndexTable1024
                0x080162bc      0xe10 C:\Users\kinzl\STM32Cube\Repository\STM32Cube_FW_F1_V1.8.6\Drivers\CMSIS\Lib\GCC\libarm_cortexM3l_math.a(arm_common_tables.o)
                0x080162bc                armBitRevIndexTable1024
 .rodata.armBitRevIndexTable16
                0x080170cc       0x28 C:\Users\kinzl\STM32Cube\Repository\STM32Cube_FW_F1_V1.8.6\Drivers\CMSIS\Lib\GCC\libarm_cortexM3l_math.a(arm_common_tables.o)
                0x080170cc                armBitRevIndexTable16
 .rodata.twiddleCoef_rfft_32
                0x080170f4       0x80 C:\Users\kinzl\STM32Cube\Repository\STM32Cube_FW_F1_V1.8.6\Drivers\CMSIS\Lib\GCC\libarm_cortexM3l_math.a(arm_common_tables.o)
                0x080170f4                twiddleCoef_rfft_32
 .rodata.armBitRevIndexTable32
                0x08017174       0x60 C:\Users\kinzl\STM32Cube\Repository\STM32Cube_FW_F1_V1.8.6\Drivers\CMSIS\Lib\GCC\libarm_cortexM3l_math.a(arm_common_tables.o)
                0x08017174                armBitRevIndexTable32
 .rodata.sinTable_f32
                0x080171d4      0x804 C:\Users\kinzl\STM32Cube\Repository\STM32Cube_FW_F1_V1.8.6\Drivers\CMSIS\Lib\GCC\libarm_cortexM3l_math.a(arm_common_tables.o)
                0x080171d4                sinTable_f32
 .rodata.twiddleCoef_128
                0x080179d8      0x400 C:\Users\kinzl\STM32Cube\Repository\STM32Cube_FW_F1_V1.8.6\Drivers\CMSIS\Lib\GCC\libarm_cortexM3l_math.a(arm_common_tables.o)
                0x080179d8                twiddleCoef_128
 .rodata.twiddleCoef_512
                0x08017dd8     0x1000 C:\Users\kinzl\STM32Cube\Repository\STM32Cube_FW_F1_V1.8.6\Drivers\CMSIS\Lib\GCC\libarm_cortexM3l_math.a(arm_common_tables.o)
                0x08017dd8                twiddleCoef_512
 .rodata.armBitRevIndexTable2048
                0x08018dd8     0x1dc0 C:\Users\kinzl\STM32Cube\Repository\STM32Cube_FW_F1_V1.8.6\Drivers\CMSIS\Lib\GCC\libarm_cortexM3l_math.a(arm_common_tables.o)
                0x08018dd8                armBitRevIndexTable2048
 .rodata.twiddleCoef_64
                0x0801ab98      0x200 C:\Users\kinzl\STM32Cube\Repository\STM32Cube_FW_F1_V1.8.6\Drivers\CMSIS\Lib\GCC\libarm_cortexM3l_math.a(arm_common_tables.o)
                0x0801ab98                twiddleCoef_64
 .rodata.twiddleCoef_rfft_512
                0x0801ad98      0x800 C:\Users\kinzl\STM32Cube\Repository\STM32Cube_FW_F1_V1.8.6\Drivers\CMSIS\Lib\GCC\libarm_cortexM3l_math.a(arm_common_tables.o)
                0x0801ad98                twiddleCoef_rfft_512
 .rodata.armBitRevIndexTable512
                0x0801b598      0x380 C:\Users\kinzl\STM32Cube\Repository\STM32Cube_FW_F1_V1.8.6\Drivers\CMSIS\Lib\GCC\libarm_cortexM3l_math.a(arm_common_tables.o)
                0x0801b598                armBitRevIndexTable512
 .rodata.twiddleCoef_rfft_1024
                0x0801b918     0x1000 C:\Users\kinzl\STM32Cube\Repository\STM32Cube_FW_F1_V1.8.6\Drivers\CMSIS\Lib\GCC\libarm_cortexM3l_math.a(arm_common_tables.o)
                0x0801b918                twiddleCoef_rfft_1024
 .rodata.twiddleCoef_rfft_256
                0x0801c918      0x400 C:\Users\kinzl\STM32Cube\Repository\STM32Cube_FW_F1_V1.8.6\Drivers\CMSIS\Lib\GCC\libarm_cortexM3l_math.a(arm_common_tables.o)
                0x0801c918                twiddleCoef_rfft_256
 .rodata.armBitRevIndexTable256
                0x0801cd18      0x370 C:\Users\kinzl\STM32Cube\Repository\STM32Cube_FW_F1_V1.8.6\Drivers\CMSIS\Lib\GCC\libarm_cortexM3l_math.a(arm_common_tables.o)
                0x0801cd18                armBitRevIndexTable256
 .rodata.twiddleCoef_rfft_128
                0x0801d088      0x200 C:\Users\kinzl\STM32Cube\Repository\STM32Cube_FW_F1_V1.8.6\Drivers\CMSIS\Lib\GCC\libarm_cortexM3l_math.a(arm_common_tables.o)
                0x0801d088                twiddleCoef_rfft_128
 .rodata.armBitRevIndexTable128
                0x0801d288      0x1a0 C:\Users\kinzl\STM32Cube\Repository\STM32Cube_FW_F1_V1.8.6\Drivers\CMSIS\Lib\GCC\libarm_cortexM3l_math.a(arm_common_tables.o)
                0x0801d288                armBitRevIndexTable128
 .rodata._svfprintf_r.str1.1
                0x0801d428       0x33 C:/ST/STM32CubeIDE_1.18.1/STM32CubeIDE/plugins/com.st.stm32cube.ide.mcu.externaltools.gnu-tools-for-stm32.13.3.rel1.win32_1.0.0.202411081344/tools/bin/../lib/gcc/arm-none-eabi/13.3.1/../../../../arm-none-eabi/lib/thumb/v7-m/nofp\libc_nano.a(libc_a-nano-svfprintf.o)
                                 0x11 (size before relaxing)
 .rodata._printf_i.str1.1
                0x0801d45b       0x22 C:/ST/STM32CubeIDE_1.18.1/STM32CubeIDE/plugins/com.st.stm32cube.ide.mcu.externaltools.gnu-tools-for-stm32.13.3.rel1.win32_1.0.0.202411081344/tools/bin/../lib/gcc/arm-none-eabi/13.3.1/../../../../arm-none-eabi/lib/thumb/v7-m/nofp\libc_nano.a(libc_a-nano-vfprintf_i.o)
 *fill*         0x0801d45b        0x1 
 .rodata.tiny   0x0801d45c        0x4 C:/ST/STM32CubeIDE_1.18.1/STM32CubeIDE/plugins/com.st.stm32cube.ide.mcu.externaltools.gnu-tools-for-stm32.13.3.rel1.win32_1.0.0.202411081344/tools/bin/../lib/gcc/arm-none-eabi/13.3.1/../../../../arm-none-eabi/lib/thumb/v7-m/nofp\libm.a(libm_a-ef_sqrt.o)
 .rodata.one    0x0801d460        0x4 C:/ST/STM32CubeIDE_1.18.1/STM32CubeIDE/plugins/com.st.stm32cube.ide.mcu.externaltools.gnu-tools-for-stm32.13.3.rel1.win32_1.0.0.202411081344/tools/bin/../lib/gcc/arm-none-eabi/13.3.1/../../../../arm-none-eabi/lib/thumb/v7-m/nofp\libm.a(libm_a-ef_sqrt.o)
                0x0801d464                        . = ALIGN (0x4)

.ARM.extab      0x0801d464        0x0
                0x0801d464                        . = ALIGN (0x4)
 *(.ARM.extab* .gnu.linkonce.armextab.*)
                0x0801d464                        . = ALIGN (0x4)

.ARM            0x0801d464        0x8
                0x0801d464                        . = ALIGN (0x4)
                0x0801d464                        __exidx_start = .
 *(.ARM.exidx*)
 .ARM.exidx     0x0801d464        0x8 C:/ST/STM32CubeIDE_1.18.1/STM32CubeIDE/plugins/com.st.stm32cube.ide.mcu.externaltools.gnu-tools-for-stm32.13.3.rel1.win32_1.0.0.202411081344/tools/bin/../lib/gcc/arm-none-eabi/13.3.1/../../../../arm-none-eabi/lib/thumb/v7-m/nofp\libc_nano.a(libc_a-strcmp.o)
 .ARM.exidx     0x0801d46c        0x0 C:/ST/STM32CubeIDE_1.18.1/STM32CubeIDE/plugins/com.st.stm32cube.ide.mcu.externaltools.gnu-tools-for-stm32.13.3.rel1.win32_1.0.0.202411081344/tools/bin/../lib/gcc/arm-none-eabi/13.3.1/../../../../arm-none-eabi/lib/thumb/v7-m/nofp\libc_nano.a(libc_a-strlen.o)
                                  0x8 (size before relaxing)
                0x0801d46c                        __exidx_end = .
                0x0801d46c                        . = ALIGN (0x4)

.preinit_array  0x0801d46c        0x0
                0x0801d46c                        . = ALIGN (0x4)
                0x0801d46c                        PROVIDE (__preinit_array_start = .)
 *(.preinit_array*)
                0x0801d46c                        PROVIDE (__preinit_array_end = .)
                0x0801d46c                        . = ALIGN (0x4)

.init_array     0x0801d46c        0x4
                0x0801d46c                        . = ALIGN (0x4)
                0x0801d46c                        PROVIDE (__init_array_start = .)
 *(SORT_BY_NAME(.init_array.*))
 *(.init_array*)
 .init_array    0x0801d46c        0x4 C:/ST/STM32CubeIDE_1.18.1/STM32CubeIDE/plugins/com.st.stm32cube.ide.mcu.externaltools.gnu-tools-for-stm32.13.3.rel1.win32_1.0.0.202411081344/tools/bin/../lib/gcc/arm-none-eabi/13.3.1/thumb/v7-m/nofp/crtbegin.o
                0x0801d470                        PROVIDE (__init_array_end = .)
                0x0801d470                        . = ALIGN (0x4)

.fini_array     0x0801d470        0x4
                0x0801d470                        . = ALIGN (0x4)
                [!provide]                        PROVIDE (__fini_array_start = .)
 *(SORT_BY_NAME(.fini_array.*))
 *(.fini_array*)
 .fini_array    0x0801d470        0x4 C:/ST/STM32CubeIDE_1.18.1/STM32CubeIDE/plugins/com.st.stm32cube.ide.mcu.externaltools.gnu-tools-for-stm32.13.3.rel1.win32_1.0.0.202411081344/tools/bin/../lib/gcc/arm-none-eabi/13.3.1/thumb/v7-m/nofp/crtbegin.o
                [!provide]                        PROVIDE (__fini_array_end = .)
                0x0801d474                        . = ALIGN (0x4)
                0x0801d474                        _sidata = LOADADDR (.data)

.rel.dyn        0x0801d474        0x0
 .rel.iplt      0x0801d474        0x0 C:/ST/STM32CubeIDE_1.18.1/STM32CubeIDE/plugins/com.st.stm32cube.ide.mcu.externaltools.gnu-tools-for-stm32.13.3.rel1.win32_1.0.0.202411081344/tools/bin/../lib/gcc/arm-none-eabi/13.3.1/thumb/v7-m/nofp/crtbegin.o

.data           0x20000000     0x2118 load address 0x0801d474
                0x20000000                        . = ALIGN (0x4)
                0x20000000                        _sdata = .
 *(.data)
 *(.data*)
 .data.adc_buffer
                0x20000000     0x2000 ./Core/Src/main.o
                0x20000000                adc_buffer
 .data.note_names
                0x20002000       0x18 ./Core/Src/main.o
                0x20002000                note_names
 .data.buttons  0x20002018       0x60 ./Core/Src/main.o
                0x20002018                buttons
 .data.back_button
                0x20002078       0x10 ./Core/Src/main.o
                0x20002078                back_button
 .data.selected_note_idx
                0x20002088        0x4 ./Core/Src/main.o
                0x20002088                selected_note_idx
 .data.SystemCoreClock
                0x2000208c        0x4 ./Core/Src/system_stm32f1xx.o
                0x2000208c                SystemCoreClock
 .data.strXPT2046_TouchPara
                0x20002090       0x30 ./Core/Src/xpt2046.o
                0x20002090                strXPT2046_TouchPara
 .data.uwTickPrio
                0x200020c0        0x4 ./Drivers/STM32F1xx_HAL_Driver/Src/stm32f1xx_hal.o
                0x200020c0                uwTickPrio
 .data.uwTickFreq
                0x200020c4        0x1 ./Drivers/STM32F1xx_HAL_Driver/Src/stm32f1xx_hal.o
                0x200020c4                uwTickFreq
 *fill*         0x200020c5        0x3 
 .data._impure_ptr
                0x200020c8        0x4 C:/ST/STM32CubeIDE_1.18.1/STM32CubeIDE/plugins/com.st.stm32cube.ide.mcu.externaltools.gnu-tools-for-stm32.13.3.rel1.win32_1.0.0.202411081344/tools/bin/../lib/gcc/arm-none-eabi/13.3.1/../../../../arm-none-eabi/lib/thumb/v7-m/nofp\libc_nano.a(libc_a-impure.o)
                0x200020c8                _impure_ptr
 .data._impure_data
                0x200020cc       0x4c C:/ST/STM32CubeIDE_1.18.1/STM32CubeIDE/plugins/com.st.stm32cube.ide.mcu.externaltools.gnu-tools-for-stm32.13.3.rel1.win32_1.0.0.202411081344/tools/bin/../lib/gcc/arm-none-eabi/13.3.1/../../../../arm-none-eabi/lib/thumb/v7-m/nofp\libc_nano.a(libc_a-impure.o)
                0x200020cc                _impure_data
 *(.RamFunc)
 *(.RamFunc*)
                0x20002118                        . = ALIGN (0x4)
                0x20002118                        _edata = .

.igot.plt       0x20002118        0x0 load address 0x0801f58c
 .igot.plt      0x20002118        0x0 C:/ST/STM32CubeIDE_1.18.1/STM32CubeIDE/plugins/com.st.stm32cube.ide.mcu.externaltools.gnu-tools-for-stm32.13.3.rel1.win32_1.0.0.202411081344/tools/bin/../lib/gcc/arm-none-eabi/13.3.1/thumb/v7-m/nofp/crtbegin.o
                0x20002118                        . = ALIGN (0x4)

.bss            0x20002118     0x42dc load address 0x0801f58c
                0x20002118                        _sbss = .
                0x20002118                        __bss_start__ = _sbss
 *(.bss)
 .bss           0x20002118       0x1c C:/ST/STM32CubeIDE_1.18.1/STM32CubeIDE/plugins/com.st.stm32cube.ide.mcu.externaltools.gnu-tools-for-stm32.13.3.rel1.win32_1.0.0.202411081344/tools/bin/../lib/gcc/arm-none-eabi/13.3.1/thumb/v7-m/nofp/crtbegin.o
 *(.bss*)
 .bss.hadc1     0x20002134       0x30 ./Core/Src/main.o
                0x20002134                hadc1
 .bss.hdma_adc1
                0x20002164       0x44 ./Core/Src/main.o
                0x20002164                hdma_adc1
 .bss.htim2     0x200021a8       0x48 ./Core/Src/main.o
                0x200021a8                htim2
 .bss.htim3     0x200021f0       0x48 ./Core/Src/main.o
                0x200021f0                htim3
 .bss.hsram1    0x20002238       0x48 ./Core/Src/main.o
                0x20002238                hsram1
 .bss.fft_input
                0x20002280     0x2000 ./Core/Src/main.o
                0x20002280                fft_input
 .bss.fft_output
                0x20004280     0x2000 ./Core/Src/main.o
                0x20004280                fft_output
 .bss.fft_handler
                0x20006280       0x18 ./Core/Src/main.o
                0x20006280                fft_handler
 .bss.adc_complete
                0x20006298        0x1 ./Core/Src/main.o
                0x20006298                adc_complete
 .bss.buffer_idx
                0x20006299        0x1 ./Core/Src/main.o
                0x20006299                buffer_idx
 .bss.processing_buffer
                0x2000629a        0x1 ./Core/Src/main.o
                0x2000629a                processing_buffer
 .bss.screen_state
                0x2000629b        0x1 ./Core/Src/main.o
                0x2000629b                screen_state
 .bss.FSMC_Initialized
                0x2000629c        0x4 ./Core/Src/stm32f1xx_hal_msp.o
 .bss.__sbrk_heap_end
                0x200062a0        0x4 ./Core/Src/sysmem.o
 .bss.ucXPT2046_TouchFlag
                0x200062a4        0x1 ./Core/Src/xpt2046.o
                0x200062a4                ucXPT2046_TouchFlag
 *fill*         0x200062a5        0x3 
 .bss.uwTick    0x200062a8        0x4 ./Drivers/STM32F1xx_HAL_Driver/Src/stm32f1xx_hal.o
                0x200062a8                uwTick
 .bss.__sf      0x200062ac      0x138 C:/ST/STM32CubeIDE_1.18.1/STM32CubeIDE/plugins/com.st.stm32cube.ide.mcu.externaltools.gnu-tools-for-stm32.13.3.rel1.win32_1.0.0.202411081344/tools/bin/../lib/gcc/arm-none-eabi/13.3.1/../../../../arm-none-eabi/lib/thumb/v7-m/nofp\libc_nano.a(libc_a-findfp.o)
                0x200062ac                __sf
 .bss.errno     0x200063e4        0x4 C:/ST/STM32CubeIDE_1.18.1/STM32CubeIDE/plugins/com.st.stm32cube.ide.mcu.externaltools.gnu-tools-for-stm32.13.3.rel1.win32_1.0.0.202411081344/tools/bin/../lib/gcc/arm-none-eabi/13.3.1/../../../../arm-none-eabi/lib/thumb/v7-m/nofp\libc_nano.a(libc_a-reent.o)
                0x200063e4                errno
 .bss.__lock___malloc_recursive_mutex
                0x200063e8        0x1 C:/ST/STM32CubeIDE_1.18.1/STM32CubeIDE/plugins/com.st.stm32cube.ide.mcu.externaltools.gnu-tools-for-stm32.13.3.rel1.win32_1.0.0.202411081344/tools/bin/../lib/gcc/arm-none-eabi/13.3.1/../../../../arm-none-eabi/lib/thumb/v7-m/nofp\libc_nano.a(libc_a-lock.o)
                0x200063e8                __lock___malloc_recursive_mutex
 *fill*         0x200063e9        0x3 
 .bss.__malloc_sbrk_start
                0x200063ec        0x4 C:/ST/STM32CubeIDE_1.18.1/STM32CubeIDE/plugins/com.st.stm32cube.ide.mcu.externaltools.gnu-tools-for-stm32.13.3.rel1.win32_1.0.0.202411081344/tools/bin/../lib/gcc/arm-none-eabi/13.3.1/../../../../arm-none-eabi/lib/thumb/v7-m/nofp\libc_nano.a(libc_a-mallocr.o)
                0x200063ec                __malloc_sbrk_start
 .bss.__malloc_free_list
                0x200063f0        0x4 C:/ST/STM32CubeIDE_1.18.1/STM32CubeIDE/plugins/com.st.stm32cube.ide.mcu.externaltools.gnu-tools-for-stm32.13.3.rel1.win32_1.0.0.202411081344/tools/bin/../lib/gcc/arm-none-eabi/13.3.1/../../../../arm-none-eabi/lib/thumb/v7-m/nofp\libc_nano.a(libc_a-mallocr.o)
                0x200063f0                __malloc_free_list
 *(COMMON)
                0x200063f4                        . = ALIGN (0x4)
                0x200063f4                        _ebss = .
                0x200063f4                        __bss_end__ = _ebss

._user_heap_stack
                0x200063f4      0x604 load address 0x0801f58c
                0x200063f8                        . = ALIGN (0x8)
 *fill*         0x200063f4        0x4 
                [!provide]                        PROVIDE (end = .)
                0x200063f8                        PROVIDE (_end = .)
                0x200065f8                        . = (. + _Min_Heap_Size)
 *fill*         0x200063f8      0x200 
                0x200069f8                        . = (. + _Min_Stack_Size)
 *fill*         0x200065f8      0x400 
                0x200069f8                        . = ALIGN (0x8)

/DISCARD/
 libc.a(*)
 libm.a(*)
 libgcc.a(*)

.ARM.attributes
                0x00000000       0x29
 *(.ARM.attributes)
 .ARM.attributes
                0x00000000       0x1d C:/ST/STM32CubeIDE_1.18.1/STM32CubeIDE/plugins/com.st.stm32cube.ide.mcu.externaltools.gnu-tools-for-stm32.13.3.rel1.win32_1.0.0.202411081344/tools/bin/../lib/gcc/arm-none-eabi/13.3.1/thumb/v7-m/nofp/crti.o
 .ARM.attributes
                0x0000001d       0x2d C:/ST/STM32CubeIDE_1.18.1/STM32CubeIDE/plugins/com.st.stm32cube.ide.mcu.externaltools.gnu-tools-for-stm32.13.3.rel1.win32_1.0.0.202411081344/tools/bin/../lib/gcc/arm-none-eabi/13.3.1/thumb/v7-m/nofp/crtbegin.o
 .ARM.attributes
                0x0000004a       0x2d ./Core/Src/lcdtp_v1.o
 .ARM.attributes
                0x00000077       0x2d ./Core/Src/main.o
 .ARM.attributes
                0x000000a4       0x2d ./Core/Src/stm32f1xx_hal_msp.o
 .ARM.attributes
                0x000000d1       0x2d ./Core/Src/stm32f1xx_it.o
 .ARM.attributes
                0x000000fe       0x2d ./Core/Src/sysmem.o
 .ARM.attributes
                0x0000012b       0x2d ./Core/Src/system_stm32f1xx.o
 .ARM.attributes
                0x00000158       0x2d ./Core/Src/xpt2046.o
 .ARM.attributes
                0x00000185       0x21 ./Core/Startup/startup_stm32f103vetx.o
 .ARM.attributes
                0x000001a6       0x2d ./Drivers/STM32F1xx_HAL_Driver/Src/stm32f1xx_hal.o
 .ARM.attributes
                0x000001d3       0x2d ./Drivers/STM32F1xx_HAL_Driver/Src/stm32f1xx_hal_adc.o
 .ARM.attributes
                0x00000200       0x2d ./Drivers/STM32F1xx_HAL_Driver/Src/stm32f1xx_hal_adc_ex.o
 .ARM.attributes
                0x0000022d       0x2d ./Drivers/STM32F1xx_HAL_Driver/Src/stm32f1xx_hal_cortex.o
 .ARM.attributes
                0x0000025a       0x2d ./Drivers/STM32F1xx_HAL_Driver/Src/stm32f1xx_hal_dma.o
 .ARM.attributes
                0x00000287       0x2d ./Drivers/STM32F1xx_HAL_Driver/Src/stm32f1xx_hal_gpio.o
 .ARM.attributes
                0x000002b4       0x2d ./Drivers/STM32F1xx_HAL_Driver/Src/stm32f1xx_hal_rcc.o
 .ARM.attributes
                0x000002e1       0x2d ./Drivers/STM32F1xx_HAL_Driver/Src/stm32f1xx_hal_rcc_ex.o
 .ARM.attributes
                0x0000030e       0x2d ./Drivers/STM32F1xx_HAL_Driver/Src/stm32f1xx_hal_sram.o
 .ARM.attributes
                0x0000033b       0x2d ./Drivers/STM32F1xx_HAL_Driver/Src/stm32f1xx_hal_tim.o
 .ARM.attributes
                0x00000368       0x2d ./Drivers/STM32F1xx_HAL_Driver/Src/stm32f1xx_hal_tim_ex.o
 .ARM.attributes
                0x00000395       0x2d ./Drivers/STM32F1xx_HAL_Driver/Src/stm32f1xx_ll_fsmc.o
 .ARM.attributes
                0x000003c2       0x33 C:\Users\kinzl\STM32Cube\Repository\STM32Cube_FW_F1_V1.8.6\Drivers\CMSIS\Lib\GCC\libarm_cortexM3l_math.a(arm_rfft_fast_init_f32.o)
 .ARM.attributes
                0x000003f5       0x33 C:\Users\kinzl\STM32Cube\Repository\STM32Cube_FW_F1_V1.8.6\Drivers\CMSIS\Lib\GCC\libarm_cortexM3l_math.a(arm_rfft_fast_f32.o)
 .ARM.attributes
                0x00000428       0x33 C:\Users\kinzl\STM32Cube\Repository\STM32Cube_FW_F1_V1.8.6\Drivers\CMSIS\Lib\GCC\libarm_cortexM3l_math.a(arm_cfft_f32.o)
 .ARM.attributes
                0x0000045b       0x33 C:\Users\kinzl\STM32Cube\Repository\STM32Cube_FW_F1_V1.8.6\Drivers\CMSIS\Lib\GCC\libarm_cortexM3l_math.a(arm_cos_f32.o)
 .ARM.attributes
                0x0000048e       0x33 C:\Users\kinzl\STM32Cube\Repository\STM32Cube_FW_F1_V1.8.6\Drivers\CMSIS\Lib\GCC\libarm_cortexM3l_math.a(arm_common_tables.o)
 .ARM.attributes
                0x000004c1       0x21 C:\Users\kinzl\STM32Cube\Repository\STM32Cube_FW_F1_V1.8.6\Drivers\CMSIS\Lib\GCC\libarm_cortexM3l_math.a(arm_bitreversal2.o)
 .ARM.attributes
                0x000004e2       0x33 C:\Users\kinzl\STM32Cube\Repository\STM32Cube_FW_F1_V1.8.6\Drivers\CMSIS\Lib\GCC\libarm_cortexM3l_math.a(arm_cfft_radix8_f32.o)
 .ARM.attributes
                0x00000515       0x2d C:/ST/STM32CubeIDE_1.18.1/STM32CubeIDE/plugins/com.st.stm32cube.ide.mcu.externaltools.gnu-tools-for-stm32.13.3.rel1.win32_1.0.0.202411081344/tools/bin/../lib/gcc/arm-none-eabi/13.3.1/../../../../arm-none-eabi/lib/thumb/v7-m/nofp\libc_nano.a(libc_a-findfp.o)
 .ARM.attributes
                0x00000542       0x2d C:/ST/STM32CubeIDE_1.18.1/STM32CubeIDE/plugins/com.st.stm32cube.ide.mcu.externaltools.gnu-tools-for-stm32.13.3.rel1.win32_1.0.0.202411081344/tools/bin/../lib/gcc/arm-none-eabi/13.3.1/../../../../arm-none-eabi/lib/thumb/v7-m/nofp\libc_nano.a(libc_a-sprintf.o)
 .ARM.attributes
                0x0000056f       0x2d C:/ST/STM32CubeIDE_1.18.1/STM32CubeIDE/plugins/com.st.stm32cube.ide.mcu.externaltools.gnu-tools-for-stm32.13.3.rel1.win32_1.0.0.202411081344/tools/bin/../lib/gcc/arm-none-eabi/13.3.1/../../../../arm-none-eabi/lib/thumb/v7-m/nofp\libc_nano.a(libc_a-memset.o)
 .ARM.attributes
                0x0000059c       0x2d C:/ST/STM32CubeIDE_1.18.1/STM32CubeIDE/plugins/com.st.stm32cube.ide.mcu.externaltools.gnu-tools-for-stm32.13.3.rel1.win32_1.0.0.202411081344/tools/bin/../lib/gcc/arm-none-eabi/13.3.1/../../../../arm-none-eabi/lib/thumb/v7-m/nofp\libc_nano.a(libc_a-reent.o)
 .ARM.attributes
                0x000005c9       0x2d C:/ST/STM32CubeIDE_1.18.1/STM32CubeIDE/plugins/com.st.stm32cube.ide.mcu.externaltools.gnu-tools-for-stm32.13.3.rel1.win32_1.0.0.202411081344/tools/bin/../lib/gcc/arm-none-eabi/13.3.1/../../../../arm-none-eabi/lib/thumb/v7-m/nofp\libc_nano.a(libc_a-impure.o)
 .ARM.attributes
                0x000005f6       0x2d C:/ST/STM32CubeIDE_1.18.1/STM32CubeIDE/plugins/com.st.stm32cube.ide.mcu.externaltools.gnu-tools-for-stm32.13.3.rel1.win32_1.0.0.202411081344/tools/bin/../lib/gcc/arm-none-eabi/13.3.1/../../../../arm-none-eabi/lib/thumb/v7-m/nofp\libc_nano.a(libc_a-errno.o)
 .ARM.attributes
                0x00000623       0x2d C:/ST/STM32CubeIDE_1.18.1/STM32CubeIDE/plugins/com.st.stm32cube.ide.mcu.externaltools.gnu-tools-for-stm32.13.3.rel1.win32_1.0.0.202411081344/tools/bin/../lib/gcc/arm-none-eabi/13.3.1/../../../../arm-none-eabi/lib/thumb/v7-m/nofp\libc_nano.a(libc_a-init.o)
 .ARM.attributes
                0x00000650       0x2d C:/ST/STM32CubeIDE_1.18.1/STM32CubeIDE/plugins/com.st.stm32cube.ide.mcu.externaltools.gnu-tools-for-stm32.13.3.rel1.win32_1.0.0.202411081344/tools/bin/../lib/gcc/arm-none-eabi/13.3.1/../../../../arm-none-eabi/lib/thumb/v7-m/nofp\libc_nano.a(libc_a-lock.o)
 .ARM.attributes
                0x0000067d       0x1b C:/ST/STM32CubeIDE_1.18.1/STM32CubeIDE/plugins/com.st.stm32cube.ide.mcu.externaltools.gnu-tools-for-stm32.13.3.rel1.win32_1.0.0.202411081344/tools/bin/../lib/gcc/arm-none-eabi/13.3.1/../../../../arm-none-eabi/lib/thumb/v7-m/nofp\libc_nano.a(libc_a-strcmp.o)
 .ARM.attributes
                0x00000698       0x2d C:/ST/STM32CubeIDE_1.18.1/STM32CubeIDE/plugins/com.st.stm32cube.ide.mcu.externaltools.gnu-tools-for-stm32.13.3.rel1.win32_1.0.0.202411081344/tools/bin/../lib/gcc/arm-none-eabi/13.3.1/../../../../arm-none-eabi/lib/thumb/v7-m/nofp\libc_nano.a(libc_a-strcpy.o)
 .ARM.attributes
                0x000006c5       0x17 C:/ST/STM32CubeIDE_1.18.1/STM32CubeIDE/plugins/com.st.stm32cube.ide.mcu.externaltools.gnu-tools-for-stm32.13.3.rel1.win32_1.0.0.202411081344/tools/bin/../lib/gcc/arm-none-eabi/13.3.1/../../../../arm-none-eabi/lib/thumb/v7-m/nofp\libc_nano.a(libc_a-strlen.o)
 .ARM.attributes
                0x000006dc       0x2d C:/ST/STM32CubeIDE_1.18.1/STM32CubeIDE/plugins/com.st.stm32cube.ide.mcu.externaltools.gnu-tools-for-stm32.13.3.rel1.win32_1.0.0.202411081344/tools/bin/../lib/gcc/arm-none-eabi/13.3.1/../../../../arm-none-eabi/lib/thumb/v7-m/nofp\libc_nano.a(libc_a-freer.o)
 .ARM.attributes
                0x00000709       0x2d C:/ST/STM32CubeIDE_1.18.1/STM32CubeIDE/plugins/com.st.stm32cube.ide.mcu.externaltools.gnu-tools-for-stm32.13.3.rel1.win32_1.0.0.202411081344/tools/bin/../lib/gcc/arm-none-eabi/13.3.1/../../../../arm-none-eabi/lib/thumb/v7-m/nofp\libc_nano.a(libc_a-mallocr.o)
 .ARM.attributes
                0x00000736       0x2d C:/ST/STM32CubeIDE_1.18.1/STM32CubeIDE/plugins/com.st.stm32cube.ide.mcu.externaltools.gnu-tools-for-stm32.13.3.rel1.win32_1.0.0.202411081344/tools/bin/../lib/gcc/arm-none-eabi/13.3.1/../../../../arm-none-eabi/lib/thumb/v7-m/nofp\libc_nano.a(libc_a-mlock.o)
 .ARM.attributes
                0x00000763       0x2d C:/ST/STM32CubeIDE_1.18.1/STM32CubeIDE/plugins/com.st.stm32cube.ide.mcu.externaltools.gnu-tools-for-stm32.13.3.rel1.win32_1.0.0.202411081344/tools/bin/../lib/gcc/arm-none-eabi/13.3.1/../../../../arm-none-eabi/lib/thumb/v7-m/nofp\libc_nano.a(libc_a-nano-svfprintf.o)
 .ARM.attributes
                0x00000790       0x2d C:/ST/STM32CubeIDE_1.18.1/STM32CubeIDE/plugins/com.st.stm32cube.ide.mcu.externaltools.gnu-tools-for-stm32.13.3.rel1.win32_1.0.0.202411081344/tools/bin/../lib/gcc/arm-none-eabi/13.3.1/../../../../arm-none-eabi/lib/thumb/v7-m/nofp\libc_nano.a(libc_a-nano-vfprintf_i.o)
 .ARM.attributes
                0x000007bd       0x2d C:/ST/STM32CubeIDE_1.18.1/STM32CubeIDE/plugins/com.st.stm32cube.ide.mcu.externaltools.gnu-tools-for-stm32.13.3.rel1.win32_1.0.0.202411081344/tools/bin/../lib/gcc/arm-none-eabi/13.3.1/../../../../arm-none-eabi/lib/thumb/v7-m/nofp\libc_nano.a(libc_a-memmove.o)
 .ARM.attributes
                0x000007ea       0x2d C:/ST/STM32CubeIDE_1.18.1/STM32CubeIDE/plugins/com.st.stm32cube.ide.mcu.externaltools.gnu-tools-for-stm32.13.3.rel1.win32_1.0.0.202411081344/tools/bin/../lib/gcc/arm-none-eabi/13.3.1/../../../../arm-none-eabi/lib/thumb/v7-m/nofp\libc_nano.a(libc_a-sbrkr.o)
 .ARM.attributes
                0x00000817       0x2d C:/ST/STM32CubeIDE_1.18.1/STM32CubeIDE/plugins/com.st.stm32cube.ide.mcu.externaltools.gnu-tools-for-stm32.13.3.rel1.win32_1.0.0.202411081344/tools/bin/../lib/gcc/arm-none-eabi/13.3.1/../../../../arm-none-eabi/lib/thumb/v7-m/nofp\libc_nano.a(libc_a-memchr-stub.o)
 .ARM.attributes
                0x00000844       0x2d C:/ST/STM32CubeIDE_1.18.1/STM32CubeIDE/plugins/com.st.stm32cube.ide.mcu.externaltools.gnu-tools-for-stm32.13.3.rel1.win32_1.0.0.202411081344/tools/bin/../lib/gcc/arm-none-eabi/13.3.1/../../../../arm-none-eabi/lib/thumb/v7-m/nofp\libc_nano.a(libc_a-memcpy-stub.o)
 .ARM.attributes
                0x00000871       0x2d C:/ST/STM32CubeIDE_1.18.1/STM32CubeIDE/plugins/com.st.stm32cube.ide.mcu.externaltools.gnu-tools-for-stm32.13.3.rel1.win32_1.0.0.202411081344/tools/bin/../lib/gcc/arm-none-eabi/13.3.1/../../../../arm-none-eabi/lib/thumb/v7-m/nofp\libc_nano.a(libc_a-reallocr.o)
 .ARM.attributes
                0x0000089e       0x2d C:/ST/STM32CubeIDE_1.18.1/STM32CubeIDE/plugins/com.st.stm32cube.ide.mcu.externaltools.gnu-tools-for-stm32.13.3.rel1.win32_1.0.0.202411081344/tools/bin/../lib/gcc/arm-none-eabi/13.3.1/../../../../arm-none-eabi/lib/thumb/v7-m/nofp\libc_nano.a(libc_a-msizer.o)
 .ARM.attributes
                0x000008cb       0x2d C:/ST/STM32CubeIDE_1.18.1/STM32CubeIDE/plugins/com.st.stm32cube.ide.mcu.externaltools.gnu-tools-for-stm32.13.3.rel1.win32_1.0.0.202411081344/tools/bin/../lib/gcc/arm-none-eabi/13.3.1/../../../../arm-none-eabi/lib/thumb/v7-m/nofp\libm.a(libm_a-wf_sqrt.o)
 .ARM.attributes
                0x000008f8       0x2d C:/ST/STM32CubeIDE_1.18.1/STM32CubeIDE/plugins/com.st.stm32cube.ide.mcu.externaltools.gnu-tools-for-stm32.13.3.rel1.win32_1.0.0.202411081344/tools/bin/../lib/gcc/arm-none-eabi/13.3.1/../../../../arm-none-eabi/lib/thumb/v7-m/nofp\libm.a(libm_a-ef_sqrt.o)
 .ARM.attributes
                0x00000925       0x1d C:/ST/STM32CubeIDE_1.18.1/STM32CubeIDE/plugins/com.st.stm32cube.ide.mcu.externaltools.gnu-tools-for-stm32.13.3.rel1.win32_1.0.0.202411081344/tools/bin/../lib/gcc/arm-none-eabi/13.3.1/thumb/v7-m/nofp\libgcc.a(_arm_addsubdf3.o)
 .ARM.attributes
                0x00000942       0x1d C:/ST/STM32CubeIDE_1.18.1/STM32CubeIDE/plugins/com.st.stm32cube.ide.mcu.externaltools.gnu-tools-for-stm32.13.3.rel1.win32_1.0.0.202411081344/tools/bin/../lib/gcc/arm-none-eabi/13.3.1/thumb/v7-m/nofp\libgcc.a(_arm_muldivdf3.o)
 .ARM.attributes
                0x0000095f       0x1d C:/ST/STM32CubeIDE_1.18.1/STM32CubeIDE/plugins/com.st.stm32cube.ide.mcu.externaltools.gnu-tools-for-stm32.13.3.rel1.win32_1.0.0.202411081344/tools/bin/../lib/gcc/arm-none-eabi/13.3.1/thumb/v7-m/nofp\libgcc.a(_arm_cmpdf2.o)
 .ARM.attributes
                0x0000097c       0x1d C:/ST/STM32CubeIDE_1.18.1/STM32CubeIDE/plugins/com.st.stm32cube.ide.mcu.externaltools.gnu-tools-for-stm32.13.3.rel1.win32_1.0.0.202411081344/tools/bin/../lib/gcc/arm-none-eabi/13.3.1/thumb/v7-m/nofp\libgcc.a(_arm_fixunsdfsi.o)
 .ARM.attributes
                0x00000999       0x1d C:/ST/STM32CubeIDE_1.18.1/STM32CubeIDE/plugins/com.st.stm32cube.ide.mcu.externaltools.gnu-tools-for-stm32.13.3.rel1.win32_1.0.0.202411081344/tools/bin/../lib/gcc/arm-none-eabi/13.3.1/thumb/v7-m/nofp\libgcc.a(_arm_addsubsf3.o)
 .ARM.attributes
                0x000009b6       0x1d C:/ST/STM32CubeIDE_1.18.1/STM32CubeIDE/plugins/com.st.stm32cube.ide.mcu.externaltools.gnu-tools-for-stm32.13.3.rel1.win32_1.0.0.202411081344/tools/bin/../lib/gcc/arm-none-eabi/13.3.1/thumb/v7-m/nofp\libgcc.a(_arm_muldivsf3.o)
 .ARM.attributes
                0x000009d3       0x1d C:/ST/STM32CubeIDE_1.18.1/STM32CubeIDE/plugins/com.st.stm32cube.ide.mcu.externaltools.gnu-tools-for-stm32.13.3.rel1.win32_1.0.0.202411081344/tools/bin/../lib/gcc/arm-none-eabi/13.3.1/thumb/v7-m/nofp\libgcc.a(_arm_cmpsf2.o)
 .ARM.attributes
                0x000009f0       0x1d C:/ST/STM32CubeIDE_1.18.1/STM32CubeIDE/plugins/com.st.stm32cube.ide.mcu.externaltools.gnu-tools-for-stm32.13.3.rel1.win32_1.0.0.202411081344/tools/bin/../lib/gcc/arm-none-eabi/13.3.1/thumb/v7-m/nofp\libgcc.a(_arm_unordsf2.o)
 .ARM.attributes
                0x00000a0d       0x1d C:/ST/STM32CubeIDE_1.18.1/STM32CubeIDE/plugins/com.st.stm32cube.ide.mcu.externaltools.gnu-tools-for-stm32.13.3.rel1.win32_1.0.0.202411081344/tools/bin/../lib/gcc/arm-none-eabi/13.3.1/thumb/v7-m/nofp\libgcc.a(_arm_fixsfsi.o)
 .ARM.attributes
                0x00000a2a       0x1d C:/ST/STM32CubeIDE_1.18.1/STM32CubeIDE/plugins/com.st.stm32cube.ide.mcu.externaltools.gnu-tools-for-stm32.13.3.rel1.win32_1.0.0.202411081344/tools/bin/../lib/gcc/arm-none-eabi/13.3.1/thumb/v7-m/nofp\libgcc.a(_arm_fixunssfsi.o)
 .ARM.attributes
                0x00000a47       0x1d C:/ST/STM32CubeIDE_1.18.1/STM32CubeIDE/plugins/com.st.stm32cube.ide.mcu.externaltools.gnu-tools-for-stm32.13.3.rel1.win32_1.0.0.202411081344/tools/bin/../lib/gcc/arm-none-eabi/13.3.1/thumb/v7-m/nofp/crtn.o
OUTPUT(ELEC3300_project.elf elf32-littlearm)
LOAD linker stubs
LOAD C:/ST/STM32CubeIDE_1.18.1/STM32CubeIDE/plugins/com.st.stm32cube.ide.mcu.externaltools.gnu-tools-for-stm32.13.3.rel1.win32_1.0.0.202411081344/tools/bin/../lib/gcc/arm-none-eabi/13.3.1/../../../../arm-none-eabi/lib/thumb/v7-m/nofp\libc.a
LOAD C:/ST/STM32CubeIDE_1.18.1/STM32CubeIDE/plugins/com.st.stm32cube.ide.mcu.externaltools.gnu-tools-for-stm32.13.3.rel1.win32_1.0.0.202411081344/tools/bin/../lib/gcc/arm-none-eabi/13.3.1/../../../../arm-none-eabi/lib/thumb/v7-m/nofp\libm.a
LOAD C:/ST/STM32CubeIDE_1.18.1/STM32CubeIDE/plugins/com.st.stm32cube.ide.mcu.externaltools.gnu-tools-for-stm32.13.3.rel1.win32_1.0.0.202411081344/tools/bin/../lib/gcc/arm-none-eabi/13.3.1/thumb/v7-m/nofp\libgcc.a

.debug_info     0x00000000    0x104a2
 .debug_info    0x00000000      0x7e0 ./Core/Src/lcdtp_v1.o
 .debug_info    0x000007e0     0x1f82 ./Core/Src/main.o
 .debug_info    0x00002762     0x1060 ./Core/Src/stm32f1xx_hal_msp.o
 .debug_info    0x000037c2      0x9ed ./Core/Src/stm32f1xx_it.o
 .debug_info    0x000041af      0x168 ./Core/Src/sysmem.o
 .debug_info    0x00004317      0x222 ./Core/Src/system_stm32f1xx.o
 .debug_info    0x00004539      0x75e ./Core/Src/xpt2046.o
 .debug_info    0x00004c97       0x30 ./Core/Startup/startup_stm32f103vetx.o
 .debug_info    0x00004cc7      0x76a ./Drivers/STM32F1xx_HAL_Driver/Src/stm32f1xx_hal.o
 .debug_info    0x00005431      0xc50 ./Drivers/STM32F1xx_HAL_Driver/Src/stm32f1xx_hal_adc.o
 .debug_info    0x00006081      0xa10 ./Drivers/STM32F1xx_HAL_Driver/Src/stm32f1xx_hal_adc_ex.o
 .debug_info    0x00006a91      0xaed ./Drivers/STM32F1xx_HAL_Driver/Src/stm32f1xx_hal_cortex.o
 .debug_info    0x0000757e      0x6d2 ./Drivers/STM32F1xx_HAL_Driver/Src/stm32f1xx_hal_dma.o
 .debug_info    0x00007c50      0x5ab ./Drivers/STM32F1xx_HAL_Driver/Src/stm32f1xx_hal_gpio.o
 .debug_info    0x000081fb      0x7d5 ./Drivers/STM32F1xx_HAL_Driver/Src/stm32f1xx_hal_rcc.o
 .debug_info    0x000089d0      0x3e9 ./Drivers/STM32F1xx_HAL_Driver/Src/stm32f1xx_hal_rcc_ex.o
 .debug_info    0x00008db9      0xce0 ./Drivers/STM32F1xx_HAL_Driver/Src/stm32f1xx_hal_sram.o
 .debug_info    0x00009a99     0x2959 ./Drivers/STM32F1xx_HAL_Driver/Src/stm32f1xx_hal_tim.o
 .debug_info    0x0000c3f2     0x149b ./Drivers/STM32F1xx_HAL_Driver/Src/stm32f1xx_hal_tim_ex.o
 .debug_info    0x0000d88d      0x98a ./Drivers/STM32F1xx_HAL_Driver/Src/stm32f1xx_ll_fsmc.o
 .debug_info    0x0000e217      0x4c7 C:\Users\kinzl\STM32Cube\Repository\STM32Cube_FW_F1_V1.8.6\Drivers\CMSIS\Lib\GCC\libarm_cortexM3l_math.a(arm_rfft_fast_init_f32.o)
 .debug_info    0x0000e6de      0x728 C:\Users\kinzl\STM32Cube\Repository\STM32Cube_FW_F1_V1.8.6\Drivers\CMSIS\Lib\GCC\libarm_cortexM3l_math.a(arm_rfft_fast_f32.o)
 .debug_info    0x0000ee06      0x69a C:\Users\kinzl\STM32Cube\Repository\STM32Cube_FW_F1_V1.8.6\Drivers\CMSIS\Lib\GCC\libarm_cortexM3l_math.a(arm_cfft_f32.o)
 .debug_info    0x0000f4a0      0x184 C:\Users\kinzl\STM32Cube\Repository\STM32Cube_FW_F1_V1.8.6\Drivers\CMSIS\Lib\GCC\libarm_cortexM3l_math.a(arm_cos_f32.o)
 .debug_info    0x0000f624      0x9b1 C:\Users\kinzl\STM32Cube\Repository\STM32Cube_FW_F1_V1.8.6\Drivers\CMSIS\Lib\GCC\libarm_cortexM3l_math.a(arm_common_tables.o)
 .debug_info    0x0000ffd5       0x98 C:\Users\kinzl\STM32Cube\Repository\STM32Cube_FW_F1_V1.8.6\Drivers\CMSIS\Lib\GCC\libarm_cortexM3l_math.a(arm_bitreversal2.o)
 .debug_info    0x0001006d      0x435 C:\Users\kinzl\STM32Cube\Repository\STM32Cube_FW_F1_V1.8.6\Drivers\CMSIS\Lib\GCC\libarm_cortexM3l_math.a(arm_cfft_radix8_f32.o)

.debug_abbrev   0x00000000     0x2f2f
 .debug_abbrev  0x00000000      0x25d ./Core/Src/lcdtp_v1.o
 .debug_abbrev  0x0000025d      0x3c1 ./Core/Src/main.o
 .debug_abbrev  0x0000061e      0x285 ./Core/Src/stm32f1xx_hal_msp.o
 .debug_abbrev  0x000008a3      0x1c3 ./Core/Src/stm32f1xx_it.o
 .debug_abbrev  0x00000a66       0xbc ./Core/Src/sysmem.o
 .debug_abbrev  0x00000b22      0x13f ./Core/Src/system_stm32f1xx.o
 .debug_abbrev  0x00000c61      0x27d ./Core/Src/xpt2046.o
 .debug_abbrev  0x00000ede       0x24 ./Core/Startup/startup_stm32f103vetx.o
 .debug_abbrev  0x00000f02      0x201 ./Drivers/STM32F1xx_HAL_Driver/Src/stm32f1xx_hal.o
 .debug_abbrev  0x00001103      0x225 ./Drivers/STM32F1xx_HAL_Driver/Src/stm32f1xx_hal_adc.o
 .debug_abbrev  0x00001328      0x249 ./Drivers/STM32F1xx_HAL_Driver/Src/stm32f1xx_hal_adc_ex.o
 .debug_abbrev  0x00001571      0x2f8 ./Drivers/STM32F1xx_HAL_Driver/Src/stm32f1xx_hal_cortex.o
 .debug_abbrev  0x00001869      0x20b ./Drivers/STM32F1xx_HAL_Driver/Src/stm32f1xx_hal_dma.o
 .debug_abbrev  0x00001a74      0x1ca ./Drivers/STM32F1xx_HAL_Driver/Src/stm32f1xx_hal_gpio.o
 .debug_abbrev  0x00001c3e      0x2b3 ./Drivers/STM32F1xx_HAL_Driver/Src/stm32f1xx_hal_rcc.o
 .debug_abbrev  0x00001ef1      0x188 ./Drivers/STM32F1xx_HAL_Driver/Src/stm32f1xx_hal_rcc_ex.o
 .debug_abbrev  0x00002079      0x1f4 ./Drivers/STM32F1xx_HAL_Driver/Src/stm32f1xx_hal_sram.o
 .debug_abbrev  0x0000226d      0x277 ./Drivers/STM32F1xx_HAL_Driver/Src/stm32f1xx_hal_tim.o
 .debug_abbrev  0x000024e4      0x282 ./Drivers/STM32F1xx_HAL_Driver/Src/stm32f1xx_hal_tim_ex.o
 .debug_abbrev  0x00002766      0x1ab ./Drivers/STM32F1xx_HAL_Driver/Src/stm32f1xx_ll_fsmc.o
 .debug_abbrev  0x00002911      0x108 C:\Users\kinzl\STM32Cube\Repository\STM32Cube_FW_F1_V1.8.6\Drivers\CMSIS\Lib\GCC\libarm_cortexM3l_math.a(arm_rfft_fast_init_f32.o)
 .debug_abbrev  0x00002a19      0x180 C:\Users\kinzl\STM32Cube\Repository\STM32Cube_FW_F1_V1.8.6\Drivers\CMSIS\Lib\GCC\libarm_cortexM3l_math.a(arm_rfft_fast_f32.o)
 .debug_abbrev  0x00002b99      0x183 C:\Users\kinzl\STM32Cube\Repository\STM32Cube_FW_F1_V1.8.6\Drivers\CMSIS\Lib\GCC\libarm_cortexM3l_math.a(arm_cfft_f32.o)
 .debug_abbrev  0x00002d1c       0xd3 C:\Users\kinzl\STM32Cube\Repository\STM32Cube_FW_F1_V1.8.6\Drivers\CMSIS\Lib\GCC\libarm_cortexM3l_math.a(arm_cos_f32.o)
 .debug_abbrev  0x00002def       0x84 C:\Users\kinzl\STM32Cube\Repository\STM32Cube_FW_F1_V1.8.6\Drivers\CMSIS\Lib\GCC\libarm_cortexM3l_math.a(arm_common_tables.o)
 .debug_abbrev  0x00002e73       0x14 C:\Users\kinzl\STM32Cube\Repository\STM32Cube_FW_F1_V1.8.6\Drivers\CMSIS\Lib\GCC\libarm_cortexM3l_math.a(arm_bitreversal2.o)
 .debug_abbrev  0x00002e87       0xa8 C:\Users\kinzl\STM32Cube\Repository\STM32Cube_FW_F1_V1.8.6\Drivers\CMSIS\Lib\GCC\libarm_cortexM3l_math.a(arm_cfft_radix8_f32.o)

.debug_aranges  0x00000000      0xfa0
 .debug_aranges
                0x00000000       0xc8 ./Core/Src/lcdtp_v1.o
 .debug_aranges
                0x000000c8       0xa8 ./Core/Src/main.o
 .debug_aranges
                0x00000170       0x60 ./Core/Src/stm32f1xx_hal_msp.o
 .debug_aranges
                0x000001d0       0x80 ./Core/Src/stm32f1xx_it.o
 .debug_aranges
                0x00000250       0x20 ./Core/Src/sysmem.o
 .debug_aranges
                0x00000270       0x28 ./Core/Src/system_stm32f1xx.o
 .debug_aranges
                0x00000298       0x68 ./Core/Src/xpt2046.o
 .debug_aranges
                0x00000300       0x28 ./Core/Startup/startup_stm32f103vetx.o
 .debug_aranges
                0x00000328       0xe0 ./Drivers/STM32F1xx_HAL_Driver/Src/stm32f1xx_hal.o
 .debug_aranges
                0x00000408       0xf0 ./Drivers/STM32F1xx_HAL_Driver/Src/stm32f1xx_hal_adc.o
 .debug_aranges
                0x000004f8       0x80 ./Drivers/STM32F1xx_HAL_Driver/Src/stm32f1xx_hal_adc_ex.o
 .debug_aranges
                0x00000578      0x100 ./Drivers/STM32F1xx_HAL_Driver/Src/stm32f1xx_hal_cortex.o
 .debug_aranges
                0x00000678       0x80 ./Drivers/STM32F1xx_HAL_Driver/Src/stm32f1xx_hal_dma.o
 .debug_aranges
                0x000006f8       0x58 ./Drivers/STM32F1xx_HAL_Driver/Src/stm32f1xx_hal_gpio.o
 .debug_aranges
                0x00000750       0x90 ./Drivers/STM32F1xx_HAL_Driver/Src/stm32f1xx_hal_rcc.o
 .debug_aranges
                0x000007e0       0x30 ./Drivers/STM32F1xx_HAL_Driver/Src/stm32f1xx_hal_rcc_ex.o
 .debug_aranges
                0x00000810       0xb8 ./Drivers/STM32F1xx_HAL_Driver/Src/stm32f1xx_hal_sram.o
 .debug_aranges
                0x000008c8      0x3d0 ./Drivers/STM32F1xx_HAL_Driver/Src/stm32f1xx_hal_tim.o
 .debug_aranges
                0x00000c98      0x168 ./Drivers/STM32F1xx_HAL_Driver/Src/stm32f1xx_hal_tim_ex.o
 .debug_aranges
                0x00000e00       0xa8 ./Drivers/STM32F1xx_HAL_Driver/Src/stm32f1xx_ll_fsmc.o
 .debug_aranges
                0x00000ea8       0x20 C:\Users\kinzl\STM32Cube\Repository\STM32Cube_FW_F1_V1.8.6\Drivers\CMSIS\Lib\GCC\libarm_cortexM3l_math.a(arm_rfft_fast_init_f32.o)
 .debug_aranges
                0x00000ec8       0x30 C:\Users\kinzl\STM32Cube\Repository\STM32Cube_FW_F1_V1.8.6\Drivers\CMSIS\Lib\GCC\libarm_cortexM3l_math.a(arm_rfft_fast_f32.o)
 .debug_aranges