../Core/Src/lcd.c:12:6:Delay	16	static
../Core/Src/lcd.c:14:6:LCD_INIT	16	static
../Core/Src/lcd.c:24:6:LCD_Rst	8	static
../Core/Src/lcd.c:33:6:LCD_BackLed_Control	16	static
../Core/Src/lcd.c:44:6:LCD_Write_Cmd	16	static
../Core/Src/lcd.c:52:6:LCD_Write_Data	16	static
../Core/Src/lcd.c:60:10:LCD_Read_Data	4	static
../Core/Src/lcd.c:66:6:LCD_REG_Config	8	static
../Core/Src/lcd.c:230:6:LCD_OpenWindow	24	static
../Core/Src/lcd.c:247:6:LCD_FillColor	24	static
../Core/Src/lcd.c:262:6:LCD_Clear	24	static
../Core/Src/lcd.c:271:10:LCD_Read_PixelData	16	static
../Core/Src/lcd.c:291:10:LCD_GetPointPixel	24	static
../Core/Src/lcd.c:305:6:LCD_DrawLine	64	static
../Core/Src/lcd.c:377:6:LCD_DrawChar	24	static
../Core/Src/lcd.c:411:6:LCD_DrawString	16	static
../Core/Src/lcd.c:439:6:LCD_DrawDot	16	static
../Core/Src/lcd.c:451:6:LCD_DrawEllipse	56	static
../Core/Src/lcd.c:486:6:LCD_WriteWord	24	static
