../Core/Src/stm32f1xx_hal_msp.c:64:6:HAL_MspInit	24	static
../Core/Src/stm32f1xx_hal_msp.c:91:6:HAL_ADC_MspInit	40	static
../Core/Src/stm32f1xx_hal_msp.c:141:6:HAL_ADC_MspDeInit	16	static
../Core/Src/stm32f1xx_hal_msp.c:171:6:HAL_TIM_Base_MspInit	48	static
../Core/Src/stm32f1xx_hal_msp.c:218:6:HAL_TIM_Base_MspDeInit	16	static
../Core/Src/stm32f1xx_hal_msp.c:256:13:HAL_FSMC_MspInit	32	static
../Core/Src/stm32f1xx_hal_msp.c:310:6:HAL_SRAM_MspInit	16	static
../Core/Src/stm32f1xx_hal_msp.c:322:13:HAL_FSMC_MspDeInit	8	static
../Core/Src/stm32f1xx_hal_msp.c:368:6:HAL_SRAM_MspDeInit	16	static
