../Core/Src/stm32f1xx_hal_msp.c:64:6:HAL_MspInit	24	static
../Core/Src/stm32f1xx_hal_msp.c:91:6:HAL_ADC_MspInit	40	static
../Core/Src/stm32f1xx_hal_msp.c:141:6:HAL_ADC_MspDeInit	16	static
../Core/Src/stm32f1xx_hal_msp.c:171:6:HAL_TIM_Base_MspInit	24	static
../Core/Src/stm32f1xx_hal_msp.c:197:6:HAL_TIM_Base_MspDeInit	16	static
../Core/Src/stm32f1xx_hal_msp.c:218:13:HAL_FSMC_MspInit	32	static
../Core/Src/stm32f1xx_hal_msp.c:272:6:HAL_SRAM_MspInit	16	static
../Core/Src/stm32f1xx_hal_msp.c:284:13:HAL_FSMC_MspDeInit	8	static
../Core/Src/stm32f1xx_hal_msp.c:330:6:HAL_SRAM_MspDeInit	16	static
